
2000 ------------
Rafael - 230
Karly - 697
Reyna - 587
Austin - 23
Ray - 516
Sienna - 619
Kira - 292
Sydni - 559
Mya - 175
Kirk - 848
Tyson - 335
Michael - 2
Charlie - 452
Triston - 443
Jaelyn - 616
Bryan - 70
Kaleigh - 414
Corinne - 546
Junior - 674
Cynthia - 164
Alden - 854
Cristobal - 810
Daniel - 9
Shayla - 313
Kevin - 32
Aden - 889
Efrain - 552
Justus - 693
Elmer - 864
Alexus - 251
Daisha - 933
Morgan - 332
Kade - 418
Tamia - 424
Jacoby - 824
Elliott - 537
Holly - 189
Lyric - 799
Jordan - 50
Kelton - 857
Ella - 265
Francesca - 405
Shayna - 582
Paula - 572
Ahmad - 454
Shayne - 724
Joan - 913
Gaven - 845
Keaton - 353
Celeste - 274
Kamryn - 336
Orlando - 401
Karli - 635
Mackenzie - 697
Jerome - 495
Anaya - 900
Karla - 203
Cooper - 240
Kaci - 952
Jeffery - 333
Eli - 236
Maribel - 648
Lexus - 671
Edith - 564
Rey - 981
Nikhil - 866
Jazmyn - 665
Abagail - 953
Sierra - 53
Austen - 704
Samuel - 28
Bryanna - 331
Pamela - 456
Jaeden - 948
Korbin - 961
Denise - 328
Mariah - 76
Rodney - 343
Mariam - 683
Benny - 836
Keely - 608
Marian - 735
Dean - 378
Keith - 222
Luis - 49
Shelby - 70
Unique - 890
Myles - 290
Savanna - 210
Nickolas - 281
Darlene - 825
Michaela - 153
Teresa - 343
Brooklyn - 177
Ivy - 352
Derick - 615
Keira - 949
Aileen - 526
Madilyn - 641
Bronson - 871
Leanna - 615
Alexys - 842
Guillermo - 392
Jimmie - 950
Riley - 131
Diana - 106
Leonardo - 253
Gary - 275
Rahul - 818
Dasia - 827
Kent - 772
Luke - 59
Alfonso - 489
Brandon - 12
Braydon - 558
Maegan - 774
Sergio - 179
Joel - 112
Vernon - 843
Gavin - 85
Joey - 488
Keon - 644
Lourdes - 962
Piper - 509
Diane - 713
Jacob - 1
Raul - 223
Jasmin - 193
Yasmine - 418
John - 14
Arely - 906
Jillian - 120
Emmett - 739
Caden - 239
Kylan - 990
Howard - 664
Yasmeen - 977
Dandre - 565
Brayden - 199
Shirley - 851
Keshawn - 554
Johanna - 469
Celia - 620
Jalen - 106
Nelson - 417
Montana - 593
Shyann - 765
Ulysses - 776
Kaia - 903
Marina - 350
Lizette - 707
Elizabeth - 10
Theodore - 312
Aja - 940
Selena - 194
Barrett - 982
Virginia - 366
Branden - 337
Kamron - 677
Zaria - 479
Cullen - 569
Zion - 300
Kristy - 834
Alexzander - 966
Kevon - 393
Kale - 987
Itzel - 594
Micaela - 611
Clarence - 616
Kali - 427
Mireya - 895
Richard - 65
Giovanny - 829
Keshaun - 925
Annie - 306
Theresa - 416
Denver - 894
Emanuel - 329
Rachelle - 805
Dion - 710
Mckenzie - 133
Giovanni - 201
Cierra - 230
Krista - 408
Tatyana - 397
Giovanna - 810
Keegan - 283
Elsa - 910
Blaze - 877
Garrett - 74
Ali - 925
Dylon - 752
Trinity - 74
Angelo - 303
Eden - 522
Angela - 79
Isaiah - 47
Kane - 594
Kyler - 306
Jacklyn - 807
Allie - 392
Elyse - 817
Cecelia - 778
Charles - 51
Alessandra - 672
Jayce - 604
Layla - 407
Rasheed - 942
Ashly - 945
Amy - 107
Adeline - 806
Cayla - 596
Isaias - 566
Ayana - 696
Courtney - 859
Nadia - 256
Eva - 294
Makayla - 67
Ana - 136
Craig - 339
Eve - 538
Alessandro - 936
Deja - 335
Roy - 402
Jayda - 438
Drew - 804
Ann - 493
Coby - 529
Justyn - 856
Dontae - 985
Cyrus - 541
Weston - 398
Hailey - 35
Kurtis - 721
Jorden - 781
Glenn - 590
Kenzie - 687
Christopher - 5
Dominic - 118
Ricardo - 134
Paloma - 896
Elisabeth - 390
Kylee - 197
Nia - 307
Dominik - 832
Noah - 27
Kimberly - 58
Jan - 835
Hailee - 384
Cody - 60
Johnathan - 157
Jay - 328
Aniya - 578
Kara - 192
Selina - 812
Donavan - 734
Blanca - 644
Marissa - 78
Savanah - 590
Emmalee - 929
Aniyah - 724
Kari - 784
Uriel - 478
Maximilian - 391
Francisco - 139
Liliana - 300
Karl - 564
Dalton - 91
Luciano - 879
Sabrina - 92
Austyn - 789
Kenia - 992
Colten - 531
Bonnie - 922
Devyn - 699
Briana - 83
Allen - 251
Brendon - 348
Matteo - 896
Demarcus - 622
Sean - 57
Ari - 788
Enrique - 221
Savana - 730
Bethany - 151
Dejah - 927
Sydney - 23
Jarrod - 534
Raven - 898
Kinsey - 876
Haley - 28
Jayde - 985
Kate - 225
Abbigail - 551
Sydnee - 540
Asher - 579
Nicolas - 137
Ashton - 353
Dante - 247
Asa - 657
Misael - 689
Jose - 34
Katy - 961
Angelique - 466
Josh - 821
Dallas - 901
Valentina - 714
Rashawn - 842
Andrea - 55
Deon - 608
Norman - 671
Kylie - 104
Seamus - 827
Lawrence - 323
Layne - 778
Paulina - 477
Amir - 414
Noel - 407
Raegan - 621
Issac - 457
Anahi - 365
Stephan - 718
Tobias - 589
Zechariah - 670
Hailie - 771
Javion - 949
Duncan - 448
Keanu - 771
Marianna - 795
Arthur - 316
Ashlee - 314
Marisa - 303
Adolfo - 546
Everett - 585
Colleen - 455
Xavier - 102
Fabiola - 951
Carissa - 411
Fiona - 460
Marcelo - 849
Tanner - 93
Armando - 237
Micheal - 302
Andres - 165
Heaven - 340
Daryl - 738
Andrew - 7
Noe - 490
Chyna - 527
Diego - 147
Allan - 484
Darien - 556
Kellie - 647
Liam - 140
Ava - 180
Felicity - 445
Kenny - 431
Harrison - 184
Barry - 678
Jayla - 261
Kenna - 993
Jazmin - 226
Brandan - 858
Stefan - 571
Sincere - 846
Skyler - 250
Keara - 857
Dennis - 252
Rhiannon - 454
Jalon - 956
Geoffrey - 651
Sydnie - 681
Myah - 831
Caleigh - 880
Kaya - 757
Abbie - 591
Halie - 561
Ramon - 319
Marvin - 341
Vicente - 559
Jordon - 467
Anita - 736
Skyla - 666
Dale - 536
Cristian - 160
Zakary - 732
Stephen - 95
Lonnie - 825
Amber - 46
Blake - 80
Halle - 442
Christy - 667
Danny - 287
Zane - 246
Christa - 783
Yamilet - 841
Caleb - 38
Jaden - 385
Ariel - 550
Omari - 924
Helena - 662
Gerardo - 209
Kellen - 668
Savannah - 37
Carolyn - 308
Cole - 71
Tevin - 800
Annabelle - 463
Dana - 311
Dylan - 24
Mason - 64
Jordyn - 186
Dane - 424
Colt - 814
Rosemary - 634
Carrie - 503
Rhett - 675
Athena - 528
Nathalie - 571
Noemi - 602
Skylar - 356
Adrien - 937
Kiera - 444
Regina - 531
Lorena - 517
Ezekiel - 358
Colton - 110
Darian - 869
Carlton - 749
Jessie - 447
Nathanial - 584
Jarred - 472
Ebony - 552
Alicia - 121
Blair - 972
Abbey - 425
Devon - 658
Bobby - 363
Chloe - 38
Kasey - 760
Chelsey - 475
Stephon - 726
Kaylynn - 749
Dillon - 169
Quinn - 769
Giovani - 999
Jalyn - 688
Dimitri - 733
Gloria - 358
Ellis - 786
Prince - 887
Stefanie - 887
Francesco - 995
Litzy - 396
Jarvis - 765
Chelsea - 140
Solomon - 463
Antoine - 591
Jeanette - 787
Brenna - 310
Cora - 482
Raina - 963
Ellie - 360
Tariq - 648
Joe - 315
Mattie - 781
Javier - 155
Janessa - 686
Leah - 96
Esther - 330
Jon - 354
Melinda - 698
August - 613
Arnold - 763
Joy - 458
Marquise - 588
Gunner - 715
Thaddeus - 762
Derek - 121
Dominique - 524
Alayna - 426
Tyra - 448
Abigale - 954
Sam - 462
Cristal - 535
Paige - 69
Kiana - 276
Callie - 321
Adrian - 997
Kiersten - 443
Brook - 813
Michele - 891
Lily - 124
Kathryn - 89
Victor - 97
Rowan - 969
Anika - 625
Maverick - 865
Sylvia - 505
Conrad - 709
Nya - 786
Jovan - 682
Estevan - 745
Will - 510
Oscar - 122
Gordon - 641
Rosalinda - 701
Sage - 543
Lukas - 367
Patrick - 68
Brenden - 243
Laura - 85
Cory - 227
Nora - 501
Lamar - 639
Lila - 751
Marisol - 394
Coleman - 544
Trenton - 178
Pedro - 210
Helen - 345
Abigayle - 715
Katherine - 33
Caitlin - 75
Keyon - 757
Claire - 86
Rickey - 888
Terrell - 409
Dawn - 913
Simon - 263
Darrin - 862
Treyvon - 991
Zachery - 277
Talia - 378
Ignacio - 642
Alexandrea - 733
Yesenia - 248
Angel - 119
Parker - 867
Hector - 185
Chantel - 885
Vaughn - 916
Chase - 77
Brian - 43
Gunnar - 574
Alvin - 469
Tomas - 476
Sheldon - 623
Alfred - 577
Gillian - 324
Seth - 63
Deshaun - 820
Brenda - 172
Carina - 566
Infant - 770
Amya - 568
Emiliano - 637
Cristina - 338
Izaiah - 659
Julianna - 249
Eleanor - 374
Kelsi - 754
Shaina - 793
Julianne - 515
Conner - 191
Nichole - 494
Jewel - 607
Martina - 920
Kaylin - 449
Cristopher - 606
Nolan - 180
Jefferson - 716
Ben - 561
Kristine - 739
Arielle - 544
Kaylie - 381
Kristina - 218
Duane - 863
Tyshawn - 885
Isabelle - 144
Alina - 465
Davion - 475
Isabella - 45
Viviana - 391
Emma - 17
Heath - 851
Deshawn - 487
Nestor - 727
Deondre - 785
Jacqueline - 63
Lisa - 296
Melina - 543
Kenneth - 94
Tatum - 419
Darren - 297
Owen - 145
Bennett - 441
Jason - 39
Alexandria - 91
Evan - 55
Shawn - 135
Ladarius - 921
Brooks - 705
Taylor - 136
Johnny - 234
Darius - 220
Breana - 542
Leonel - 523
Hana - 638
Brooke - 51
Brennon - 980
Greta - 756
Donavon - 963
Tucker - 288
Phoebe - 440
Melvin - 459
Wade - 474
Malcolm - 368
Annette - 744
Sofia - 161
Joselyn - 650
Terrance - 403
Eliza - 380
Jaycee - 852
Kenyon - 773
Lisette - 859
Nathaniel - 61
Henry - 126
Myra - 935
Kelsie - 439
Grant - 123
Kaylee - 72
Kobe - 238
Dariana - 836
Zachary - 15
Shaun - 355
Aleah - 603
Sandy - 649
Lillian - 129
Mariela - 745
Dominick - 271
Kayley - 645
Korey - 822
Koby - 533
Mitchel - 751
Jaquan - 445
Katerina - 917
Isiah - 342
Aiden - 324
Juanita - 837
Sky - 1000
Araceli - 598
Haleigh - 372
Joanna - 238
Joanne - 943
Dexter - 756
Leon - 503
Lincoln - 711
Aracely - 914
Mohamed - 473
Conor - 365
Clint - 917
Mathew - 250
Lena - 557
Shaniya - 924
Gretchen - 742
Freddie - 932
Sheridan - 845
Santiago - 360
Aric - 978
Aria - 957
Gabriela - 117
Sara - 57
Kody - 349
Chaim - 867
Dayana - 881
Rory - 630
Shemar - 672
Edwin - 196
Kelsey - 88
Rose - 299
Antonio - 82
Rosa - 316
Leilani - 523
Elena - 234
Delilah - 673
Dallin - 744
Marques - 914
Bruno - 967
Talon - 701
Kasandra - 768
Marquez - 787
Trent - 232
Lesly - 389
Ross - 433
Blaise - 943
Ivana - 864
Harold - 535
Ashleigh - 337
Roman - 321
Cydney - 946
Reuben - 805
Peter - 125
Kaylah - 785
Rashad - 646
Kaylan - 988
Essence - 580
Jakayla - 930
Aidan - 114
Collin - 129
Patience - 897
Chris - 395
Monserrat - 860
Albert - 284
Lilliana - 934
Heather - 126
Saul - 286
Alice - 421
Nicholas - 6
Walker - 428
Elise - 253
Elisa - 519
Kai - 404
Gianni - 729
Andy - 211
Antonia - 613
Gianna - 240
Adrianna - 215
Madalyn - 383
Dustin - 148
Philip - 255
Demetrius - 382
Marquis - 422
Payton - 219
Kole - 687
Ezra - 435
Jamarcus - 977
Darion - 655
Tracy - 709
Anderson - 779
Destini - 569
Aron - 597
Trace - 547
Teagan - 838
Camille - 269
Yolanda - 777
Blaine - 455
Desirae - 612
Baylee - 339
Destiny - 24
Kamren - 973
Brielle - 702
Ralph - 586
Noelia - 782
Elvis - 593
Deangelo - 649
Serenity - 433
Ivan - 153
Giselle - 212
Kaila - 462
Levi - 172
Lane - 296
Mariano - 920
Lilian - 706
Tamara - 417
Ibrahim - 692
Russell - 320
Mariana - 332
Bernard - 654
Iliana - 820
Georgia - 334
Miranda - 112
Marco - 182
Abraham - 213
Guadalupe - 703
Eduardo - 124
Carmen - 271
Tristan - 105
Humberto - 575
Luisa - 976
Lizeth - 677
Monique - 342
Lionel - 997
Dorothy - 747
Kaylyn - 588
Mitchell - 132
Daphne - 632
Alison - 231
Brynn - 614
Tatianna - 854
Precious - 437
Jaleel - 1000
Nicolette - 589
Lexi - 441
Daniela - 156
Barbara - 521
Brennen - 548
Lloyd - 922
Desiree - 181
Antony - 784
Wesley - 171
Jailyn - 984
Charlotte - 289
Isaac - 53
Eric - 42
Jakob - 173
Jesse - 811
Connor - 50
Elliot - 468
Tommy - 307
Erik - 143
Mario - 167
Trisha - 908
Chasity - 492
Erin - 60
Zaire - 798
Jackie - 808
Maiya - 994
Kori - 973
Lara - 848
Clay - 397
Kolton - 612
Noelle - 403
Jeremiah - 103
Ryann - 840
William - 11
Amanda - 32
Beatrice - 971
Marie - 373
Stacy - 597
Santos - 748
Lindsey - 103
Lauryn - 224
Cheyanne - 370
Maria - 41
Brycen - 790
Katarina - 646
Kennedi - 788
Timothy - 58
Brennan - 276
Tristen - 327
Claudia - 200
Lamont - 775
Karlie - 670
Alissa - 279
Kennedy - 952
Aubree - 755
Aubrey - 844
Nathanael - 408
Phoenix - 875
Alexia - 165
Anne - 298
Shamar - 549
Salvatore - 582
Anna - 22
Kayden - 782
Gisselle - 367
Willie - 410
Zoey - 409
Alexis - 144
Kristian - 421
Darryl - 551
Brandy - 399
Kory - 737
Tyrone - 411
Romeo - 607
Rolando - 518
Bruce - 432
Tabitha - 319
Cassidy - 105
Keagan - 730
Brandi - 388
Juan - 48
Elaine - 577
Isaak - 996
Lacey - 371
Elaina - 504
Lexie - 554
Citlalli - 809
Raymundo - 813
Jude - 679
Melissa - 71
Natasha - 280
Jaiden - 738
Jasmyn - 870
Zoie - 728
Katelynn - 229
Cecilia - 283
Mandy - 995
Camryn - 183
Kaela - 872
Karen - 154
Kassidy - 312
Destiney - 563
Moses - 461
Steven - 54
Tina - 574
Cheyenne - 99
Destinee - 326
Annika - 446
Nikki - 585
Willow - 760
Lindsay - 179
Avery - 245
Cortney - 824
Aryanna - 898
Shakira - 844
Tristin - 521
Pierre - 926
Jolie - 821
Chad - 235
Hassan - 685
Joyce - 669
Mckenna - 188
Jesus - 76
Johan - 903
Karlee - 610
Kaitlynn - 368
Madelyn - 125
Chaz - 700
Alisha - 401
Kendra - 187
Karley - 830
Ethan - 25
Melisa - 999
Terrence - 486
Leticia - 558
Reilly - 826
Chance - 212
Cornelius - 791
Simeon - 909
Steve - 394
Tatiana - 252
Nyah - 789
Dillion - 989
Catalina - 763
Corey - 149
Peyton - 183
Jayson - 370
Shannon - 723
Titus - 633
Rayna - 996
Octavio - 683
Angelica - 138
Alysa - 766
Gia - 948
Lizbeth - 363
Chanel - 819
Nataly - 700
Ansley - 761
Keven - 809
Eugene - 504
Louis - 279
Danielle - 48
Sasha - 476
Bradley - 131
Elyssa - 877
Beau - 465
Maeve - 775
Elias - 242
Hayley - 148
Daniella - 364
Elian - 427
Kavon - 939
Brandyn - 971
Nikolas - 357
Madyson - 472
Earl - 712
Emerald - 966
Gaige - 883
Justin - 19
Jeffrey - 104
Moshe - 660
Haylee - 259
Walter - 308
Jaxon - 477
Jacey - 721
Giancarlo - 815
Ahmed - 491
Destany - 947
Anjali - 932
Ricky - 295
Nigel - 576
Anissa - 753
Ruben - 207
Roland - 690
Trey - 215
Isidro - 947
Griffin - 231
Bryce - 92
Jovany - 986
Cordell - 640
Anya - 586
Vincenzo - 992
Iris - 412
Jovani - 873
Janae - 470
Camron - 412
Estefania - 928
Mikayla - 108
Kassandra - 284
Trevon - 362
Violet - 741
Lauren - 11
Laurel - 565
Julius - 483
Emerson - 911
Malik - 176
Mike - 599
Malia - 498
Andreas - 954
Braxton - 336
Trevor - 75
Jackeline - 729
Jameson - 736
Raheem - 919
Fidel - 882
Abby - 205
Paul - 100
Bella - 748
Glen - 769
Nicole - 31
Heidi - 351
Garret - 420
Javon - 371
Alanna - 496
Khalid - 783
Haylie - 639
Khalil - 405
Tia - 406
Kailyn - 592
Bo - 975
Fernanda - 567
Gerard - 823
Fernando - 150
Xzavier - 872
Eryn - 855
Izabella - 798
Josef - 812
Jackson - 72
Marilyn - 510
Cameron - 201
Miguel - 86
Brad - 631
Brittney - 147
Perry - 684
Tess - 549
Kaleb - 141
Ernest - 512
Madelynn - 541
Brant - 984
Kaley - 520
Janet - 413
Bianca - 170
Benjamin - 26
Abdullah - 870
Abel - 352
Branson - 979
Hamza - 794
Angelina - 157
Gregory - 138
Edward - 108
Asha - 884
Moriah - 674
Larry - 280
Xander - 927
Jaclyn - 452
Antoinette - 970
Ingrid - 856
Cindy - 262
Alivia - 562
Rhianna - 982
Micah - 642
Breonna - 975
Brett - 163
Holden - 453
Baby - 847
Kianna - 628
Ciera - 550
Myron - 923
Ryan - 579
Casey - 208
Asia - 220
Aylin - 725
Maurice - 345
Ryder - 795
Kendall - 359
Alondra - 182
Kaiden - 840
Juliana - 241
Madisen - 652
Carlos - 66
Bret - 658
Zackery - 369
Belen - 937
Makenna - 277
Josie - 327
Macy - 232
Julio - 256
Alonzo - 517
Pierce - 498
George - 130
Kelvin - 389
Sammy - 761
Emely - 464
Gwendolyn - 732
Johnnie - 951
Jayden - 495
Berenice - 818
Samara - 889
Tessa - 266
Pablo - 298
Rocky - 908
Forrest - 696
Guy - 811
Spencer - 98
Clayton - 151
Troy - 225
Natalie - 34
Kaitlyn - 30
Natalia - 219
Leslie - 90
Jamison - 629
Dianna - 846
Gideon - 891
Maci - 764
Justice - 547
Katelin - 618
Preston - 142
Katlynn - 987
Corbin - 292
Brittany - 61
Yasmin - 423
Candace - 601
Jarod - 416
Camren - 860
Rodolfo - 423
Garett - 766
Jaron - 583
Tara - 239
Caitlynn - 822
Maggie - 198
Jimmy - 272
Saige - 939
Alfredo - 301
Harley - 446
Kiarra - 839
Julia - 29
Trever - 806
Julie - 190
Lorenzo - 314
Alycia - 926
Nehemiah - 698
Deonte - 605
Hope - 146
Paxton - 941
Laisha - 980
Graham - 406
Cielo - 894
Tre - 627
Maxwell - 113
Presley - 790
Brady - 190
Braeden - 451
Dorian - 399
Brooklynn - 516
Cayden - 625
Bria - 661
Samir - 831
Tate - 437
Audrey - 115
Ulises - 555
Moises - 322
Emilie - 483
Brent - 318
Emilia - 624
Elijah - 52
April - 214
Delia - 959
Monica - 167
Carlie - 500
Travon - 669
Rachael - 227
Emilio - 347
Madison - 3
Margarita - 654
Finn - 833
Dayna - 965
Rebecca - 39
Rigoberto - 680
Ezequiel - 596
Brisa - 481
Simone - 583
Jevon - 635
Ruby - 260
Kayleigh - 348
Jaylon - 430
Dayne - 994
Hayden - 685
Dwayne - 539
Demarco - 972
Maia - 548
Lea - 663
Faith - 66
Kieran - 528
Lee - 471
Felicia - 484
Kristin - 301
Eliana - 536
Kaelyn - 651
Valerie - 166
Bryson - 269
Leann - 981
Leo - 390
Easton - 581
Valeria - 222
Yadira - 791
Rocio - 776
Leroy - 722
Ariana - 109
Drake - 261
Houston - 777
Franklin - 449
Yvonne - 829
Esperanza - 529
Trevion - 910
Zackary - 249
Irvin - 662
Judah - 816
Ericka - 636
Carley - 410
Landon - 200
Marlene - 513
Emily - 1
Aurora - 488
Lillie - 759
Osvaldo - 540
Remington - 792
Rudy - 557
Byron - 438
Hunter - 402
Evelyn - 150
Gilberto - 480
Anton - 699
Emilee - 333
Alexa - 87
Jazmine - 237
Calista - 626
Devonte - 500
Logan - 318
Kayla - 13
Joseph - 8
Melody - 398
Carlee - 629
Charity - 459
Adrienne - 530
Edgar - 177
Adriana - 127
Sharon - 420
Aaron - 41
Katharine - 668
Nasir - 560
Camila - 659
Sarai - 560
Sarah - 5
Jenifer - 710
Josephine - 288
Graciela - 814
Mayra - 478
Sophie - 160
Kirsten - 255
Darrion - 868
Lia - 762
Joaquin - 563
Stella - 656
Martin - 175
Alana - 254
Olivia - 16
Taya - 905
Shania - 291
Bradly - 931
Kristen - 142
Hillary - 878
Sonny - 869
Caitlyn - 118
Zachariah - 374
Sophia - 42
Scott - 158
Jennifer - 26
Patricia - 228
Curtis - 265
Sheila - 690
Deontae - 881
Antwan - 708
Maranda - 866
Lesley - 429
Brionna - 915
Madisyn - 453
Kaden - 273
Jaylin - 871
Erica - 102
Ismael - 340
Martha - 375
Harry - 513
Erick - 189
Ty - 259
Keenan - 532
Fred - 960
Adonis - 755
Miles - 257
Iyana - 990
Markus - 624
Jerry - 264
Marcel - 750
Ernesto - 346
Randall - 442
Crystal - 132
Aliya - 718
Marc - 228
Darrell - 470
Sterling - 568
Clara - 354
Nyasia - 931
Mara - 606
Mark - 79
Irene - 468
Clare - 537
Hanna - 171
Linda - 357
Kayli - 758
Sonia - 506
Isai - 938
Warren - 440
Yessenia - 978
Stanley - 505
Clark - 764
Reanna - 862
Mary - 47
Vincent - 120
Madeleine - 278
Aliza - 944
Oliver - 305
Paola - 320
Kirstin - 967
Mollie - 581
Jean - 628
Alize - 796
Jeremy - 84
Fabian - 285
Josue - 248
Annamarie - 974
Daquan - 580
Sandra - 257
Michelle - 52
Allyssa - 803
Jaylen - 224
Kalyn - 858
Deanna - 304
Gerald - 383
Tyrek - 880
Francis - 436
Regan - 467
Tyree - 493
Annalise - 823
Dwight - 768
Cassie - 347
Kadin - 852
Roderick - 614
Axel - 364
Jenna - 64
Fatima - 242
Kaitlin - 158
Clifford - 753
Wendy - 317
Roxanne - 950
Draven - 735
Tiffany - 101
Dashawn - 602
Ayanna - 432
Jenny - 361
Jill - 986
Lori - 865
Sonya - 892
Aimee - 556
Raphael - 621
Casandra - 719
Armani - 752
Bridgette - 875
Darnell - 656
Carol - 726
Amelia - 207
Jonathan - 21
Rodrigo - 384
Maura - 750
Kathleen - 204
Chaya - 779
Keyshawn - 519
Alena - 722
Kelly - 803
Braden - 204
Dan - 945
Kristofer - 830
Anastasia - 309
Nayeli - 605
Liana - 808
Marcos - 241
Jeff - 929
Katrina - 236
Irving - 838
Kelli - 539
Shane - 116
Jaylan - 632
Grace - 19
Alisa - 609
Tristian - 731
Katlyn - 329
Rebekah - 173
Allyson - 243
Angie - 499
Erika - 123
Maximus - 853
Robert - 29
Maya - 113
Carly - 169
Kyla - 235
Meghan - 134
Larissa - 485
Nico - 841
Skye - 480
Kyle - 37
Autumn - 77
Nick - 767
Royce - 884
Marshall - 344
Derrick - 218
Rohan - 618
Kiley - 450
Declan - 545
Zander - 993
Nikita - 882
Hadley - 919
Shyanne - 532
Isabel - 93
Raymond - 162
Princess - 815
Genaro - 976
Karissa - 434
Lydia - 149
Bailee - 428
Vivian - 272
Brice - 572
Augustus - 955
Karson - 725
Gracie - 244
Isis - 555
Grady - 746
America - 712
Jace - 310
Gonzalo - 695
Porter - 804
Jack - 46
Jaqueline - 268
Bailey - 202
Naomi - 185
Anthony - 17
Kierra - 376
Aiyana - 800
Carlo - 901
Justine - 473
Tayler - 514
Carli - 740
Lawson - 959
Luz - 533
Carla - 404
Lewis - 573
Turner - 900
Genesis - 247
Ashlynn - 387
Sabastian - 934
Silvia - 853
Samantha - 7
Tyreek - 915
Janiya - 955
Carter - 152
Ellen - 451
Toby - 538
Terence - 797
Reina - 850
Phillip - 198
Kyra - 202
Bryant - 317
Jaxson - 839
Harmony - 720
Hudson - 587
Deion - 890
Ruth - 344
Quinton - 379
Wayne - 509
Bryana - 912
Devin - 525
Jada - 84
Jade - 116
Kiara - 130
Christine - 217
Quincy - 507
Jazlyn - 664
Aspen - 570
Gabrielle - 49
Damaris - 734
Alyson - 461
Gabriella - 98
Lilly - 431
Donnie - 946
Abigail - 14
Randy - 278
Neal - 892
Agustin - 578
Magdalena - 899
Kenya - 508
Jena - 989
Savion - 819
Ronald - 203
Lyndsey - 637
Randi - 861
Stephany - 727
Norma - 904
Israel - 244
Loren - 704
Todd - 426
Milton - 652
Christina - 73
Brendan - 101
Ronnie - 482
Latrell - 688
Janelle - 471
Dulce - 600
Manuel - 159
Stone - 719
Julissa - 369
Tania - 457
Maryam - 921
Kallie - 773
Eddie - 350
Amaya - 196
Chandler - 711
Frances - 575
Aisha - 691
Felipe - 425
Alyssa - 12
Makenzie - 199
Mallory - 213
Marcus - 99
Deven - 479
Darin - 780
Dario - 807
Alexander - 20
Nicklaus - 988
Jadon - 515
Landen - 714
Beatriz - 678
Jake - 96
Marley - 695
Shaylee - 832
Scarlett - 941
Reginald - 372
Nathen - 874
Dewayne - 861
Rick - 930
Jamal - 366
Genevieve - 507
Reece - 386
Marlen - 998
Jamar - 617
Diamond - 162
Nina - 221
Damien - 258
Muhammad - 620
Madeline - 56
Davon - 499
Devante - 759
Marlee - 968
Maxim - 962
Brody - 338
Ashtyn - 964
Jonathon - 226
Frankie - 728
Jorge - 107
Devan - 494
Kareem - 619
Leonard - 508
Juliette - 657
Neil - 496
Eileen - 627
Rebeca - 708
Don - 828
Darrius - 676
Victoria - 20
Donte - 522
Karina - 159
Arturo - 291
Aliyah - 287
Tyrell - 492
Deasia - 909
India - 395
Douglas - 274
Neha - 969
Mikaela - 379
Jett - 643
Daisy - 141
Brodie - 944
Gabriel - 780
Miriam - 281
Robin - 599
Malachi - 351
Dangelo - 530
Deandre - 293
Judith - 617
Amara - 801
Jordy - 802
Max - 164
Gilbert - 527
Amari - 681
Alysha - 911
Sawyer - 458
Margaret - 110
Felix - 376
River - 611
Wyatt - 111
Jamel - 799
Cade - 216
Darby - 868
Colin - 117
James - 18
Allison - 44
Jana - 938
Jane - 435
Salma - 675
Rylan - 567
Kurt - 610
Brock - 268
Sally - 705
Damian - 205
Ashley - 4
Dakota - 295
Bernardo - 897
Frank - 208
Mateo - 429
Jaquelin - 770
Tony - 282
Jadyn - 640
Syed - 754
Molly - 95
Freddy - 609
Alberto - 270
Salvador - 330
Tyler - 415
Davis - 381
Taryn - 447
Mekhi - 933
Aaliyah - 211
Christiana - 802
Cortez - 741
Arlene - 797
Alan - 161
Carolina - 267
Meagan - 355
Sidney - 595
Annabel - 942
Caroline - 65
Clinton - 634
Estrella - 693
Jaida - 692
Keeley - 991
Toni - 545
Davin - 747
Rogelio - 481
Herbert - 964
Breanna - 80
Laila - 643
David - 16
Cedric - 464
Breanne - 979
Marlon - 506
Brayan - 485
Desmond - 375
Fredrick - 720
Krystal - 346
Britney - 137
Javonte - 965
Donnell - 998
Quentin - 325
Dayton - 562
Dillan - 673
Jamie - 501
Jonah - 192
Amani - 746
Tyrique - 953
Jamil - 834
Johnathon - 377
Jonas - 526
Elissa - 794
Tyrese - 326
Jamir - 957
Raquel - 341
Vanessa - 62
Donna - 660
Alvaro - 511
Wilson - 525
Lucas - 83
Kolby - 542
Heriberto - 912
Andre - 197
Whitney - 270
Maddison - 436
Shea - 935
Christian - 576
Paris - 817
Valentin - 958
Melanie - 114
Kian - 940
Aldo - 663
Joana - 916
Reagan - 876
Kailey - 302
Maximillian - 702
Winston - 707
Gina - 356
Reed - 450
Lucia - 490
Greyson - 706
Jazmyne - 923
Joshua - 4
Camden - 361
Alex - 918
Mia - 94
Thalia - 630
Arianna - 128
Catherine - 81
Kyleigh - 584
Alek - 970
Imani - 305
Bridget - 273
Tori - 263
Alec - 156
Ian - 73
Matthew - 3
London - 895
Julien - 636
Benito - 893
Brenton - 717
Juliet - 623
Dawson - 168
Ronaldo - 886
Addison - 514
Daija - 958
Emmanuel - 195
Macey - 512
Susana - 717
Tylor - 601
Colby - 233
Alonso - 638
Denzel - 774
Samson - 899
Thomas - 33
Gino - 902
Cali - 816
Stacey - 682
Cale - 837
Megan - 18
Jasper - 592
Calvin - 214
Travis - 115
Rylie - 631
Mauricio - 413
Tanya - 573
Gustavo - 260
Reid - 439
Omar - 146
Yvette - 622
Misty - 907
Priscilla - 275
Trystan - 907
Amiya - 936
Damon - 289
Isabela - 849
Hernan - 974
Clifton - 740
Destin - 742
Kameron - 960
Ryleigh - 835
Miracle - 524
Kendrick - 456
Sarina - 826
Alia - 731
Julian - 87
Carson - 655
Cassandra - 100
Terry - 331
Nancy - 233
Hazel - 893
Jasmine - 27
Susan - 422
Meaghan - 689
Kristopher - 294
Jessica - 8
Ramiro - 497
Jarrett - 299
Billy - 385
Macie - 487
Mckayla - 430
Janice - 743
Ryley - 904
Hannah - 2
Renee - 362
Davonte - 855
Hugh - 906
Maritza - 553
Reese - 886
Abril - 863
Hugo - 400
Rylee - 290
Kailee - 502
Sebastian - 81
Tierra - 534
Alma - 491
Kathy - 653
Jocelyn - 122
Ally - 604
Damion - 434
Elisha - 653
Katie - 97
Stephanie - 40
Jermaine - 444
Katia - 873
Ashlyn - 178
Braiden - 983
Frederick - 396
Rita - 883
Donovan - 206
Carl - 304
Esteban - 334
Katelyn - 54
Cara - 393
Ean - 968
Reynaldo - 758
Leila - 595
Braedon - 793
Jabari - 847
Jaime - 737
German - 694
Tiara - 377
Amira - 833
Alexandra - 36
Mercedes - 285
Nash - 918
Alexandro - 801
Nathan - 30
Hallie - 297
Candice - 716
Cruz - 647
Esmeralda - 195
Roger - 373
Celine - 676
Celina - 767
Domenic - 905
Mohammed - 520
Rene - 387
Quinten - 691
Kacey - 843
Jamari - 743
Mikel - 850
Gage - 166
Ayden - 666
Josiah - 181
Eliseo - 928
Clarissa - 325
Alejandro - 89
Odalys - 956
Summer - 145
Jared - 56
Jacquelyn - 359
Kourtney - 680
Perla - 518
Jaren - 686
Silas - 600
Orion - 553
Delaney - 206
Alaina - 315
Adan - 502
Yazmin - 879
Adam - 45
Roberto - 187
Zoe - 82
Deborah - 497
Laney - 703
Alejandra - 174
Brianna - 15
Haven - 772
Brianne - 679
Efren - 878
Lance - 267
Kacie - 633
Robyn - 684
Donald - 217
Tiana - 349
Nadine - 888
Ayla - 874
Shawna - 694
Jaydon - 713
Joelle - 902
Amina - 983
Grayson - 313
Luca - 626
Rachel - 21
Ciara - 282
Quintin - 570
Sadie - 246
Mohammad - 466
Jairo - 661
Meredith - 293
Garrison - 667
Stuart - 665
Veronica - 143
Tianna - 486
Lucy - 323
Cesar - 170
Serena - 209
Abram - 796