
1994 ------------
Rafael - 202
Karly - 576
Lynn - 787
Reyna - 624
Austin - 860
Ray - 405
Alecia - 875
Kira - 379
Kirk - 519
Tyson - 501
Michael - 969
Charlie - 477
Waylon - 970
Bryan - 66
Kaleigh - 482
Corinne - 492
Junior - 786
Mariel - 947
Cynthia - 105
Cristobal - 909
Arron - 708
Marty - 940
Daniel - 8
Shayla - 330
Chester - 928
Kevin - 26
Efrain - 516
Justus - 844
Elmer - 788
Rusty - 858
Alexus - 250
Morgan - 272
Kade - 688
Jacoby - 823
Elliott - 459
Holly - 112
Mikala - 729
Jordan - 51
Kelton - 914
Ella - 690
Tyesha - 923
Francesca - 365
Shayna - 421
Paula - 402
Ahmad - 535
Shayne - 570
Keaton - 481
Celeste - 259
Orlando - 362
Salina - 788
Leland - 829
Karli - 559
Mackenzie - 366
Jerome - 338
Hakeem - 639
Karla - 225
Cooper - 438
Kaci - 851
Jeffery - 203
Eli - 305
Maribel - 496
Lexus - 592
Rex - 824
Edith - 494
Akeem - 696
Jodi - 664
Jazmyn - 856
Sierra - 71
Austen - 505
Samuel - 33
Pamela - 350
Bryanna - 391
Jody - 886
Viridiana - 928
Denise - 212
Mariah - 74
Rodney - 244
Mariam - 916
Benny - 867
Shelbi - 598
Keely - 865
Dean - 314
Keith - 126
Luis - 58
Shelby - 538
Myles - 346
Jodie - 980
Myranda - 689
Savanna - 298
Juana - 773
Nickolas - 263
Darlene - 636
Michaela - 109
Teresa - 255
Brooklyn - 385
Ivy - 520
Derick - 499
Kimberley - 903
Aileen - 810
Leanne - 656
Bronson - 802
Leanna - 552
Guillermo - 358
Devontae - 889
Jimmie - 674
Riley - 351
Diana - 98
Gary - 167
Leonardo - 376
Danica - 776
Kimberlee - 878
Kent - 599
Luke - 91
Alfonso - 432
Brandon - 6
Maegan - 587
Sergio - 160
Joel - 108
Vernon - 635
Gavin - 256
Joey - 414
Keon - 684
Lourdes - 938
Jonatan - 990
Diane - 540
Jacob - 7
Raul - 199
Jasmin - 173
Yasmine - 645
John - 15
Jillian - 191
Emmett - 826
Keri - 568
Caden - 731
Howard - 523
Yasmeen - 935
Dandre - 625
Brayden - 588
Shirley - 594
Floyd - 782
Billie - 838
Johanna - 438
Celia - 696
Jalen - 183
Nelson - 344
Montana - 778
Shyann - 955
Ulysses - 936
Marina - 219
Lizette - 760
Elizabeth - 9
Theodore - 292
Dina - 877
Aja - 885
Selena - 300
Barrett - 884
Virginia - 294
Branden - 270
Cullen - 600
Kristy - 428
Kala - 673
Kevon - 879
Micaela - 468
Itzel - 513
Clarence - 456
Kali - 388
Constance - 836
Kristi - 443
Richard - 41
Theresa - 261
Annie - 338
Denver - 855
Emanuel - 380
Rachelle - 408
Dion - 543
Mckenzie - 192
Adilene - 984
Cierra - 205
Giovanni - 287
Krista - 182
Tatyana - 691
Giovanna - 929
Menachem - 833
Keegan - 384
Elsa - 866
Garrett - 82
Ali - 674
Dylon - 703
Trinity - 789
Angelo - 347
Eden - 697
Angela - 81
Isaiah - 169
Kathrine - 981
Kane - 628
Daulton - 792
Kyler - 406
Jacklyn - 580
Allie - 450
Elyse - 755
Cecelia - 855
Charles - 43
Keisha - 617
Marjorie - 994
Alessandra - 852
Clarisa - 665
Layla - 873
Ashly - 730
Rasheed - 840
Amy - 77
Brandie - 707
Cayla - 574
Ayana - 751
Isaias - 753
Courtney - 567
Eva - 347
Nadia - 462
Makayla - 198
Eddy - 983
Ana - 143
Craig - 198
Deja - 824
Roy - 307
Drew - 957
Ann - 341
Coby - 892
Justyn - 827
Dontae - 988
Juwan - 564
Cyrus - 765
Weston - 364
Hailey - 119
Kurtis - 483
Jorden - 887
Glenn - 410
Kenzie - 871
Demi - 676
Tammy - 655
Christopher - 2
Dominic - 128
Ricardo - 119
Paloma - 959
Elisabeth - 360
Kylee - 366
Nia - 543
Noah - 159
Tanisha - 440
Kimberly - 32
Hailee - 637
Lazaro - 991
Dakotah - 728
Cody - 25
Johnathan - 134
Jay - 262
Bradford - 663
Kara - 134
Selina - 409
Donavan - 733
Blanca - 476
Marissa - 53
Savanah - 605
Kari - 397
Uriel - 560
Maximilian - 521
Francisco - 120
Liliana - 336
Karl - 381
Dalton - 85
Chelsie - 353
Sabrina - 97
Austyn - 820
Kenia - 762
Colten - 558
Kahlil - 985
Ashanti - 869
Bonnie - 530
Devyn - 797
Mindy - 759
Briana - 68
Allen - 179
Brendon - 342
Kerry - 675
Codi - 932
Demarcus - 453
Sean - 44
Ari - 807
Enrique - 265
Bethany - 116
Sydney - 75
Jarrod - 474
Kerri - 634
Raven - 156
Kinsey - 966
Haley - 36
Kate - 352
Gladys - 721
Fallon - 996
Asher - 883
Sydnee - 892
Vance - 781
Nicolas - 164
Ashton - 355
Dante - 322
Asa - 798
Misael - 839
Jose - 36
Katy - 630
Angelique - 460
Josh - 812
Kirby - 946
Dallas - 527
Valentina - 960
Rashawn - 718
Andrea - 49
Deon - 473
Norman - 572
Kylie - 158
Pauline - 868
Lawrence - 236
Layne - 926
Tanesha - 949
Paulina - 555
Amir - 566
Noel - 874
Issac - 589
Stephan - 460
Clyde - 875
Shaquan - 661
Tobias - 780
Amie - 944
Zechariah - 689
Duncan - 512
Keanu - 755
Arthur - 248
Ashlee - 180
Marisa - 148
Adolfo - 586
Everett - 619
Colleen - 207
Xavier - 139
Fabiola - 711
Carissa - 304
Fiona - 908
Tanner - 96
Tricia - 808
Armando - 226
Micheal - 233
Andres - 163
Heaven - 619
Daryl - 549
Andrew - 10
Noe - 485
Diego - 237
Darien - 383
Allan - 428
Kellie - 326
Liam - 360
Ava - 750
Kenny - 387
Harrison - 218
Barry - 497
Jazmin - 190
Brandan - 715
Stefan - 396
Skyler - 591
Dennis - 177
Rhiannon - 586
Yaritza - 897
Geoffrey - 382
Cecil - 836
Andria - 971
Shantel - 622
Abbie - 627
Garry - 973
Halie - 565
Ramon - 269
Marvin - 280
Vicente - 524
Jordon - 433
Anita - 550
Alton - 841
Jim - 809
Dale - 365
Cristian - 138
Zakary - 741
Stephen - 49
Lonnie - 576
Amber - 21
Blake - 965
Halle - 702
Christy - 395
Danny - 231
Zana - 809
Kelley - 499
Zane - 325
Christa - 454
Caleb - 60
Ariel - 480
Jaden - 630
Helena - 727
Gerardo - 230
Luther - 992
Kellen - 837
Savannah - 82
Carolyn - 231
Cole - 111
Tevin - 207
Amos - 849
Dana - 745
Dylan - 915
Mason - 125
Jordyn - 276
Dane - 436
Colt - 655
Rosemary - 573
Carrie - 275
Rhett - 771
Athena - 812
Noemi - 588
Nathalie - 607
Skylar - 403
Kiera - 457
Regina - 381
Lorena - 349
Sade - 601
Bobbi - 682
Ezekiel - 616
Colton - 121
Darian - 357
Jayme - 712
Carlton - 547
Jessie - 276
Nathanial - 618
Jarred - 445
Ebony - 280
Alicia - 83
Blair - 842
Abbey - 419
Eboni - 898
Devon - 371
Bobby - 254
Chloe - 155
Kasey - 559
Chelsey - 178
Stephon - 532
Mickey - 997
Kaylynn - 867
Dillon - 101
Quinn - 392
Dimitri - 594
Gloria - 283
Beverly - 608
Codie - 772
Ellis - 845
Stefanie - 500
Francesco - 996
Jarvis - 455
Chelsea - 38
Jeanette - 458
Antoine - 550
Solomon - 595
Brenna - 278
Cora - 654
Ellie - 801
Tariq - 948
Joe - 243
Mattie - 941
Javier - 153
Janessa - 679
Leah - 101
Esther - 289
Jon - 271
Tonya - 602
Melinda - 348
Arnold - 638
August - 750
Joy - 426
Marquise - 447
Thaddeus - 690
Gunner - 876
Derek - 77
Dominique - 239
Alayna - 653
Tyra - 657
Sam - 412
Cristal - 461
Paige - 63
Sylvester - 962
Kiana - 249
Callie - 343
Auston - 891
Adrian - 834
Kiersten - 521
Brook - 635
Patrice - 817
Michele - 451
Lily - 390
Kathryn - 79
Victor - 93
Maverick - 976
Sylvia - 427
Conrad - 610
Estevan - 681
Jovan - 691
Will - 660
Oscar - 123
Gordon - 552
Cori - 692
Tavon - 931
Codey - 699
Sage - 798
Lukas - 435
Patrick - 42
Brenden - 337
Laura - 46
Cory - 102
Nora - 474
Lamar - 527
Marisol - 367
Daron - 868
Coleman - 593
Pedro - 190
Trenton - 224
Danika - 991
Helen - 320
Dominque - 998
Katherine - 30
Caitlin - 78
Claire - 149
Corina - 582
Rickey - 654
Charlene - 570
Terrell - 336
Dawn - 583
Simon - 356
Darrin - 591
Zachery - 180
Talia - 473
Ignacio - 640
Alexandrea - 526
Yesenia - 186
Angel - 176
Parker - 238
Hector - 161
Chantel - 480
Vaughn - 719
Chase - 114
Ervin - 965
Brian - 37
Coty - 605
Gunnar - 555
Alvin - 419
Tomas - 470
Sheldon - 437
Alfred - 476
Seth - 90
Deshaun - 821
Brenda - 121
Carina - 453
Infant - 752
Cristina - 220
Eunice - 930
Kelsi - 518
Julianna - 537
Eleanor - 584
Shaina - 501
Julianne - 546
Conner - 225
Nichole - 223
Martina - 841
Kaylin - 534
Cristopher - 808
Nolan - 259
Jefferson - 693
Ben - 615
Kristine - 387
Arielle - 417
Kaylie - 571
Kristina - 113
Duane - 648
Hali - 753
Tyshawn - 955
Isabelle - 548
Alina - 561
Davion - 722
Isabella - 222
Viviana - 490
Emma - 76
Heath - 529
Deshawn - 408
Nestor - 631
Deondre - 776
Jerrell - 920
Tyrin - 942
Jacqueline - 64
Lisa - 123
Melina - 714
Kenneth - 65
Tatum - 982
Darren - 201
Owen - 454
Bennett - 662
Jason - 46
Alexandria - 72
Evan - 62
Shawn - 86
Ladarius - 664
Brooks - 645
Taylor - 54
Johnny - 165
Darius - 155
Breana - 378
Leonel - 578
Hana - 893
Brooke - 54
Dionte - 902
Maricela - 775
Hans - 925
Tucker - 351
Melvin - 352
Phoebe - 818
Wade - 413
Malcolm - 277
Laken - 899
Annette - 643
Sofia - 489
Stewart - 734
Joselyn - 733
Terrance - 275
Eliza - 593
Jaimie - 785
Breann - 854
Kenyon - 999
Nathaniel - 78
Henry - 146
Myra - 832
Kelsie - 258
Grant - 151
Kaylee - 154
Zachary - 12
Shaun - 324
Aleah - 943
Stormy - 807
Sandy - 514
Lacy - 558
Lillian - 310
Mariela - 652
Dominick - 302
Kayley - 849
Korey - 565
Mitchel - 498
Jaquan - 426
Katerina - 806
Isiah - 541
Juanita - 604
Araceli - 547
Haleigh - 478
Joanna - 183
Joanne - 732
Dexter - 548
Leon - 422
Lincoln - 775
Mohamed - 670
Conor - 304
Clint - 488
Mathew - 187
Lena - 545
Gretchen - 741
Freddie - 704
Santiago - 511
Aric - 791
Gabriela - 114
Domonique - 716
Sara - 43
Kody - 247
Spenser - 986
Dayana - 752
Chaim - 922
Rory - 698
Edwin - 175
Kelsey - 825
Rose - 339
Antonio - 88
Rosa - 228
Leilani - 952
Elena - 297
Dallin - 850
Marques - 893
Talon - 881
Kasandra - 610
Marquez - 832
Trent - 268
Ross - 311
Blaise - 1000
Anjelica - 889
Kelsea - 567
Kendal - 929
Harold - 439
Ashleigh - 206
Roman - 377
Ivette - 847
Cydney - 939
Reuben - 677
Peter - 87
Rashad - 429
Essence - 777
Aidan - 440
Collin - 152
Patience - 931
Chris - 484
Albert - 209
Heather - 44
Saul - 389
Bobbie - 631
Alice - 422
Nicholas - 9
Walker - 534
Chantal - 864
Elise - 332
Elisa - 477
Kai - 714
Jalisa - 780
Bryton - 987
Andy - 258
Antonia - 671
Gianna - 502
Adrianna - 307
Madalyn - 698
Dustin - 56
Philip - 168
Demetrius - 301
Connie - 599
Marquis - 282
Tyron - 819
Payton - 503
Kole - 939
Ezra - 695
Jamarcus - 735
Darion - 526
Rikki - 614
Tracy - 627
Anderson - 814
Destini - 745
Aron - 622
Trace - 806
Camille - 287
Yolanda - 528
Blaine - 502
Desirae - 497
Forest - 656
Traci - 827
Destiny - 86
Alesha - 790
Brielle - 766
Ralph - 489
Deangelo - 650
Elvis - 777
Unknown - 835
Ivan - 172
Giselle - 613
Kaila - 435
Levi - 157
Lane - 353
Lana - 973
Tamara - 246
Ibrahim - 877
Russell - 234
Mariana - 442
Bernard - 495
Iliana - 881
Georgia - 639
Debra - 684
Tracey - 861
Miranda - 61
Marco - 184
Abraham - 242
Guadalupe - 621
Eduardo - 113
Carmen - 239
Kortney - 769
Tristan - 452
Humberto - 537
Lizeth - 964
Monique - 175
Maira - 829
Lionel - 846
Lynette - 999
Dorothy - 551
Kaylyn - 536
Brittni - 663
Mitchell - 71
Daphne - 744
Justen - 944
Alison - 153
Precious - 399
Jaleel - 653
Nicolette - 328
Lexi - 845
Daniela - 238
Barbara - 318
Brennen - 666
Lloyd - 613
Desiree - 125
Antony - 874
Bryon - 900
Wesley - 118
Charlotte - 290
Isaac - 103
Eric - 30
Jakob - 431
Jesse - 621
Connor - 59
Elliot - 434
Jessi - 830
Tommy - 316
Erik - 99
Mario - 142
Trisha - 470
Chasity - 370
Erin - 811
Jackie - 774
Kori - 638
Jessy - 816
Lara - 722
Clay - 354
Kolton - 732
Staci - 799
Kia - 859
Noelle - 463
Jeremiah - 158
William - 19
Amanda - 8
Beatrice - 872
Marie - 301
Stacy - 319
Santos - 724
Lindsey - 69
Lauryn - 699
Cheyanne - 436
Maria - 47
Katarina - 479
Timothy - 39
Brennan - 329
Claudia - 199
Lamont - 620
Karlie - 595
Alissa - 260
Kennedy - 921
Aubree - 924
Aubrey - 683
Nathanael - 500
China - 950
Alexia - 308
Latasha - 713
Anne - 204
Salvatore - 573
Anna - 41
Willie - 291
Alexis - 227
Darryl - 372
Kristian - 710
Latoya - 883
Brandy - 214
Kory - 506
Tyrone - 313
Rolando - 463
Zhane - 585
Bruce - 330
Tabitha - 211
Cassidy - 139
Brandi - 122
Juan - 51
Elaine - 448
Lacey - 209
Elaina - 616
Lexie - 946
Raymundo - 676
Melissa - 31
Natasha - 133
Jasmyn - 921
Katelynn - 262
Cecilia - 286
Mandy - 756
Nikko - 993
Kaela - 792
Karen - 128
Kassidy - 533
Destiney - 720
Moses - 557
Steven - 34
Tina - 361
Cheyenne - 99
Destinee - 386
Nikki - 322
Lindsay - 107
Avery - 484
Cortney - 424
Christin - 843
Shakira - 743
Pierre - 737
Tyquan - 857
Christie - 677
Chad - 130
Hassan - 707
Joyce - 603
Mckenna - 384
Jesus - 80
Shauna - 651
Lacie - 811
Karlee - 615
Kaitlynn - 413
Madelyn - 455
Chaz - 563
Alisha - 200
Kendra - 126
Karley - 703
Judy - 828
Pete - 968
Ethan - 89
Melisa - 888
Trae - 915
Terrence - 321
Leticia - 389
Chance - 216
Cornelius - 629
Steve - 345
Tatiana - 242
Dillion - 694
Catalina - 839
Corey - 870
Octavia - 695
Peyton - 546
Jayson - 492
Shannon - 504
Titus - 908
Octavio - 783
Angelica - 108
Alysa - 862
Lizbeth - 525
Chanel - 531
Nataly - 831
Keven - 770
Eugene - 373
Christen - 680
Stevie - 687
Louis - 206
Danielle - 20
Sasha - 374
Bradley - 83
Elyssa - 978
Beau - 395
Elias - 318
Hayley - 136
Daniella - 432
Brandyn - 680
Nikolas - 451
Earl - 518
Emerald - 767
Justin - 20
Jeffrey - 55
Moshe - 717
Walter - 251
Haylee - 466
Giancarlo - 910
Ahmed - 642
Shelly - 737
Katheryn - 932
Khari - 853
Ricky - 205
Desean - 982
Anissa - 452
Nigel - 478
Ruben - 181
Ted - 834
Roland - 571
Trey - 212
Isidro - 906
Griffin - 404
Bryce - 150
Ricki - 942
Kristyn - 736
Jacques - 952
Cordell - 709
Iris - 483
Dusty - 646
Janae - 464
Camron - 759
Mikayla - 168
Kassandra - 172
Sherry - 826
Trevon - 363
Lauren - 14
Laurel - 508
Shelton - 945
Julius - 510
Janay - 882
Malik - 308
Mike - 617
Malia - 974
Andreas - 905
Braxton - 442
Trevor - 57
Raheem - 517
Jameson - 687
Fidel - 787
Abby - 213
Paul - 64
Shanice - 342
Glen - 575
Nicole - 11
Heidi - 274
Garret - 493
Javon - 450
Alanna - 504
Khalid - 721
Haylie - 894
Khalil - 530
Tia - 296
Bo - 758
Kailyn - 816
Gerard - 649
Fernando - 174
Roxana - 783
Josef - 794
Jackson - 166
Marilyn - 459
Cameron - 632
Miguel - 94
Brad - 515
Brittney - 89
Perry - 536
Tess - 522
Bridgett - 876
Kaleb - 219
Ernest - 390
Janel - 979
Brant - 916
Kaley - 517
Markel - 838
Janet - 279
Bianca - 110
Monika - 933
Benjamin - 31
Demario - 981
Darrian - 766
Laurie - 962
Abel - 399
Dequan - 522
Irma - 857
Angelina - 302
Gregory - 76
Edward - 84
Khadijah - 184
Westley - 971
Asha - 863
Moriah - 498
Larry - 196
Jaclyn - 224
Antoinette - 569
Ingrid - 761
Cindy - 197
Micah - 725
Breonna - 739
Brett - 107
Holden - 604
Baby - 700
Kianna - 778
Ciera - 418
Myron - 762
Ryan - 618
Casey - 118
Asia - 234
Maurice - 294
Ryder - 949
Kendall - 288
Juliana - 394
Carlos - 72
Darrick - 972
Bret - 494
Zackery - 306
Makenna - 904
Josie - 441
Julio - 220
Macy - 380
Alonzo - 465
Pierce - 697
Janie - 731
Brea - 853
George - 110
Kelvin - 331
Sammy - 702
Johnnie - 710
Gwendolyn - 717
Shanna - 629
Kalie - 837
Kadijah - 511
Berenice - 771
Jayden - 852
Tessa - 241
Pablo - 327
Rocky - 804
Forrest - 217
Guy - 738
Spencer - 97
Clayton - 149
Troy - 122
Natalie - 56
Kaitlyn - 48
Natalia - 376
Leslie - 727
Jamison - 669
Dianna - 758
Justice - 466
Katelin - 575
Preston - 192
Katlynn - 890
Jamaal - 801
Betsy - 990
Corbin - 400
Brittany - 7
Candace - 254
Yasmin - 535
Jarod - 774
Rodolfo - 388
Shaniqua - 794
Garett - 984
Brittani - 429
Jaron - 556
Tara - 146
Caitlynn - 977
Maggie - 232
Jimmy - 210
Betty - 757
Hollie - 754
Alfredo - 274
Harley - 323
Julia - 73
Trever - 659
Julie - 129
Lorenzo - 296
Alycia - 835
Deonte - 482
Hope - 233
Graham - 393
Tre - 490
Maxwell - 182
Brady - 173
Belinda - 814
Dorian - 531
Bria - 252
Samir - 978
Tate - 644
Katlin - 661
Audrey - 162
Ulises - 706
Moises - 401
Emilie - 512
Denisse - 951
Brent - 188
Emilia - 907
April - 127
Elijah - 133
Monica - 88
Tiffanie - 905
Carlie - 556
Travon - 587
Rachael - 124
Emilio - 379
Madison - 678
Margarita - 487
Dayna - 779
Rebecca - 24
Demonte - 959
Otis - 941
Rigoberto - 626
Ezequiel - 672
Latisha - 649
Darwin - 943
Simone - 486
Jessika - 791
Jevon - 856
Abdul - 994
Sherman - 895
Ruby - 271
Kayleigh - 437
Jaylon - 761
Hayden - 176
Dwayne - 409
Demarco - 951
Lea - 596
Faith - 218
Kieran - 682
Lee - 297
Suzanne - 560
Felicia - 181
Edmund - 913
Kristin - 115
Eliana - 995
Valerie - 159
Bryson - 468
Leann - 963
Leo - 462
Wilfredo - 956
Valeria - 340
Yadira - 620
Rocio - 549
Leroy - 562
Ariana - 166
Drake - 339
Houston - 632
Franklin - 349
Yvonne - 481
Zackary - 232
Kristie - 763
Irvin - 643
Beth - 675
Male - 966
Ericka - 471
Carley - 411
Landon - 249
Marlene - 456
Emily - 3
Aurora - 669
Marlena - 840
Trayvon - 859
Osvaldo - 551
Remington - 870
Rudy - 441
Byron - 368
Hunter - 327
Evelyn - 201
Gilberto - 425
Anton - 579
Emilee - 414
Alexa - 95
Kaycee - 848
Jazmine - 195
Rochelle - 544
Devonte - 279
Logan - 309
Devonta - 611
Kayla - 12
Joseph - 11
Melody - 358
Jamila - 909
Carlee - 726
Charity - 516
Adrienne - 357
Edgar - 147
Geneva - 945
Adriana - 151
Sharon - 315
Aaron - 28
Katharine - 467
Jessenia - 988
Sarai - 734
Sarah - 5
Jenifer - 718
Kelby - 878
Josephine - 392
Graciela - 802
Mayra - 229
Kirsten - 193
Sophie - 415
Darrion - 700
Joaquin - 609
Martin - 135
Alana - 334
Olivia - 50
Leandra - 879
Bradly - 764
Kristen - 55
Hillary - 566
Sonny - 861
Ryne - 897
Caitlyn - 150
Zachariah - 320
Sophia - 185
Brannon - 995
Scott - 79
Jennifer - 17
Patricia - 135
Curtis - 170
Sheila - 563
Maranda - 407
Antwan - 692
Lesley - 724
Brionna - 740
Chadwick - 919
Kaden - 712
Jaylin - 907
Erica - 57
Ismael - 371
Martha - 292
Erich - 767
Harry - 416
Erick - 185
Ty - 319
Keenan - 394
Fred - 652
Adonis - 796
Jerrica - 958
Miles - 286
Cheryl - 683
Markus - 508
Jerry - 193
Marcel - 641
Randall - 267
Ernesto - 317
Jennie - 701
Crystal - 65
Marc - 213
Darrell - 332
Sterling - 402
Clara - 434
Mara - 606
Mark - 48
Irene - 420
Clare - 623
Hanna - 237
Galen - 882
Linda - 221
Kayli - 891
Sonia - 363
Mari - 993
Denisha - 693
Warren - 386
Yessenia - 748
Stanley - 385
Clark - 634
Mary - 37
Vincent - 100
Madeleine - 293
Herman - 763
Oliver - 370
Paola - 354
Kirstin - 772
Mollie - 539
Jean - 987
Kirstie - 967
Jeremy - 47
Fabian - 326
Kristal - 937
Josue - 266
Annamarie - 985
Daquan - 374
Sandra - 171
Michelle - 33
Allyssa - 770
Jaylen - 544
Kalyn - 628
Deanna - 165
Gerald - 284
Francis - 340
Regan - 612
Dejuan - 974
Tyree - 542
Savon - 795
Dwight - 540
Cassie - 305
Roderick - 486
Kenton - 930
Axel - 953
Tiffani - 416
Jenna - 80
Fatima - 572
Kaitlin - 93
Clifford - 507
Wendy - 244
Dalia - 485
Roxanne - 600
Tiffany - 35
Dashawn - 528
Ayanna - 678
Jenny - 281
Jill - 532
Darrien - 923
Lori - 475
Sonya - 685
Aimee - 295
Raphael - 651
Casandra - 506
Bridgette - 523
Armani - 980
Darnell - 467
Carol - 493
Amelia - 226
Jonathan - 23
Rodrigo - 491
Maura - 706
Kathleen - 130
Chaya - 920
Alena - 919
Dakoda - 950
Kelly - 513
Braden - 341
Dan - 799
Kristofer - 606
Anastasia - 324
Krysta - 747
Liana - 793
Marcos - 253
Jeff - 716
Katrina - 163
Irving - 720
Kelli - 264
Shane - 92
Grace - 103
Alisa - 542
Katlyn - 245
Rebekah - 152
Allyson - 210
Angie - 644
Erika - 90
Robert - 21
Maya - 247
Carly - 138
Kyla - 401
Meghan - 100
Larissa - 364
Nico - 736
Skye - 681
Kyle - 24
Autumn - 117
Nick - 756
Royce - 749
Marshall - 312
Derrick - 136
Kiley - 686
Olga - 833
Nikita - 917
Maureen - 688
Broderick - 917
Shyanne - 735
Isabel - 243
Raymond - 115
Princess - 910
Genaro - 975
Karissa - 346
Tabatha - 659
Lydia - 188
Jerald - 989
Bailee - 887
Vivian - 299
Brice - 574
Nohely - 896
Dondre - 822
Augustus - 866
Grady - 742
Isis - 992
Rodrick - 935
Jace - 568
Gonzalo - 729
Jack - 127
Jaqueline - 694
Bailey - 768
Dalvin - 912
Naomi - 235
Anthony - 18
Kierra - 323
Carlo - 918
Justine - 240
Tayler - 810
Carli - 660
Ashely - 886
Justina - 668
Luz - 646
Carla - 335
Lewis - 487
Turner - 899
Genesis - 270
Jerrod - 754
Shana - 578
Ashlynn - 590
Storm - 898
Silvia - 662
Samantha - 4
Carter - 421
Ellen - 217
Toby - 590
Terence - 553
Reina - 975
Phillip - 131
Kyra - 405
Bryant - 303
Rhonda - 954
Deion - 581
Ruth - 311
Quinton - 310
Wayne - 333
Bryana - 804
Devin - 344
Jada - 488
Jade - 760
Kiara - 203
Christine - 104
Quincy - 471
Chantelle - 936
Aspen - 708
Gabrielle - 67
Damaris - 906
Alyson - 372
Gabriella - 160
Niko - 860
Donnie - 747
Abigail - 42
Randy - 186
Neal - 612
Agustin - 602
Magdalena - 782
Kenya - 377
Jena - 658
Ronald - 137
Randi - 393
Lyndsey - 495
Stephany - 510
Norma - 541
Israel - 283
Loren - 701
Todd - 252
Milton - 623
Shelbie - 765
Christina - 39
Brendan - 129
Ronnie - 361
Janelle - 313
Dulce - 589
Manuel - 143
Julissa - 821
Lester - 740
Tania - 373
Kallie - 997
Eddie - 290
Chandler - 444
Randolph - 911
Frances - 412
Susanna - 927
Janell - 972
Aisha - 625
Felipe - 420
Alyssa - 26
Makenzie - 400
Mallory - 187
Marcus - 75
Deven - 596
Darin - 647
Dario - 805
Alexander - 22
Nicklaus - 967
Beatriz - 554
Jake - 105
Scarlett - 850
Marley - 902
Reginald - 295
Schuyler - 979
Jess - 885
Rick - 637
Dewayne - 797
Jamal - 240
Genevieve - 557
Reece - 657
Jamar - 569
Maxine - 918
Diamond - 170
Nina - 265
Damien - 278
Muhammad - 865
Madeline - 92
Davon - 403
Devante - 309
Marlee - 884
Ashlie - 579
Brody - 472
Jonathon - 154
Frankie - 603
Jorge - 112
Devan - 709
Jami - 858
Kareem - 545
Leonard - 369
Brittanie - 746
Neil - 350
Eileen - 609
Rebeca - 642
Don - 679
Darrius - 580
Rico - 800
Victoria - 19
Donte - 475
Karina - 140
Arturo - 273
Nikole - 895
Aliyah - 359
Tyrell - 449
India - 406
Douglas - 156
Mai - 901
Mikaela - 314
Terri - 796
Daisy - 177
Gabriel - 784
Miriam - 277
Robin - 685
Malachi - 633
Terra - 803
Deandre - 250
Judith - 507
Max - 191
Darcy - 986
Gilbert - 446
Shay - 969
Alysha - 564
Sawyer - 469
Margaret - 106
Felix - 391
Janine - 961
River - 927
Wyatt - 197
Jamel - 598
Cade - 592
Darby - 666
Colin - 124
James - 14
Alysia - 823
Allison - 34
Jana - 786
Jane - 368
Kurt - 411
Brock - 328
Sally - 577
Damian - 215
Ashley - 957
Dakota - 306
Bernardo - 671
Frank - 141
Tony - 189
Syed - 961
Molly - 96
Freddy - 585
Alberto - 221
Salvador - 300
Tyler - 266
Davis - 424
Britany - 842
Lissette - 953
Taryn - 410
Morris - 977
Aaliyah - 202
Christiana - 715
Cortez - 624
Arlene - 705
Alan - 144
Meagan - 169
Carolina - 269
Sidney - 509
Caroline - 94
Clinton - 397
Toni - 284
Davin - 863
Rogelio - 458
Herbert - 673
Breanna - 84
David - 13
Cedric - 417
Breanne - 553
Marlon - 479
Desmond - 359
Fredrick - 583
Krystal - 164
Iesha - 667
Britney - 263
Javonte - 726
Donnell - 746
Quentin - 343
Dayton - 751
Shaquille - 235
Dillan - 601
Jamie - 285
Wendell - 873
Jonah - 245
Jamil - 744
Johnathon - 289
Jonas - 711
Elissa - 815
Lidia - 998
Raquel - 251
Vanessa - 59
Donna - 383
Alvaro - 561
Wilson - 533
Lucas - 95
Heriberto - 686
Kolby - 713
Andre - 148
Whitney - 91
Maddison - 764
Shea - 748
Christian - 345
Lyndsay - 926
Paris - 705
Valentin - 872
Melanie - 120
Tory - 813
Aldo - 904
Joana - 922
Reagan - 704
Kailey - 430
Maximillian - 847
Danyelle - 956
Winston - 665
Gina - 194
Reed - 444
Lucia - 597
Joann - 940
Joshua - 4
Camden - 803
Alex - 581
Mia - 317
Thalia - 640
Meranda - 1000
Arianna - 282
Catherine - 85
Lorraine - 900
Alek - 937
Imani - 303
Bridget - 174
Tasha - 469
Tori - 142
Alec - 109
Ian - 74
Matthew - 3
London - 989
Benito - 757
Julien - 934
Brenton - 577
Cain - 901
Dawson - 854
Addison - 800
Randal - 947
Emmanuel - 229
Macey - 805
Susana - 503
Tiera - 983
Tylor - 423
Colby - 200
Alonso - 862
Denzel - 335
Samson - 964
Thomas - 27
Gino - 667
Stacey - 329
Cale - 958
Megan - 10
Jasper - 730
Calvin - 195
Travis - 53
Tanya - 369
Mauricio - 520
Gregorio - 785
Gustavo - 281
Reid - 430
Omar - 145
Stacie - 672
Leigh - 723
Edgardo - 851
Yvette - 465
Misty - 509
Priscilla - 196
Demetri - 888
Damon - 293
Hernan - 864
Clifton - 636
Destin - 938
Kameron - 415
Kendrick - 375
Sarina - 880
Julian - 140
Carson - 925
Cassandra - 66
Terry - 241
Nancy - 145
Greg - 954
Marisela - 846
Jasmine - 23
Susan - 273
Meaghan - 398
Kristopher - 211
Jessica - 1
Kadeem - 828
Ramiro - 457
Billy - 255
Jarrett - 407
Macie - 912
Mckayla - 611
Marcella - 913
Janice - 562
Hannah - 16
Renee - 267
Davonte - 582
Hugh - 815
Maritza - 447
Mikal - 960
Reese - 779
Hugo - 418
Harvey - 843
Rylee - 911
Kailee - 822
Sebastian - 223
Tierra - 331
Stetson - 818
Alma - 433
Kathy - 538
Jocelyn - 157
Lucero - 647
Damion - 496
Elisha - 820
Katie - 70
Gene - 723
Stephanie - 15
Jermaine - 427
Ashlyn - 256
Leeann - 968
Frederick - 299
Rita - 670
Donovan - 261
Carl - 204
Esteban - 378
Katelyn - 58
Cara - 272
Racheal - 719
Reynaldo - 607
Jabari - 769
Alexandre - 896
Jaime - 439
German - 658
Kegan - 903
Tiara - 257
Alexandra - 28
Mercedes - 189
Porsha - 970
Alexandro - 790
Nathan - 40
Candice - 291
Hallie - 529
Cruz - 725
Esmeralda - 375
Roger - 264
Celine - 819
Celina - 423
Domenic - 924
Mohammed - 614
Rene - 334
Kacey - 742
Quinten - 789
Shyheim - 817
Audra - 749
Mikel - 869
Gage - 228
Tiarra - 934
Josiah - 298
Eliseo - 933
Clarissa - 236
Alejandro - 106
Janette - 781
Summer - 141
Jared - 63
Jacquelyn - 268
Kourtney - 425
Perla - 519
Markell - 830
Silas - 871
Orion - 894
Alaina - 382
Delaney - 515
Adan - 539
Yazmin - 738
Najee - 880
Adam - 38
Roberto - 162
Zoe - 216
Deborah - 355
Alejandra - 147
Brianna - 27
Lyle - 890
Brianne - 356
Efren - 831
Lance - 257
Kacie - 626
Robyn - 449
Donald - 132
Tiana - 288
Nadine - 825
Ayla - 813
Shawna - 337
Joelle - 795
Vanesa - 914
Grayson - 514
Rachel - 13
Ciara - 208
Quintin - 597
Sadie - 321
Mohammad - 584
Jairo - 668
Meredith - 230
Garrison - 773
Griselda - 844
Stuart - 464
Eliezer - 963
Veronica - 111
Tianna - 505
Lucy - 472
Cesar - 178
Serena - 404
Valencia - 976
Abram - 848