
1992 ------------
Rafael - 208
Karly - 558
Lynn - 743
Reyna - 744
Austin - 38
Ray - 394
Alecia - 751
Kira - 429
Kirk - 430
Tyson - 532
Michael - 788
Charlie - 452
Waylon - 913
Montel - 893
Bryan - 57
Corinne - 394
Kaleigh - 435
Mariel - 773
Junior - 780
Cynthia - 92
Alphonso - 983
Arron - 667
Marty - 958
Daniel - 7
Shayla - 317
Domingo - 923
Chester - 725
Kevin - 25
Dereck - 919
Ira - 951
Efrain - 521
Elmer - 687
Rusty - 816
Alexus - 616
Morgan - 287
Jacoby - 728
Elliott - 399
Holly - 99
Jordan - 63
Ella - 892
Tyesha - 816
Dejon - 977
Francesca - 373
Shayna - 391
Paula - 338
Shayne - 554
Ahmad - 579
Joan - 800
Keaton - 522
Orlando - 356
Celeste - 385
Salina - 944
Leland - 696
Karli - 572
Mackenzie - 411
Jerome - 298
Hakeem - 731
Karla - 238
Cooper - 546
Kaci - 738
Earnest - 909
Jeffery - 176
Eli - 350
Maribel - 415
Lexus - 985
Rex - 718
Edith - 554
Akeem - 562
Jodi - 532
Sierra - 130
Austen - 639
Laurence - 972
Samuel - 41
Pamela - 303
Bryanna - 475
Jody - 896
Denise - 188
Mariah - 74
Rodney - 210
Mariam - 925
Benny - 722
Shelbi - 480
Keely - 739
Marian - 911
Dean - 315
Keith - 102
Luis - 64
Shelby - 473
Myles - 390
Jodie - 825
Myranda - 903
Savanna - 458
Juana - 827
Nickolas - 267
Darlene - 601
Michaela - 288
Teresa - 206
Brooklyn - 552
Ivy - 741
Derick - 486
Kimberley - 853
Aileen - 795
Leanne - 570
Bronson - 762
Leanna - 488
Guillermo - 361
Devontae - 708
Jimmie - 635
Riley - 555
Diana - 101
Gary - 139
Leonardo - 382
Danica - 772
Kimberlee - 868
Kent - 529
Luke - 93
Alfonso - 420
Brandon - 6
Maegan - 643
Sergio - 157
Joel - 100
Vernon - 568
Kelcie - 970
Kwame - 947
Gavin - 266
Joey - 402
Keon - 773
Lourdes - 845
Diane - 414
Jacob - 15
Raul - 209
Jasmin - 211
Yasmine - 675
Selene - 995
John - 14
Jillian - 148
Emmett - 803
Keri - 511
Caden - 870
Howard - 467
Dandre - 682
Brayden - 792
Shirley - 530
Floyd - 740
Billie - 890
Johanna - 392
Celia - 655
Jalen - 377
Nelson - 320
Ulysses - 862
Marina - 277
Lizette - 681
Elizabeth - 9
Theodore - 260
Dina - 809
Aja - 958
Selena - 607
Barrett - 885
Virginia - 257
Branden - 251
Cullen - 600
Charmaine - 780
Kristy - 324
Kala - 637
Kevon - 899
Micaela - 796
Clarence - 429
Kali - 404
Constance - 654
Kristi - 304
Richard - 40
Theresa - 226
Annie - 353
Denver - 992
Emanuel - 365
Rachelle - 367
Dion - 528
Mckenzie - 291
Cierra - 264
Giovanni - 300
Krista - 150
Tatyana - 863
Giovanna - 975
Keegan - 454
Elsa - 867
Garrett - 88
Trista - 887
Ali - 771
Dylon - 643
Angelo - 334
Eden - 697
Angela - 69
Isaiah - 212
Kathrine - 785
Kyler - 487
Jacklyn - 535
Ashli - 865
Allie - 561
Elyse - 669
Cecelia - 938
Charles - 43
Keisha - 516
Marjorie - 841
Alessandra - 807
Malcom - 766
Ashly - 590
Rasheed - 864
Amy - 51
Brandie - 600
Cayla - 568
Isaias - 783
Ron - 912
Ayana - 922
Courtney - 489
Eva - 340
Nadia - 425
Makayla - 564
Eddy - 819
Ana - 137
Craig - 154
Deja - 740
Roy - 286
Drew - 181
Ann - 295
Coby - 879
Chynna - 939
Dontae - 815
Justyn - 933
Juwan - 962
Cyrus - 729
Weston - 372
Hailey - 160
Kurtis - 460
Glenn - 342
Kenisha - 994
Demi - 636
Tammy - 534
Jarrell - 946
Christopher - 2
Dominic - 137
Ricardo - 115
Elisabeth - 341
Kylee - 379
Nia - 705
Noah - 219
Tanisha - 387
Kimberly - 35
Hailee - 792
Lazaro - 963
Dakotah - 883
Cody - 963
Johnathan - 122
Jay - 236
Bradford - 628
Kara - 115
Selina - 625
Donavan - 704
Blanca - 419
Marissa - 72
Kari - 327
Uriel - 589
Maximilian - 611
Francisco - 118
Karl - 336
Liliana - 345
Dalton - 121
Chelsie - 227
Anais - 850
Sabrina - 112
Kenia - 961
Colten - 571
Bonnie - 449
Devyn - 760
Mindy - 567
Briana - 79
Allen - 166
Brendon - 363
Kerry - 608
Codi - 856
Demarcus - 469
Sean - 42
Ari - 845
Enrique - 271
Bethany - 114
Sydney - 124
Jarrod - 384
Kerri - 497
Raven - 152
Kinsey - 955
Haley - 56
Kate - 325
Gladys - 695
Fallon - 843
Kati - 954
Asher - 966
Vance - 673
Nicolas - 179
Ashton - 391
Dante - 360
Asa - 846
Misael - 812
Jose - 37
Katy - 519
Angelique - 313
Kirby - 741
Josh - 775
Dallas - 646
Rashawn - 690
Andrea - 39
Deon - 527
Norman - 504
Colter - 997
Kylie - 195
Pauline - 886
Lawrence - 192
Paulina - 551
Amir - 651
Noel - 821
Issac - 653
Stephan - 436
Clyde - 732
Tobias - 835
Amie - 860
Zechariah - 703
Deron - 969
Duncan - 642
Arthur - 218
Ashlee - 154
Marisa - 220
Everett - 594
Adolfo - 677
Colleen - 184
Xavier - 147
Fabiola - 767
Carissa - 239
Marcelo - 985
Tanner - 101
Tricia - 656
Micheal - 207
Armando - 233
Andres - 186
Heaven - 787
Daryl - 488
Andrew - 5
Noe - 537
Diego - 301
Allan - 385
Darien - 616
Kellie - 261
Liam - 593
Ava - 833
Kenny - 437
Marcela - 987
Harrison - 282
Isamar - 984
Barry - 459
Jazmin - 255
Brandan - 658
Stefan - 376
Catrina - 988
Skyler - 689
Dennis - 150
Rhiannon - 676
Geoffrey - 312
Cecil - 742
Andria - 978
Shantel - 536
Abbie - 784
Georgina - 952
Garry - 810
Halie - 753
Marvin - 245
Ramon - 250
Vicente - 574
Jordon - 405
Anita - 454
Alton - 769
Jim - 744
Dale - 340
Cristian - 272
Zakary - 714
Marion - 934
Stephen - 45
Lonnie - 540
Amber - 19
Blake - 996
Christy - 357
Davante - 802
Danny - 190
Kelley - 364
Zane - 373
Christa - 344
Caleb - 74
Ariel - 472
Gerardo - 228
Luther - 906
Kellen - 797
Savannah - 142
Carolyn - 196
Cole - 143
Tevin - 162
Amos - 791
Dana - 627
Dylan - 28
Mason - 148
Jordyn - 378
Dane - 410
Colt - 691
Rosemary - 563
Garth - 659
Carrie - 221
Rhett - 758
Athena - 803
Derik - 904
Noemi - 587
Nathalie - 668
Skylar - 565
Kiera - 459
Regina - 331
Lorena - 360
Sade - 651
Bobbi - 831
Ezekiel - 636
Colton - 134
Darian - 704
Jayme - 688
Carlton - 480
Jessie - 273
Nathanial - 617
Jarred - 439
Ebony - 213
Chelsy - 879
Alicia - 71
Blair - 652
Abbey - 545
Eboni - 824
Devon - 301
Bobby - 221
Chloe - 161
Kasey - 501
Chelsi - 677
Chelsey - 117
Stephon - 663
Mickey - 833
Kaylynn - 942
Dillon - 73
Quinn - 450
Dimitri - 502
Gloria - 250
Beverly - 531
Codie - 712
Ellis - 765
Prince - 948
Stefanie - 339
Jarvis - 490
Chelsea - 15
Jeanette - 322
Antoine - 446
Solomon - 646
Brenna - 356
Marquita - 874
Cora - 808
Ellie - 855
Tariq - 929
Joe - 220
Javier - 152
Janessa - 730
Leah - 96
Esther - 302
Jon - 240
Tonya - 456
Melinda - 258
Dara - 896
Arnold - 577
August - 814
Joy - 411
Marquise - 549
Thaddeus - 657
Derek - 62
Dominique - 180
Alayna - 852
Sam - 400
Lakeisha - 701
Cristal - 439
Paige - 64
Callie - 292
Kiana - 402
Adrian - 702
Jeannette - 908
Kiersten - 569
Hilary - 233
Patrice - 644
Brook - 692
Michele - 328
Lily - 471
Kathryn - 60
Victor - 87
Anika - 962
Sylvia - 363
Conrad - 624
Kasie - 992
Jovan - 644
Estevan - 685
Will - 650
Oscar - 130
Gordon - 503
Cori - 694
Tavon - 930
Codey - 681
Chanelle - 979
Sage - 745
Lukas - 457
Patrick - 39
Brenden - 433
Laura - 38
Cory - 83
Lamar - 445
Nora - 473
Marisol - 383
Daron - 841
Coleman - 649
Pedro - 188
Trenton - 239
Danika - 940
Helen - 326
Dominque - 810
Katherine - 27
Caitlin - 62
Claire - 158
Rickey - 564
Corina - 581
Charlene - 506
Terrell - 310
Dawn - 413
Simon - 348
Darrin - 566
Zachery - 184
Talia - 494
Ignacio - 613
Alexandrea - 508
Yesenia - 176
Angel - 180
Parker - 256
Hector - 156
Dave - 976
Chantel - 405
Vaughn - 761
Chase - 116
Ervin - 735
Brian - 31
Coty - 406
Gunnar - 746
Alvin - 369
Tomas - 484
Sheldon - 380
Alfred - 403
Gillian - 969
Antwon - 727
Seth - 94
Deshaun - 950
Brenda - 119
Carina - 474
Infant - 746
Garrick - 920
Cristina - 186
Eunice - 904
Jaleesa - 793
Kelsi - 437
Julianna - 584
Eleanor - 585
Shaina - 418
Julianne - 450
Conner - 296
Nichole - 191
Martina - 902
Kaylin - 678
Cristopher - 767
Nolan - 247
Jefferson - 710
Nakia - 931
Ben - 536
Kristine - 316
Arielle - 283
Kaylie - 606
Kristina - 93
Duane - 563
Hali - 726
Tyshawn - 936
Isabelle - 839
Alina - 639
Davion - 853
Isabella - 487
Viviana - 544
Kassie - 909
Emma - 104
Heath - 544
Deshawn - 444
Nestor - 598
Jerrell - 771
Jacqueline - 76
Lisa - 88
Melina - 728
Denzell - 832
Kenneth - 59
Darrel - 944
Darren - 227
Owen - 476
Bennett - 671
Jason - 46
Alexandria - 73
Evan - 66
Laci - 880
Shawn - 71
Ladarius - 665
Brooks - 672
Taylor - 52
Johnny - 153
Darius - 164
Breana - 443
Leonel - 570
Brooke - 59
Dionte - 825
Carey - 961
Maricela - 682
Donavon - 1000
Hans - 799
Melvin - 325
Tucker - 443
Phoebe - 982
Wade - 347
Malcolm - 206
Laken - 943
Annette - 548
Sofia - 528
Stewart - 679
Joselyn - 893
Terrance - 232
Eliza - 661
Jaimie - 628
Breann - 736
Lisette - 826
Nathaniel - 79
Henry - 141
Myra - 761
Kelsie - 248
Grant - 165
Kaylee - 174
Zachary - 16
Shaun - 288
Stormy - 802
Sandy - 462
Lacy - 424
Lillian - 347
Mariela - 472
Dominick - 317
Kayley - 972
Korey - 531
Mitchel - 609
Jaquan - 585
Katerina - 900
Isiah - 512
Juanita - 542
Dyllan - 807
Araceli - 523
Haleigh - 586
Joanna - 167
Joanne - 671
Dexter - 474
Leon - 388
Lincoln - 848
Mohamed - 734
Montrell - 940
Conor - 290
Clint - 396
Mathew - 174
Lena - 507
Gretchen - 683
Freddie - 619
Santiago - 517
Aric - 720
Gabriela - 139
Domonique - 901
Sara - 36
Kody - 253
Spenser - 831
Chaim - 922
Rory - 626
Edwin - 177
Kelsey - 805
Rose - 318
Antonio - 85
Rosa - 235
Elena - 337
Marques - 921
Talon - 842
Kasandra - 696
Marquez - 811
Trent - 257
Ross - 231
Ivana - 884
Anjelica - 734
Kelsea - 520
Harold - 355
Flor - 941
Ashleigh - 197
Roman - 374
Ivette - 649
Whitley - 849
Reuben - 670
Peter - 81
Rashad - 416
Essence - 876
Aidan - 633
Collin - 187
Chris - 471
Albert - 205
Liza - 986
Heather - 31
Saul - 375
Bobbie - 764
Alice - 372
Nicholas - 12
Chantal - 719
Walker - 737
Elise - 297
Elisa - 457
Jalisa - 492
Kai - 837
Andy - 252
Antonia - 653
Gianna - 622
Adrianna - 289
Madalyn - 910
Dustin - 58
Adrianne - 822
Philip - 138
Demetrius - 281
Connie - 573
Marquis - 295
Tyron - 849
Payton - 703
Felisha - 829
Jamarcus - 789
Ezra - 793
Darion - 749
Rikki - 794
Tracy - 591
Anderson - 852
Destini - 964
Aron - 555
Trace - 955
Camille - 259
Yolanda - 422
Blaine - 438
Desirae - 477
Forest - 820
Traci - 660
Destiny - 129
Alesha - 782
Brielle - 804
Ralph - 441
Deangelo - 534
Elvis - 750
Elvin - 924
Unknown - 843
Ivan - 151
Giselle - 838
Symone - 862
Brittny - 882
Kaila - 428
Levi - 168
Lane - 597
Lana - 858
Tamara - 223
Russell - 185
Mariana - 538
Britton - 943
Bernard - 418
Iliana - 820
Georgia - 594
Debra - 635
Tracey - 596
Miranda - 89
Marco - 198
Abraham - 254
Guadalupe - 661
Eduardo - 132
Carmen - 228
Kortney - 836
Tristan - 371
Humberto - 520
Luisa - 999
Lizeth - 956
Monique - 151
Maira - 732
Lionel - 748
Lynette - 832
Dorothy - 484
Brittni - 549
Kaylyn - 595
Mitchell - 91
Daphne - 891
Justen - 927
Alison - 147
Precious - 442
Jaleel - 721
Nicolette - 343
Daniela - 285
Barbara - 249
Brennen - 777
Lloyd - 552
Desiree - 121
Antony - 844
Bryon - 770
Wesley - 111
Charlotte - 287
Isaac - 124
Eric - 26
Jakob - 481
Jesse - 693
Connor - 80
Elliot - 404
Jessi - 966
Tommy - 303
Erik - 98
Mario - 128
Trisha - 335
Chasity - 362
Erin - 796
Jackie - 701
Kori - 667
Jessy - 756
Lara - 642
Theron - 995
Clay - 483
Staci - 537
Kolton - 838
Kia - 813
Noelle - 452
Jeremiah - 161
William - 20
Amanda - 3
Beatrice - 742
Marie - 240
Stacy - 869
Santos - 753
Lindsey - 57
Lauryn - 754
Cheyanne - 687
Maria - 45
Katarina - 574
Timothy - 34
Brennan - 367
Claudia - 190
Lamont - 551
Karlie - 720
Alissa - 272
Aubree - 857
Aubrey - 711
Nathanael - 497
China - 818
Latasha - 461
Alexia - 522
Anne - 182
Salvatore - 557
Anna - 49
Willie - 237
Alexis - 331
Darryl - 321
Latoya - 432
Kristian - 699
Brandy - 168
Kory - 470
Tyrone - 289
Rolando - 500
Bruce - 291
Tabitha - 189
Cassidy - 991
Willis - 965
Brandi - 110
Juan - 56
Elaine - 417
Bernadette - 840
Lacey - 173
Elaina - 766
Teddy - 954
Raymundo - 800
Melissa - 24
Natasha - 120
Katelynn - 299
Cecilia - 275
Mandy - 645
Rakeem - 772
Nikko - 889
Kaela - 828
Karen - 122
Moses - 572
Steven - 29
Tina - 312
Cheyenne - 169
Destinee - 553
Nikki - 311
Lindsay - 81
Cortney - 319
Avery - 543
Christin - 731
Shakira - 745
Pierre - 603
Tyquan - 964
Christie - 518
Chad - 108
Hassan - 857
Joyce - 539
Mckenna - 589
Jesus - 78
Shauna - 460
Lacie - 659
Karlee - 608
Kaitlynn - 451
Marla - 1000
Madelyn - 575
Chaz - 511
Alisha - 162
Kendra - 126
Judy - 658
Karley - 798
Pete - 952
Ethan - 76
Melisa - 775
Trae - 823
Terrence - 270
Leticia - 321
Chance - 329
Cornelius - 542
Steve - 302
Tatiana - 269
Dillion - 539
Catalina - 895
Corey - 790
Octavia - 597
Peyton - 763
Jayson - 492
Shannon - 465
Titus - 834
Octavio - 709
Angelica - 100
Alysa - 864
Roosevelt - 960
Lizbeth - 560
Chanel - 393
Nataly - 929
Wallace - 897
Keven - 888
Eugene - 338
Stevie - 865
Christen - 670
Louis - 193
Danielle - 18
Sasha - 296
Bradley - 72
Beau - 392
Elias - 341
Hayley - 135
Daniella - 483
Brandyn - 640
Nikolas - 478
Earl - 458
Emerald - 917
Justin - 18
Jeffrey - 51
Moshe - 813
Walter - 217
Haylee - 557
Giancarlo - 945
Ahmed - 724
Shelly - 647
Katheryn - 924
Demetria - 888
Ricky - 191
Erwin - 978
Nigel - 516
Anissa - 854
Ruben - 178
Ted - 759
Roland - 535
Trey - 269
Isidro - 925
Coral - 990
Griffin - 561
Bryce - 175
Kristyn - 641
Jacques - 895
Cordell - 917
Iris - 448
Dusty - 884
Janae - 498
Estefania - 722
Camron - 818
Kassandra - 204
Mikayla - 566
Sherry - 710
Trevon - 515
Lauren - 12
Rocco - 941
Laurel - 609
Shelton - 876
Julius - 453
Emerson - 993
Janay - 811
Malik - 395
Mike - 545
Bill - 898
Dora - 980
Malia - 997
Andreas - 916
Braxton - 648
Trevor - 63
Laron - 979
Raheem - 509
Jameson - 719
Fidel - 840
Abby - 260
Paul - 55
Shanice - 163
Glen - 526
Nicole - 14
Heidi - 225
Garret - 442
Javon - 499
Alanna - 502
Khalil - 660
Tia - 286
Bo - 622
Latifah - 801
Gerard - 630
Fernando - 170
Roxana - 757
Josef - 821
Jackson - 223
Marilyn - 382
Cameron - 698
Miguel - 90
Brad - 462
Brittney - 68
Kalen - 939
Perry - 519
Tess - 465
Kaleb - 280
Ernest - 337
Janel - 889
Brant - 937
Kaley - 470
Janet - 231
Bianca - 97
Monika - 907
Benjamin - 33
Demario - 782
Laurie - 768
Abel - 370
Jerica - 936
Irma - 835
Dequan - 874
Angelina - 284
Gregory - 60
Edward - 70
Westley - 872
Asha - 842
Moriah - 479
Larry - 173
Jaclyn - 171
Antoinette - 476
Shante - 881
Ingrid - 708
Cindy - 183
Micah - 769
Breonna - 932
Brett - 97
Holden - 693
Baby - 725
Ciera - 410
Myron - 680
Ryan - 604
Casey - 109
Asia - 251
Maurice - 246
Kendall - 350
Juliana - 441
Carlos - 69
Bret - 466
Zackery - 326
Josie - 620
Julio - 201
Macy - 433
Alonzo - 506
Bree - 973
Pierce - 726
Janie - 709
Brea - 875
George - 95
Kelvin - 319
Sammy - 629
Jered - 981
Johnnie - 632
Gwendolyn - 684
Shanna - 512
Kalie - 919
Jerel - 957
Berenice - 823
Tessa - 236
Pablo - 332
Rocky - 752
Forrest - 316
Guy - 615
Spencer - 99
Clayton - 167
Troy - 146
Tom - 861
Natalie - 61
Kaitlyn - 42
Natalia - 366
Brianda - 777
Leslie - 702
Jamison - 654
Dianna - 729
Justice - 822
Katelin - 634
Preston - 202
Jamaal - 683
Betsy - 837
Corbin - 393
Brittany - 4
Candace - 185
Yasmin - 612
Jarod - 755
Rodolfo - 383
Shaniqua - 420
Garett - 932
Brittani - 320
Jaron - 485
Tara - 118
Maggie - 271
Jimmy - 200
Deidra - 819
Deonta - 839
Deidre - 630
Betty - 721
Hollie - 665
Alfredo - 274
Coy - 998
Harley - 525
Julia - 70
Trever - 698
Julie - 106
Lorenzo - 333
Alycia - 686
Deonte - 523
Hope - 310
Graham - 401
Tre - 428
Maxwell - 169
Brady - 238
Belinda - 735
Dorian - 524
Bria - 334
Samir - 973
Tate - 686
Katlin - 718
Audrey - 175
Ulises - 760
Moises - 424
Emilie - 591
Janna - 960
Brent - 160
Emilia - 934
April - 103
Elijah - 203
Delia - 968
Monica - 77
Shaniece - 937
Tiffanie - 791
Carlie - 605
Travon - 669
Rachael - 123
Emilio - 386
Madison - 781
Margarita - 463
Sheena - 621
Dayna - 752
Rebecca - 20
Otis - 851
Rigoberto - 599
Ezequiel - 787
Rubi - 926
Latisha - 503
Darwin - 956
Simone - 408
Jessika - 673
Jevon - 911
Abdul - 980
Sherman - 795
Ruby - 274
Kayleigh - 407
Hayden - 248
Dwayne - 352
Demarco - 774
Ivonne - 899
Lea - 632
Faith - 245
Kieran - 971
Stefani - 918
Lee - 255
Suzanne - 446
Felicia - 146
Edmund - 880
Kristin - 90
Eliana - 916
Valerie - 136
Bryson - 510
Leann - 814
Leo - 464
Wilfredo - 786
Valeria - 389
Yadira - 626
Rocio - 529
Leroy - 494
Ariana - 207
Drake - 425
Houston - 747
Franklin - 311
Yvonne - 381
Zackary - 278
Kristie - 481
Beth - 515
Irvin - 543
Ericka - 380
Carley - 409
Landon - 276
Marlene - 358
Emily - 7
Aurora - 680
Marlena - 812
Osvaldo - 656
Remington - 953
Rudy - 387
Becky - 993
Arnulfo - 996
Byron - 314
Hunter - 135
Evelyn - 202
Gilberto - 423
Anton - 695
Emilee - 501
Alexa - 140
Kaycee - 981
Jazmine - 266
Rochelle - 445
Devonte - 226
Logan - 440
Devonta - 569
Kayla - 13
Joseph - 11
Melody - 308
Jamila - 923
Carlee - 715
Charity - 500
Adrienne - 279
Edgar - 149
Geneva - 935
Adriana - 141
Sharon - 298
Aaron - 30
Katharine - 361
Cedrick - 968
Jessenia - 965
Sarai - 797
Sarah - 5
Jenifer - 672
Kelby - 855
Josephine - 426
Graciela - 898
Mayra - 200
Kirsten - 166
Sophie - 485
Joaquin - 631
Martin - 117
Alana - 386
Olivia - 58
Leandra - 869
Bradly - 707
Kristen - 53
Hillary - 131
Sonny - 754
Ryne - 676
Caitlyn - 156
Zachariah - 305
Sophia - 212
Brannon - 990
Scott - 61
Cassondra - 878
Jennifer - 11
Patricia - 111
Curtis - 142
Sheila - 401
Shanae - 663
Maranda - 493
Antwan - 610
Lesley - 638
Chadwick - 705
Erica - 44
Ismael - 381
Martha - 246
Erich - 730
Harry - 366
Erick - 222
Ty - 345
Keenan - 362
Fred - 573
Jerrica - 805
Latrice - 915
Miles - 283
Cheryl - 533
Deante - 900
Markus - 514
Jerry - 183
Marcel - 558
Randall - 235
Ernesto - 313
Jennie - 640
Crystal - 50
Marc - 213
Darrell - 293
Sterling - 440
Clara - 469
Mara - 613
Mark - 49
Irene - 430
Clare - 679
Hanna - 290
Galen - 866
Linda - 192
Jerod - 926
Sonia - 330
Santana - 848
Warren - 358
Yessenia - 714
Stanley - 343
Clark - 623
Scotty - 768
Martez - 776
Mary - 37
Vincent - 92
Madeleine - 468
Herman - 699
Oliver - 359
Paola - 490
Kirstin - 580
Mollie - 499
Jean - 928
Sonja - 983
Kirstie - 559
Jeremy - 47
Fabian - 339
Kristal - 861
Josue - 285
Daquan - 605
Sandra - 153
Michelle - 25
Allyssa - 763
Kalyn - 758
Deanna - 155
Gerald - 244
Tyrel - 935
Francis - 318
Regan - 894
Dejuan - 938
Tyree - 479
Dwight - 495
Cassie - 234
Shelley - 776
Tamika - 789
Roderick - 431
Axel - 908
Kenton - 915
Tiffani - 447
Jenna - 67
Fatima - 627
Kaitlin - 113
Clifford - 415
Wendy - 222
Roxanne - 431
Tiffany - 32
Dashawn - 586
Lora - 873
Ayanna - 930
Jenny - 244
Jill - 397
Lori - 400
Sonya - 593
Aimee - 314
Raphael - 578
Casandra - 496
Bridgette - 562
Darnell - 419
Carol - 412
Amelia - 214
Jonathan - 21
Rodrigo - 468
Maura - 691
Kathleen - 108
Chaya - 959
Kelly - 417
Braden - 412
Dan - 715
Kristofer - 567
Anastasia - 352
Krysta - 674
Liana - 748
Marcos - 263
Jeff - 697
Katrina - 132
Irving - 647
Shanika - 806
Kelli - 216
Armand - 988
Shane - 77
Britni - 877
Grace - 127
Alisa - 513
Katlyn - 294
Rebekah - 145
Allyson - 229
Angie - 652
Erika - 80
Robert - 17
Maya - 369
Carly - 134
Kyla - 365
Meghan - 91
Larissa - 374
Nico - 614
Skye - 723
Kyle - 22
Autumn - 170
Nick - 689
Royce - 736
Marshall - 304
Derrick - 120
Kiley - 700
Olga - 830
Nikita - 650
Maureen - 592
Broderick - 903
Isabel - 265
Raymond - 104
Princess - 870
Karissa - 309
Tabatha - 602
Lydia - 205
Jerald - 867
Vivian - 307
Brice - 584
Dondre - 854
Augustus - 891
Grady - 808
Shanequa - 856
Rodrick - 881
Jace - 550
Gonzalo - 733
Jack - 155
Jaqueline - 815
Bailey - 989
Dalvin - 931
Naomi - 253
Anthony - 19
Kierra - 398
Carlo - 914
Justine - 224
Tayler - 860
Carli - 713
Ashely - 774
Justina - 624
Luz - 631
Carla - 276
Lewis - 413
Genesis - 375
Jerrod - 688
Shana - 423
Ashlynn - 817
Storm - 894
Silvia - 614
Samantha - 6
Carter - 451
Ellen - 217
Toby - 607
Terence - 482
Phillip - 107
Kyra - 438
Bryant - 261
Rhonda - 770
Deion - 751
Ruth - 323
Wayne - 294
Quinton - 353
Bryana - 998
Devin - 273
Jada - 717
Jade - 779
Kiara - 193
Christine - 82
Maryann - 976
Quincy - 505
Chantelle - 778
Gabrielle - 84
Damaris - 974
Alyson - 399
Gabriella - 209
Niko - 890
Donnie - 641
Kandace - 946
Abigail - 86
Randy - 158
Neal - 508
Agustin - 618
Magdalena - 921
Kenya - 510
Jena - 546
Ronald - 112
Randi - 359
Lyndsey - 455
Stephany - 453
Norma - 517
Israel - 297
Loren - 645
Todd - 216
Milton - 560
Shelbie - 527
Christina - 33
Brendan - 144
Ronnie - 309
Janelle - 262
Dulce - 648
Manuel - 131
Julissa - 756
Lester - 668
Tania - 384
Kallie - 844
Eddie - 259
Chandler - 541
Randolph - 788
Frances - 388
Janell - 905
Susanna - 912
Aisha - 571
Felipe - 414
Alyssa - 30
Makenzie - 603
Mallory - 172
Marcus - 82
Deven - 604
Corrine - 991
Darin - 601
Dario - 873
Danae - 951
Alexander - 927
Beatriz - 489
Jake - 119
Scarlett - 949
Reginald - 234
Jess - 875
Rick - 575
Dewayne - 662
Jamal - 242
Genevieve - 521
Reece - 700
Jamar - 493
Maxine - 977
Diamond - 219
Nina - 268
Damien - 308
Muhammad - 907
Madeline - 138
Davon - 449
Timmy - 877
Devante - 199
Marlee - 901
Ashlie - 505
Brody - 612
Jonathon - 136
Frankie - 556
Jorge - 109
Devan - 629
Jami - 633
Kareem - 548
Leonard - 327
Brittanie - 611
Neil - 323
Eileen - 579
Rebeca - 711
Don - 602
Donta - 970
Darrius - 590
Rico - 675
Annmarie - 945
Victoria - 22
Donte - 421
Karina - 159
Arturo - 268
Nikole - 948
Tyrell - 354
India - 390
Douglas - 126
Mai - 957
Mikaela - 799
Terri - 706
Daisy - 187
Gabriel - 851
Robin - 596
Miriam - 270
Malachi - 784
Terra - 747
Deandre - 277
Judith - 467
Max - 171
Darcy - 933
Gilbert - 378
Alysha - 482
Sawyer - 595
Margaret - 102
Felix - 346
Janine - 733
Wyatt - 368
Jamel - 582
Cade - 827
Colin - 127
James - 9
Alysia - 664
Allison - 48
Jana - 657
Jane - 395
Rudolph - 994
Kurt - 344
Brock - 306
Vince - 975
Sally - 495
Damian - 262
Ashley - 806
Dakota - 346
Bernardo - 824
Frank - 125
Tony - 163
Brittaney - 866
Molly - 83
Freddy - 525
Alberto - 225
Salvador - 292
Tyler - 281
Davis - 513
Britany - 610
Taryn - 370
Morris - 868
Christiana - 737
Cortez - 592
Arlene - 619
Alan - 129
Meagan - 157
Carolina - 305
Sidney - 618
Caroline - 105
Clinton - 211
Toni - 315
Davin - 847
Rogelio - 435
Herbert - 587
Breanna - 94
David - 10
Cedric - 407
Breanne - 486
Marlon - 475
Desmond - 265
Fredrick - 507
Krystal - 128
Iesha - 434
Britney - 194
Javonte - 684
Donnell - 723
Quentin - 364
Dayton - 984
Shaquille - 426
Dillan - 553
Jamie - 249
Wendell - 764
Jonah - 694
Jamil - 743
Johnathon - 279
Jonas - 905
Elissa - 727
Raquel - 242
Vanessa - 55
Donna - 377
Alvaro - 576
Wilson - 432
Shawnee - 871
Lucas - 106
Kolby - 706
Heriberto - 717
Andre - 140
Whitney - 85
Shea - 785
Christian - 280
Lyndsay - 779
Paris - 625
Melanie - 98
Tory - 716
Aldo - 836
Kailey - 466
Maximillian - 959
Danyelle - 897
Winston - 621
Gina - 164
Reed - 530
Lucia - 582
Channing - 886
Joann - 872
Joshua - 4
Camden - 878
Alex - 617
Mia - 329
Thalia - 755
Arianna - 396
Catherine - 78
Lorraine - 750
Imani - 550
Bridget - 201
Tasha - 333
Tori - 218
Alec - 172
Chastity - 989
Ian - 68
Matthew - 3
Benito - 739
Julien - 871
Brenton - 541
Addison - 634
Randal - 859
Emmanuel - 224
Macey - 846
Susana - 547
Tiera - 762
Tylor - 422
Colby - 197
Alonso - 829
Denzel - 330
Thomas - 27
Gino - 637
Stacey - 986
Cale - 863
Kandice - 920
Megan - 10
Jasper - 666
Calvin - 194
Travis - 48
Tanya - 267
Mauricio - 496
Gregorio - 828
Gustavo - 307
Reid - 455
Omar - 145
Stacie - 526
Leigh - 556
Edgardo - 692
Yvette - 342
Misty - 351
Priscilla - 179
Demetri - 778
Damon - 284
Hernan - 804
Clifton - 538
Kameron - 398
Kendrick - 351
Krystle - 786
Julian - 133
Carson - 950
Cassandra - 52
Terry - 196
Nancy - 143
Greg - 794
Marisela - 690
Jasmine - 28
Susan - 210
Meaghan - 406
Kristopher - 189
Jessica - 2
Kadeem - 581
Ramiro - 456
Billy - 230
Jarrett - 447
Marcella - 749
Janice - 514
Davonta - 918
Hannah - 26
Renee - 215
Davonte - 491
Hugh - 830
Maritza - 427
Reese - 798
Hugo - 379
Harvey - 809
Kailee - 906
Sebastian - 229
Tierra - 349
Stetson - 942
Alma - 368
Kathy - 509
Van - 974
Jocelyn - 165
Chrystal - 859
Lucero - 781
Damion - 580
Elisha - 902
Robbie - 858
Katie - 54
Gene - 655
Stephanie - 8
Jermaine - 349
Ashlyn - 371
Leeann - 885
Frederick - 275
Rita - 588
Donovan - 243
Carl - 182
Esteban - 389
Katelyn - 66
Cara - 247
Racheal - 666
Reynaldo - 606
Leila - 971
Jabari - 738
Alexandre - 987
Jaime - 376
German - 664
Kegan - 790
Tiara - 237
Alexandra - 29
Mercedes - 177
Porsha - 847
Alexandro - 882
Nathan - 44
Candice - 198
Hallie - 598
Cruz - 801
Esmeralda - 403
Laquan - 949
Cary - 967
Roger - 214
Doris - 883
Celina - 615
Domenic - 999
Mohammed - 678
Rene - 328
Kacey - 662
Quinten - 982
Audra - 712
Mikel - 850
Gage - 335
Josiah - 324
Eliseo - 910
Clarissa - 243
Alejandro - 113
Janette - 685
Summer - 254
Shanelle - 953
Jared - 67
Jacquelyn - 241
Kourtney - 444
Chandra - 967
Perla - 576
Silas - 817
Alaina - 436
Delaney - 707
Adan - 498
Najee - 928
Adam - 36
Roberto - 159
Zoe - 282
Deborah - 300
Alejandra - 149
Brianna - 43
Lyle - 757
Brianne - 332
Efren - 826
Lance - 204
Kacie - 504
Claude - 887
Krystina - 947
Robyn - 348
Donald - 110
Tiana - 336
Nadine - 759
Ayla - 783
Shawna - 306
Joelle - 914
Grayson - 620
Rachel - 16
Ciara - 208
Quintin - 583
Sadie - 421
Mohammad - 588
Jairo - 713
Meredith - 199
Griselda - 834
Garrison - 892
Stuart - 427
Veronica - 95
Tianna - 577
Lucy - 478
Cesar - 195
Serena - 491
Valencia - 913