
2006 ------------
Rafael - 217
Akira - 965
Reyna - 595
Austin - 41
Sienna - 177
Ray - 560
Evangeline - 597
Kira - 249
Mya - 101
Tyson - 276
Michael - 2
Charlie - 761
Waylon - 547
Triston - 487
Jaelyn - 442
Karma - 852
Bryan - 66
Kaleigh - 488
Corinne - 826
Junior - 627
Cynthia - 240
Alden - 811
Cristobal - 991
Daniel - 6
Shayla - 330
Kevin - 37
Aden - 244
Kimora - 422
Amirah - 971
Efrain - 663
Izayah - 976
Justus - 743
Elmer - 907
Alexus - 545
Morgan - 366
Kade - 435
Tamia - 575
Jacoby - 909
Elliott - 388
Holly - 346
Lyric - 644
Jordan - 97
Ella - 21
Ace - 838
Deacon - 687
Francesca - 428
Shayna - 810
Paula - 671
Ahmad - 524
Joan - 978
Gaven - 948
Keaton - 382
Kamryn - 275
Celeste - 327
Orlando - 356
Leland - 342
Karli - 865
Mackenzie - 53
Anaya - 486
Jerome - 577
Cooper - 113
Karla - 209
Ada - 715
Jeffery - 432
Eli - 139
Maribel - 803
Rex - 814
Edith - 638
Rey - 854
Nikhil - 874
Jazmyn - 620
Abagail - 895
Sierra - 141
Austen - 924
Samuel - 25
Bryanna - 424
Pamela - 530
Jaeden - 666
Korbin - 799
Iyanna - 991
Luka - 807
Elle - 480
Denise - 379
Mariah - 81
Rodney - 449
Mariam - 692
Campbell - 659
Benny - 962
Keely - 698
Dean - 385
Keith - 277
Luis - 62
Shelby - 133
Myles - 311
Kael - 851
Savanna - 230
Nickolas - 336
Kamari - 664
Michaela - 331
Teresa - 535
Brooklyn - 67
Ivy - 334
Keira - 109
Derick - 736
Aileen - 537
Madilyn - 436
Leanna - 748
Guillermo - 440
Riley - 101
Diana - 120
Leonardo - 184
Gary - 350
Danica - 352
Luke - 43
Alfonso - 552
Brandon - 27
Braydon - 396
Sergio - 195
Joel - 124
Gavin - 38
Joey - 537
Keon - 770
Arnav - 932
Piper - 246
Jacob - 1
Raul - 255
Jasmin - 183
Yasmine - 588
Selene - 987
Jasiah - 933
John - 20
Arely - 576
Jillian - 174
Emmett - 569
Caden - 91
Kylan - 740
Howard - 836
Dandre - 992
Brayden - 79
Ainsley - 456
Keshawn - 823
Johanna - 376
Celia - 707
Jalen - 228
Roselyn - 706
Nelson - 447
Montana - 868
Ronan - 598
Shyann - 975
Kaia - 694
Marina - 406
Elizabeth - 11
Theodore - 296
Luna - 516
Selena - 285
Barrett - 762
Virginia - 511
Branden - 472
Kamron - 668
Zaria - 718
Cullen - 790
Zion - 817
Alexzander - 615
Kale - 766
Itzel - 378
Micaela - 961
Clarence - 818
Kali - 542
Mireya - 983
Richard - 99
Giovanny - 702
Annie - 398
Theresa - 717
Emanuel - 263
Citlali - 948
Dion - 988
Mckenzie - 165
Giovanni - 146
Cierra - 563
Yandel - 674
Oswaldo - 546
Krista - 701
Tatyana - 820
Yaretzi - 837
Giovanna - 723
Keegan - 225
Elsa - 792
Blaze - 868
Garrett - 138
Areli - 979
Trista - 812
Ali - 360
Trinity - 63
Angelo - 262
Eden - 320
Angela - 114
Isaiah - 40
Kane - 701
Kyler - 265
Charlee - 915
Allie - 229
Elyse - 684
Cecelia - 669
Charles - 60
Alessandra - 361
Jayce - 427
Layla - 100
Ashly - 780
Amy - 128
Adeline - 467
Cristofer - 804
Cayla - 886
Isaias - 531
Ayana - 700
Eva - 124
Nadia - 188
Courtney - 190
Makayla - 45
Eddy - 855
Ana - 143
Craig - 548
Eve - 590
Alessandro - 608
Deja - 753
Roy - 458
Jayda - 294
Drew - 205
Ann - 731
Coby - 832
Zack - 936
Cyrus - 515
Weston - 380
Hailey - 25
Jorden - 759
Glenn - 850
Kenzie - 557
Christopher - 7
Dominic - 85
Ricardo - 152
Paloma - 853
Elisabeth - 502
Kylee - 146
Nia - 380
Dominik - 612
Noah - 15
Penelope - 481
Kimberly - 58
Jan - 751
Hailee - 454
Jax - 995
Cody - 106
Luciana - 927
Johnathan - 177
Aniya - 262
Jay - 351
Kara - 279
Selina - 901
Donavan - 812
Blanca - 800
Marissa - 104
Savanah - 625
Emmalee - 685
Aniyah - 220
Uriel - 403
Maximilian - 348
Francisco - 157
Liliana - 150
Karl - 769
Coen - 963
Dayanara - 435
Dalton - 199
Luciano - 704
Anais - 869
Sabrina - 197
Ryland - 686
Austyn - 974
Kenia - 874
Colten - 510
Meadow - 804
Ashanti - 882
Ronin - 997
Devyn - 748
Briana - 121
Allen - 283
Brendon - 501
Matteo - 619
Ryker - 624
Jalynn - 949
Demarcus - 735
Frida - 836
Sean - 68
Ari - 634
Enrique - 281
Savana - 931
Bethany - 244
Sydney - 34
Raven - 441
Kinsey - 898
Haley - 75
Kate - 142
Abbigail - 490
Asher - 252
Sydnee - 769
Vance - 719
Ashton - 121
Nicolas - 140
Dante - 291
Asa - 623
Misael - 620
Jose - 32
Angelique - 693
Josh - 714
Dallas - 352
Valentina - 438
Andrea - 59
Deon - 849
Kylie - 66
Seamus - 842
Lawrence - 407
Layne - 691
Paulina - 499
Amir - 324
Raegan - 434
Noel - 448
Valentino - 967
Issac - 409
Anahi - 287
Stephan - 965
Tobias - 484
Yahir - 387
Javion - 644
Zechariah - 676
Hailie - 760
Duncan - 654
Marianna - 689
Arthur - 377
Ashlee - 338
Zain - 865
Marisa - 498
Everett - 451
Adolfo - 581
Colleen - 902
Xavier - 78
Fabiola - 980
Carissa - 585
Fiona - 333
Marcelo - 890
Tanner - 142
Armando - 264
Micheal - 419
Andres - 161
Heaven - 253
Andrew - 8
Noe - 450
Diego - 56
Allan - 507
Darien - 830
Dahlia - 988
Ava - 5
Liam - 98
Felicity - 617
Kenny - 498
Harrison - 232
Lilah - 867
Jayla - 99
Kenna - 924
Jazmin - 156
Edison - 947
Stefan - 878
Cannon - 796
Sincere - 637
Skyler - 315
Dennis - 313
Gavyn - 710
Braylon - 401
Rhiannon - 738
Yaritza - 897
Annabella - 556
Myah - 647
Kaya - 640
Abbie - 650
Norah - 513
Halie - 937
Marvin - 346
Ramon - 367
Vicente - 599
Jordon - 739
Taniya - 664
Skyla - 598
Maddox - 235
Dale - 745
Cristian - 132
Nathaly - 782
Zakary - 894
Scarlet - 843
Stephen - 165
Yuridia - 894
Amber - 136
Blake - 97
Halle - 493
Danna - 518
Danny - 307
Kaliyah - 755
Kaydence - 356
Zane - 243
Caleb - 34
Jaden - 304
Ariel - 471
Omari - 715
Helena - 508
Gerardo - 268
Kellen - 526
Braylen - 756
Savannah - 30
Carolyn - 517
Cole - 84
Annabelle - 206
Leyla - 986
Jaelynn - 793
Dana - 395
Dylan - 733
Mason - 39
Jordyn - 780
Dane - 393
Colt - 906
Rosemary - 703
Rhett - 683
Nathalia - 783
Carrie - 859
Athena - 504
Nathalie - 538
Noemi - 634
Adriel - 707
Finnegan - 779
Skylar - 436
Adrien - 754
Kiera - 301
Regina - 603
Lorena - 705
Ezekiel - 269
Colton - 133
Darian - 590
Jessie - 558
Nathanial - 724
Kasen - 898
Jimena - 472
Brogan - 999
Alicia - 167
Abbey - 695
Devon - 197
Bobby - 480
Chloe - 18
Saniyah - 710
Kasey - 671
Chelsey - 790
Kaylynn - 621
Dillon - 223
Quinn - 540
Giovani - 791
Jalyn - 956
Gloria - 453
Ellis - 783
Prince - 825
Litzy - 829
Jarvis - 1000
Chelsea - 192
Solomon - 486
Antoine - 631
Brenna - 381
Memphis - 923
Cora - 384
Zara - 858
Raina - 925
Ellie - 175
Joe - 370
Mattie - 827
Javier - 162
Janessa - 594
Leah - 69
Dania - 985
Esther - 298
Lilia - 930
Jon - 455
August - 618
Joy - 507
Gunner - 578
Marquise - 866
Thaddeus - 998
Derek - 159
Alayna - 268
Dominique - 763
Tyra - 662
Abigale - 889
Sam - 463
Cristal - 660
Paige - 76
Callie - 303
Kiana - 401
Adrian - 63
Kiersten - 509
Lily - 33
Victor - 104
Kathryn - 144
Rowan - 642
Adison - 767
Anika - 485
Maverick - 605
Sylvia - 524
Conrad - 788
Nya - 977
Jovan - 840
Estevan - 846
Will - 533
Oscar - 118
Gordon - 900
Sage - 689
Malakai - 727
Lukas - 241
Patrick - 110
Brenden - 317
Laura - 172
Cory - 431
Nora - 245
Lamar - 672
Makai - 856
Lila - 329
Marisol - 321
Haiden - 872
Ximena - 393
Coleman - 661
Trenton - 192
Pedro - 219
Danika - 569
Helen - 343
Abigayle - 777
Katherine - 36
Cadence - 214
Caitlin - 207
Keyon - 882
Claire - 86
Terrell - 520
Simon - 246
Treyvon - 928
Talia - 363
Zachery - 495
Ignacio - 703
Yesenia - 418
Angel - 160
Parker - 637
Hector - 175
Vaughn - 734
Chase - 83
Brian - 72
Gunnar - 502
Lina - 981
Alvin - 513
Tomas - 488
Sheldon - 843
Alfred - 755
Gillian - 758
Seth - 103
Deshaun - 853
Brenda - 239
Carina - 864
Amya - 476
Emiliano - 332
Cristina - 495
Leia - 957
Izaiah - 461
Julianna - 194
Eleanor - 277
Julianne - 884
Conner - 144
Nichole - 945
Omarion - 728
Jewel - 861
Kaylin - 399
Cristopher - 499
Myla - 918
Nolan - 145
Jefferson - 642
Ben - 555
Arielle - 587
Kaylie - 278
Kristina - 404
Tyshawn - 902
Isabelle - 85
Alina - 355
Davion - 478
Isabella - 4
Viviana - 449
Emma - 2
Brylee - 885
Heath - 786
Deshawn - 518
Nestor - 927
Adamaris - 920
Jaidyn - 586
Jacqueline - 118
Lisa - 503
Melina - 546
Kenneth - 128
Tatum - 349
Darren - 361
Owen - 58
Bennett - 369
Jason - 55
Alexandria - 147
Evan - 42
Laci - 682
Shawn - 169
Brooks - 592
Taylor - 222
Johnny - 237
Talen - 893
Darius - 280
Charlize - 751
Breana - 844
Leonel - 468
Hana - 716
Makena - 802
Brooke - 44
Pranav - 892
Greta - 680
Tucker - 260
Phoebe - 366
Melvin - 425
Wade - 551
Malcolm - 545
Annette - 881
Sofia - 56
Gracelyn - 759
Gauge - 881
Chana - 990
Joselyn - 314
Terrance - 465
Eliza - 325
Jaycee - 765
Santino - 688
Kenyon - 699
Nathaniel - 69
Henry - 95
Beckett - 758
Kelsie - 766
Grant - 155
Kaylee - 42
Kobe - 543
Zachary - 33
Shaun - 341
Aleah - 667
Lillian - 38
Mariela - 808
Dominick - 216
Kayley - 729
Korey - 981
Kaylen - 866
Jaquan - 656
Isiah - 406
Aiden - 30
Rayan - 996
Araceli - 570
Kadyn - 920
Koen - 859
Haleigh - 596
Joanna - 256
Dexter - 913
Lincoln - 300
Leon - 505
Libby - 798
Aracely - 722
Mohamed - 467
Conor - 496
Mathew - 316
Lena - 489
Shaniya - 646
Gretchen - 771
Santiago - 231
Aria - 661
Gabriela - 110
Sara - 72
Kody - 494
Estefani - 905
Dayana - 553
Chaim - 946
Rory - 826
Zavier - 809
Edwin - 158
Adelaide - 921
Kelsey - 184
Rose - 350
Antonio - 93
Leilani - 313
Rosa - 400
Elena - 187
Delilah - 548
Bruno - 793
Marques - 802
Talon - 428
Trent - 287
Lesly - 419
Arjun - 720
Ross - 747
Blaise - 985
Karter - 847
Kendal - 814
Harold - 652
Flor - 1000
Ashleigh - 688
Roman - 209
Konnor - 829
Reuben - 873
Peter - 167
Kaylah - 951
Rashad - 660
Essence - 839
Jakayla - 730
Aidan - 44
Collin - 181
Patience - 580
Chris - 358
Monserrat - 702
Albert - 354
Lilliana - 445
Saul - 297
Heather - 341
Alice - 383
Nicholas - 17
Walker - 414
Davian - 682
Elise - 218
Elisa - 543
Kai - 238
Gianni - 611
Truman - 943
Andy - 204
Gianna - 98
Adrianna - 179
Madalyn - 358
Dustin - 259
Philip - 343
Demetrius - 437
Marquis - 553
Payton - 267
Kole - 650
Ezra - 340
Jamarcus - 914
Darion - 869
Anderson - 399
Destini - 929
Aron - 640
Teagan - 827
Trace - 536
Camille - 308
Blaine - 572
Desirae - 883
Baylee - 469
Destiny - 37
Camilla - 825
Kamren - 980
Brielle - 459
Ralph - 764
Noelia - 795
Elvis - 761
Deangelo - 794
Serenity - 135
Jayleen - 833
Ivan - 127
Giselle - 168
Kaila - 772
Levi - 135
Lane - 322
Lana - 412
Lilian - 439
Ibrahim - 594
Tamara - 678
Russell - 404
Paisley - 835
Mariana - 176
Iliana - 727
Bernard - 945
Georgia - 273
Miranda - 139
Abraham - 183
Marco - 206
Guadalupe - 921
Eduardo - 126
Carmen - 258
Carmine - 785
Tristan - 86
Humberto - 697
Aubrie - 604
Lizeth - 691
Monique - 655
Kaylyn - 686
Mitchell - 275
Daphne - 606
Alison - 271
Brynn - 402
Siena - 629
Tatianna - 962
Precious - 555
Nicolette - 997
Lexi - 345
Daniela - 132
Yoselin - 600
Barbara - 561
Brennen - 732
Desiree - 300
Antony - 815
Amaris - 909
Wesley - 190
Valery - 720
Charlotte - 123
Isaac - 48
Eric - 77
Jakob - 293
Jesse - 102
Marin - 953
Connor - 53
Elliot - 372
Tommy - 460
Mario - 178
Erik - 189
Carmelo - 870
Chasity - 744
Erin - 130
Zaire - 821
Sheyla - 862
Melany - 466
Lara - 834
Kolton - 632
Clay - 708
Noelle - 451
Jeremiah - 71
Ryann - 697
William - 10
Amanda - 102
Beatrice - 966
Marie - 578
Stacy - 672
Santos - 718
Lindsey - 186
Lauryn - 430
Cheyanne - 657
Maria - 47
Brycen - 588
Kennedi - 622
Joselin - 892
Timothy - 94
Brennan - 299
Tristen - 335
Claudia - 339
Miah - 768
Lamont - 982
Kingston - 941
Karlie - 764
Tayla - 923
Alissa - 377
Kennedy - 115
Aubree - 426
Aubrey - 92
Nathanael - 462
Phoenix - 816
Alexia - 164
Anne - 460
Shamar - 800
Salvatore - 817
Anna - 23
Kayden - 624
Willie - 514
Gisselle - 677
Zoey - 119
Alexis - 130
Kristian - 466
Darryl - 773
Brandy - 801
Tyrone - 575
Romeo - 574
Rolando - 571
Bruce - 482
Tabitha - 534
Cassidy - 198
Keagan - 616
Brandi - 967
Juan - 61
Elaine - 719
Lacey - 446
Elaina - 448
Kamila - 873
Lexie - 520
Aedan - 760
Jude - 330
Melissa - 117
Natasha - 357
Jaiden - 464
Jasmyn - 926
Hezekiah - 885
Zoie - 552
Katelynn - 270
Jaylene - 912
Boston - 626
Cecilia - 265
Camryn - 929
Karen - 173
Kassidy - 457
Destiney - 972
Moses - 445
Steven - 90
Tina - 932
Cheyenne - 171
Destinee - 554
Annika - 335
Willow - 529
Lindsay - 263
Avery - 212
Aryanna - 652
Shakira - 791
Tristin - 557
Jolie - 614
Zariah - 789
Chad - 375
Hassan - 765
Joyce - 831
Mckenna - 217
Jesus - 74
Johan - 528
Lacie - 952
Karlee - 649
Kaitlynn - 525
Madelyn - 113
Chaz - 905
Alisha - 584
Kendra - 243
Karley - 916
Ethan - 4
Terrence - 538
Leticia - 797
Chance - 273
Cornelius - 939
Simeon - 950
Jeramiah - 926
Steve - 532
Jaheim - 977
Tatiana - 283
Catalina - 696
Corey - 234
Peyton - 154
Jayson - 353
Shannon - 986
Titus - 550
Rayna - 811
Octavio - 669
Angelica - 208
Gia - 643
Lizbeth - 323
Chanel - 917
Karis - 942
Nataly - 397
Ansley - 704
Kaiya - 851
Keven - 908
Eugene - 647
Konner - 876
Louis - 326
Danielle - 116
Sasha - 336
Bradley - 188
Beau - 438
Maeve - 645
Elias - 186
Hayley - 306
Daniella - 307
Nikolas - 383
Madyson - 408
Earl - 993
Gaige - 919
Justin - 45
Jeffrey - 180
Moshe - 662
Jaxon - 211
Haylee - 247
Walter - 355
Giancarlo - 716
Jacey - 747
Ethen - 952
Ahmed - 559
Xiomara - 806
Aryana - 823
Ricky - 394
Nigel - 709
Rayne - 992
Ruben - 227
Roland - 787
Trey - 250
Griffin - 254
Maleah - 847
Bryce - 109
Jovany - 833
Nevaeh - 43
Braelyn - 855
Anya - 405
Vincenzo - 857
Iris - 369
Jovani - 694
Aleena - 830
Mila - 749
Lilyana - 781
Milo - 679
Janae - 679
Camron - 345
Mikayla - 153
Kassandra - 421
Violet - 261
Trevon - 530
Lauren - 24
Rocco - 490
Laurel - 846
Julius - 319
Emerson - 539
Malik - 290
Evelin - 674
Mike - 680
Malia - 410
Andreas - 880
Braxton - 224
Trevor - 125
Cloe - 941
Jameson - 424
Yosef - 944
Abby - 205
Mina - 995
Paul - 134
Bella - 181
Nicole - 74
Heidi - 295
Soren - 808
Emery - 778
Matthias - 813
Garret - 750
Javon - 410
Alanna - 473
Haylie - 427
Khalil - 454
Kailyn - 492
Harper - 953
Tia - 608
Bo - 771
Fernanda - 431
Fernando - 151
Xzavier - 617
Nyla - 385
Izabella - 290
Kinley - 904
Josef - 972
Jackson - 36
Marilyn - 514
Cameron - 289
Miguel - 89
Brad - 897
Brittney - 626
Jaydin - 971
Kya - 943
Perry - 958
Tess - 734
Izabelle - 998
Kaleb - 115
Ernest - 723
Madelynn - 549
Kaley - 670
Janet - 562
Bianca - 182
Addyson - 370
Benjamin - 24
Aditya - 810
Abdullah - 888
Yuliana - 947
Natalee - 497
Imanol - 969
Abel - 338
Branson - 862
Hamza - 738
Angeline - 863
Angelina - 48
Gregory - 208
Edward - 143
Mira - 935
Moriah - 900
Xander - 278
Larry - 381
Jaclyn - 860
Ingrid - 619
Cindy - 365
Alivia - 254
Rhianna - 786
Micah - 714
Brett - 304
Holden - 384
Jaylyn - 796
Kianna - 773
Ryan - 455
Casey - 411
Khloe - 963
Asia - 332
Aylin - 776
Ryder - 257
Maurice - 400
Kendall - 573
Alondra - 170
Kaiden - 242
Jerimiah - 931
Juliana - 162
Carlos - 70
Zackery - 585
Belen - 914
Makenna - 231
Josie - 291
Julio - 240
Macy - 267
Alonzo - 558
Bree - 955
Pierce - 549
George - 153
Kelvin - 434
Sammy - 934
Emely - 309
Gwendolyn - 631
Messiah - 798
Jayden - 203
Samara - 351
Tessa - 252
Pablo - 292
Rocky - 973
Guy - 989
Gannon - 889
Spencer - 182
Clayton - 226
Troy - 229
Natalie - 16
Sullivan - 916
Kaitlyn - 41
Natalia - 94
Leslie - 108
Jamison - 534
Gideon - 591
Journey - 822
Maci - 666
Justice - 547
Preston - 114
Betsy - 743
Corbin - 289
Brittany - 318
Yasmin - 324
Camren - 579
Rodolfo - 519
Johnpaul - 979
Elsie - 879
Landyn - 580
Jaron - 819
Tara - 463
Maggie - 189
Jimmy - 325
Semaj - 693
Saige - 805
Alfredo - 334
Harley - 522
Julia - 31
Julie - 296
Lorenzo - 301
Nehemiah - 362
Hope - 200
Paxton - 777
Graham - 430
Maxwell - 149
Presley - 348
Brady - 105
Braeden - 331
Belinda - 809
Dorian - 469
Cayden - 213
Brooklynn - 237
Samir - 835
Bria - 870
Adyson - 877
Tate - 412
Audrey - 68
Enzo - 737
Ulises - 525
Franco - 918
Moises - 344
Emilie - 491
Malaki - 803
Emilia - 420
Brent - 481
Elijah - 29
April - 319
Monica - 250
Carlie - 592
Travon - 935
Rachael - 392
Emilio - 298
Madison - 3
Krish - 625
Margarita - 944
Finn - 456
Rihanna - 528
Rebecca - 96
Rigoberto - 789
Ezequiel - 541
Rubi - 615
Brisa - 605
Darwin - 772
Simone - 564
Ruby - 137
Kayleigh - 266
Jaylon - 479
Miya - 970
Hayden - 416
Dwayne - 610
Maia - 506
Lea - 613
Matias - 816
Faith - 64
Kieran - 566
Lee - 613
Kristin - 574
Eliana - 282
Kaelyn - 367
Bethzy - 878
Valerie - 127
Bryson - 176
Leo - 236
Easton - 359
Valeria - 90
Yadira - 541
Bradyn - 675
Rocio - 940
Leroy - 956
Ariana - 78
Drake - 239
Houston - 837
Franklin - 439
Esperanza - 675
Zackary - 320
Irvin - 670
Judah - 493
Ericka - 993
Carley - 550
Landon - 49
Marlene - 515
Emily - 1
Aurora - 312
Lillie - 484
Kyan - 899
Osvaldo - 491
Remington - 781
Rudy - 628
Malaya - 939
Byron - 523
Hunter - 54
Evelyn - 65
Gilberto - 554
Anton - 725
Emilee - 375
Alexa - 39
Jazmine - 226
Devonte - 841
Logan - 432
Kayla - 26
Joseph - 11
Melody - 299
Carlee - 654
Charity - 673
Adrienne - 736
Edgar - 171
Adriana - 106
Sharon - 623
Aaron - 57
Katharine - 906
Camila - 180
Nasir - 418
Sarai - 443
Sarah - 15
Josephine - 221
Mayra - 656
Sophie - 125
Kirsten - 407
Taliyah - 735
Lia - 521
Joaquin - 286
Leandro - 864
Maliyah - 871
Stella - 241
Martin - 200
Zayne - 959
Alana - 166
Olivia - 7
Shania - 487
Kristen - 374
Hillary - 982
Alani - 933
Sonny - 883
Lola - 280
Caitlyn - 199
Zachariah - 420
Sophia - 9
Scott - 253
Jennifer - 51
Curtis - 339
Patricia - 413
Sheila - 946
Briley - 960
Antwan - 828
Lesley - 750
Madisyn - 414
Kaden - 92
Jaylin - 628
Erica - 222
Ismael - 327
Martha - 526
Harry - 593
Erick - 174
Ty - 210
Keenan - 607
Adonis - 822
Elliana - 857
Miles - 202
Iyana - 880
Markus - 630
Jerry - 318
Marcel - 957
Ernesto - 379
Randall - 622
Crystal - 201
Amiyah - 635
Aliya - 699
Marc - 408
Darrell - 597
Sterling - 784
Clara - 233
Nyasia - 807
Mara - 681
Mark - 129
Irene - 593
Clare - 663
Hanna - 269
Linda - 462
Kayli - 887
Sonia - 599
Santana - 877
Isai - 706
Warren - 506
Stanley - 600
Clark - 696
Mckinley - 964
Alijah - 584
Mary - 84
Vincent - 108
Madeleine - 337
Aliza - 856
Oliver - 173
Paola - 302
Mollie - 756
Jean - 721
Alize - 959
Jeremy - 123
Aidyn - 910
Fabian - 272
Josue - 193
Jaliyah - 762
Sandra - 364
Michelle - 80
Jaylen - 191
Deanna - 532
Gerald - 544
Taniyah - 891
Francis - 561
Regan - 567
Tyree - 700
Annalise - 589
Cassie - 732
Jaylee - 818
Kadin - 636
Roderick - 730
Axel - 295
Talan - 309
Jenna - 88
Fatima - 228
Kaitlin - 344
Wendy - 354
Dalia - 849
Draven - 685
Tiffany - 210
Dashawn - 690
Ayanna - 527
Jenny - 475
Aimee - 763
Raphael - 681
Armani - 936
Jovanny - 805
Landin - 891
Darnell - 711
Carol - 968
Amelia - 82
Jonathan - 22
Amelie - 784
Sanai - 974
Rodrigo - 363
Maura - 922
Kathleen - 371
Sanaa - 607
Chaya - 785
Keyshawn - 949
Alena - 665
Braden - 141
Kelly - 212
Kamden - 795
Anastasia - 288
Nayeli - 394
Liana - 721
Marcos - 248
Katrina - 382
Jovanni - 776
Shane - 179
Jaylan - 692
Grace - 17
Jaylah - 903
Tristian - 729
Alisa - 890
Katlyn - 787
Neveah - 996
Rebekah - 276
Allyson - 259
Angie - 389
Erika - 238
Maximus - 374
Robert - 47
Maya - 57
Zayden - 871
Carly - 251
Kyla - 204
Meghan - 322
Larissa - 633
Nico - 667
Skye - 433
Kyle - 80
Autumn - 95
Keyla - 841
Nick - 820
Royce - 901
Marshall - 417
Derrick - 256
Rohan - 521
Declan - 364
Kiley - 429
Zander - 306
Hadley - 494
Broderick - 884
Shyanne - 726
Isabel - 87
Johana - 850
Raymond - 194
Princess - 709
Karissa - 618
Lydia - 131
Bailee - 651
Vivian - 223
Brice - 695
Augustus - 831
Karson - 556
Kadence - 391
Gracie - 103
Grady - 475
Isis - 566
Rhys - 915
America - 458
Jace - 187
Porter - 476
Gonzalo - 925
Jack - 35
Jaqueline - 512
Bailey - 635
Jamarion - 459
Naomi - 129
Jaylynn - 632
Anthony - 9
Kierra - 601
Aiyana - 739
Carlo - 937
Tayler - 911
Justine - 950
Lawson - 673
Luz - 591
Carla - 501
Lewis - 678
Genesis - 169
Ashlynn - 293
Samantha - 10
Janiya - 386
Carter - 75
Ellen - 544
Kason - 752
Toby - 509
Reina - 938
Phillip - 285
Kyra - 195
Braulio - 966
Bryant - 389
Akeelah - 711
Jaxson - 391
Harmony - 342
Hudson - 249
Ruth - 373
Quinton - 477
Wayne - 645
Cherish - 754
Jada - 93
Devin - 100
Jade - 111
Kiara - 185
Christine - 437
Landan - 955
Quincy - 489
Jazlyn - 533
Aspen - 572
Gabrielle - 62
Damaris - 609
Alyson - 471
Gabriella - 50
Niko - 983
Lilly - 151
Abigail - 6
Randy - 310
Agustin - 657
Magdalena - 908
Kenya - 523
Haden - 858
Savion - 867
Lucian - 824
Ronald - 251
Stephany - 799
Israel - 203
Todd - 653
Milton - 845
Christina - 158
Brendan - 185
Ronnie - 563
Janelle - 390
Dulce - 274
Manuel - 164
Stone - 984
Julissa - 225
Tania - 447
Yusuf - 912
Lainey - 725
Maryam - 954
Kallie - 821
Eddie - 395
Amaya - 215
Chandler - 402
Frances - 779
Aisha - 683
Felipe - 457
Alyssa - 19
Makenzie - 196
Mallory - 234
Marcus - 112
Deven - 606
Dario - 875
Anabelle - 757
Alexander - 12
Jadon - 398
Landen - 201
Jake - 107
Scarlett - 297
Marley - 415
Shaylee - 788
Reginald - 516
Nathen - 806
Cohen - 415
Jamal - 504
Jair - 726
Genevieve - 368
Reece - 413
Jamar - 649
Diamond - 316
Nina - 272
Damien - 196
Muhammad - 639
Maximo - 922
Madeline - 71
Davon - 603
Marlee - 775
Maxim - 852
Brody - 147
Jonathon - 376
Frankie - 648
Jorge - 120
Devan - 582
Lucille - 728
Kareem - 713
Leonard - 614
Juliette - 658
Neil - 604
Eileen - 770
Rebeca - 854
Selah - 838
Darrius - 930
Victoria - 28
Donte - 722
Karina - 227
Arturo - 323
Aliyah - 236
Tyrell - 655
India - 568
Galilea - 840
Douglas - 365
Mikaela - 641
Jett - 535
Daisy - 149
Brodie - 442
Gabriel - 28
Miriam - 292
Malachi - 150
Dangelo - 863
Deandre - 452
Amara - 573
Judith - 577
Jordy - 677
Max - 160
Gilbert - 658
Amari - 519
Sawyer - 247
Amare - 778
Margaret - 161
Felix - 397
River - 511
Wyatt - 82
Jamel - 970
Cade - 288
Colin - 111
James - 16
Anders - 987
Allison - 46
Jane - 478
Salma - 752
Rylan - 258
Brock - 261
Naima - 888
Damian - 136
Ashley - 12
Dakota - 191
Bernardo - 975
Frank - 245
Mateo - 274
Tony - 329
Jadyn - 757
Makaila - 934
Molly - 105
Freddy - 641
Alberto - 315
Salvador - 390
Giana - 708
Tyler - 741
Davis - 405
Taryn - 444
Mekhi - 443
Janiyah - 461
Aaliyah - 91
Christiana - 984
Cortez - 938
Alan - 122
Carolina - 281
Meagan - 745
Sidney - 801
Annabel - 848
Caroline - 89
Estrella - 311
Clinton - 844
Jaida - 560
Toni - 819
Bode - 848
Davin - 601
Rogelio - 517
Breanna - 126
Laila - 235
David - 13
Cedric - 595
Cael - 917
Marlon - 508
Brayan - 294
Desmond - 464
Atticus - 767
Fredrick - 903
Krystal - 505
Britney - 474
Averie - 899
Jase - 565
Quentin - 347
Dayton - 540
Dillan - 774
Jamie - 583
Jonah - 170
Amani - 687
Shyla - 919
Jonas - 357
Johnathon - 542
Tyrese - 621
Jamir - 768
Jorja - 969
Raquel - 500
Vanessa - 79
Donna - 832
Alvaro - 570
Wilson - 512
Lucas - 59
Kolby - 665
Andre - 207
Sarahi - 842
Whitney - 531
Maddison - 403
Shea - 893
Christian - 21
Paris - 260
Valentin - 911
Melanie - 83
Kian - 705
Aldo - 587
Joana - 999
Reagan - 792
Kailey - 257
Winston - 879
Reed - 470
Gina - 712
Lucia - 340
Greyson - 503
Joshua - 3
Camden - 221
Alex - 67
Mia - 13
Thalia - 774
Arianna - 77
Catherine - 122
Kyleigh - 360
Imani - 409
Bridget - 347
Tori - 452
Alec - 328
Ian - 81
Matthew - 5
London - 638
Julien - 596
Brenton - 942
Juliet - 581
Dawson - 233
Arabella - 653
Ronaldo - 782
Addison - 562
Emmanuel - 166
Macey - 636
Susana - 875
Colby - 271
Alonso - 643
Denzel - 940
Saniya - 522
Damarion - 646
Samson - 887
Thomas - 51
Cali - 602
Stacey - 976
Cale - 733
Megan - 60
Layton - 717
Jasper - 568
Calvin - 220
Travis - 163
Yair - 712
Rylie - 317
Kaeden - 746
Mauricio - 368
Tanya - 746
Gustavo - 305
Lorelai - 989
Reid - 422
Omar - 131
Joslyn - 713
Yvette - 913
Priscilla - 372
Trystan - 961
Madalynn - 794
Amiya - 742
Damon - 386
Isabela - 470
Mariyah - 896
Javen - 954
Destin - 960
Kameron - 284
Ryleigh - 328
Miracle - 482
Isabell - 724
Kendrick - 527
Alia - 928
Sherlyn - 362
Julian - 65
Carson - 87
Cassandra - 219
Terry - 446
Natalya - 828
Nancy - 326
Hazel - 465
Liberty - 539
Jasmine - 29
Susan - 611
Kristopher - 392
Jessica - 32
Ramiro - 567
Billy - 473
Macie - 479
Jarrett - 659
Mckayla - 579
Janice - 994
Hannah - 8
Renee - 582
Hugh - 994
Maritza - 496
Lilianna - 815
Reese - 433
Abril - 845
Hugo - 371
Rylee - 797
Kailee - 583
Aydin - 731
Sebastian - 76
Gael - 314
Alma - 616
Kathy - 907
Van - 904
Jocelyn - 73
Lorelei - 740
Ally - 630
Lucero - 973
Damion - 497
Elisha - 629
Addisyn - 612
Katie - 107
Stephanie - 70
Jermaine - 474
Ashlyn - 140
Braiden - 602
Frederick - 483
Sariah - 813
Donovan - 198
Carl - 429
Janiah - 824
Cailyn - 872
Esteban - 333
Katelyn - 61
Cara - 559
Ean - 775
Reynaldo - 834
Leila - 284
Finley - 910
Jamya - 737
Braedon - 744
Jabari - 609
Jaime - 279
German - 839
Tiara - 551
Amira - 571
Alexandra - 40
Cash - 378
Mercedes - 440
Nash - 742
Case - 951
Alexandro - 861
Nathan - 23
Hallie - 450
Cruz - 500
Esmeralda - 224
Caiden - 312
Roger - 453
Domenic - 964
Mohammed - 633
Mathias - 741
Rene - 492
Quinten - 860
Jamari - 444
Yareli - 627
Mikel - 990
Ayden - 119
Gage - 156
Josiah - 117
Clarissa - 468
Alejandro - 96
Summer - 154
Cason - 753
King - 896
Kinsley - 876
Jared - 137
Jacquelyn - 668
Perla - 387
Silas - 373
Orion - 529
Delaney - 193
Alaina - 248
Adan - 302
Yazmin - 536
Adam - 64
Roberto - 215
Zoe - 54
Laney - 483
Deborah - 676
Alejandra - 232
Riya - 958
Aryan - 684
Brianna - 20
Haven - 610
Lyla - 639
Efren - 968
Lance - 321
Donald - 303
Tiana - 477
Ayla - 264
Jaydon - 416
Amina - 978
Grayson - 218
Luca - 349
Rachel - 49
Ciara - 213
Quintin - 651
Sadie - 157
Mohammad - 589
Jairo - 564
Meredith - 310
Garrison - 895
Aydan - 576
Veronica - 211
Tianna - 690
Demarion - 749
Lucy - 152
Cesar - 168
Serena - 396
Abram - 586