
1998 ------------
Rafael - 229
Karly - 629
Reyna - 610
Austin - 10
Ray - 490
Sienna - 532
Kira - 275
Sydni - 883
Mya - 238
Kirk - 718
Tyson - 381
Michael - 1
Charlie - 454
Triston - 380
Jaelyn - 901
Bryan - 74
Kaleigh - 423
Corinne - 600
Junior - 751
Cynthia - 126
Alden - 783
Arron - 863
Daniel - 12
Shayla - 306
Kevin - 32
Efrain - 541
Justus - 719
Elmer - 763
Alexus - 184
Daisha - 877
Morgan - 297
Kade - 529
Tamia - 378
Jacoby - 761
Elliott - 501
Holly - 163
Lyric - 639
Mikala - 740
Jordan - 42
Kelton - 849
Ella - 413
Francesca - 372
Shayna - 488
Paula - 546
Ahmad - 401
Shayne - 714
Keaton - 363
Celeste - 252
Orlando - 391
Kamryn - 553
Leland - 990
Karli - 596
Mackenzie - 626
Jerome - 414
Hakeem - 788
Karla - 209
Cooper - 254
Kaci - 766
Jeffery - 293
Eli - 288
Lexus - 519
Maribel - 577
Rex - 944
Edith - 591
Starr - 823
Nikhil - 954
Jazmyn - 634
Jodi - 910
Sierra - 51
Austen - 532
Samuel - 28
Bryanna - 293
Pamela - 388
Denise - 303
Mariah - 62
Rodney - 319
Mariam - 748
Benny - 852
Keely - 540
Shelbi - 898
Dean - 346
Keith - 191
Luis - 53
Shelby - 886
Unique - 864
Myles - 304
Myranda - 822
Savanna - 241
Nickolas - 258
Darlene - 832
Michaela - 103
Teresa - 308
Brooklyn - 200
Ivy - 383
Derick - 567
Aileen - 485
Leanne - 780
Madilyn - 805
Bronson - 875
Leanna - 575
Alexys - 991
Guillermo - 369
Jimmie - 882
Riley - 166
Diana - 83
Gary - 234
Leonardo - 257
Rahul - 976
Dasia - 765
Kent - 723
Luke - 75
Alfonso - 465
Brandon - 7
Braydon - 629
Maegan - 648
Sergio - 171
Joel - 118
Vernon - 767
Gavin - 116
Joey - 519
Keon - 647
Lourdes - 889
Diane - 644
Jacob - 2
Raul - 232
Jasmin - 177
Yasmine - 412
John - 15
Jillian - 158
Emmett - 847
Caden - 464
Keri - 850
Kylan - 999
Howard - 586
Yasmeen - 767
Dandre - 582
Brayden - 283
Shirley - 743
Floyd - 981
Keshawn - 660
Johanna - 502
Celia - 619
Jalen - 204
Nelson - 400
Montana - 821
Shyann - 744
Ulysses - 750
Marina - 322
Lizette - 684
Elizabeth - 10
Theodore - 289
Selena - 139
Barrett - 993
Virginia - 362
Branden - 309
Kamron - 743
Bishop - 961
Zaria - 525
Cullen - 535
Zion - 695
Kristy - 727
Kevon - 819
Kale - 996
Micaela - 462
Itzel - 747
Clarence - 563
Kali - 401
Constance - 937
Mireya - 563
Kristi - 830
Richard - 55
Giovanny - 936
Annie - 324
Theresa - 365
Denver - 784
Emanuel - 364
Rachelle - 689
Dion - 665
Mckenzie - 142
Cierra - 181
Giovanni - 225
Krista - 317
Tatyana - 311
Giovanna - 758
Keegan - 305
Elsa - 998
Garrett - 80
Ali - 795
Dylon - 711
Trinity - 526
Angelo - 302
Eden - 565
Angela - 100
Isaiah - 59
Kane - 564
Kyler - 314
Jacklyn - 775
Allie - 312
Elyse - 762
Cecelia - 806
Charles - 48
Keisha - 1000
Alessandra - 753
Jayce - 881
Layla - 860
Ashly - 866
Rasheed - 966
Amy - 96
Cayla - 558
Isaias - 580
Ayana - 724
Courtney - 709
Nadia - 319
Eva - 345
Makayla - 71
Ana - 141
Craig - 315
Alessandro - 871
Eve - 932
Deja - 244
Roy - 384
Jayda - 680
Drew - 778
Ann - 467
Coby - 575
Jelani - 932
Justyn - 706
Dontae - 823
Juwan - 523
Cyrus - 554
Weston - 412
Hailey - 70
Kurtis - 606
Jorden - 697
Glenn - 496
Kenzie - 705
Demi - 841
Tammy - 840
Christopher - 5
Dominic - 120
Ricardo - 125
Paloma - 979
Elisabeth - 381
Kylee - 234
Nia - 331
Dominik - 867
Noah - 29
Tanisha - 858
Kimberly - 54
Hailee - 489
Dakotah - 841
Cody - 43
Johnathan - 143
Jay - 326
Bradford - 834
Kara - 175
Selina - 681
Donavan - 690
Blanca - 581
Marissa - 66
Savanah - 496
Kari - 660
Uriel - 516
Maximilian - 441
Francisco - 138
Liliana - 343
Karl - 483
Dalton - 88
Luciano - 959
Chelsie - 650
Jarett - 742
Sabrina - 68
Austyn - 656
Kenia - 977
Colten - 493
Ashanti - 831
Bonnie - 717
Devyn - 751
Briana - 79
Allen - 239
Brendon - 318
Matteo - 933
Kerry - 941
Demarcus - 579
Sean - 50
Ari - 873
Enrique - 237
Savana - 887
Bethany - 132
Dejah - 784
Sydney - 28
Jarrod - 396
Kerri - 978
Raven - 861
Kinsey - 833
Haley - 35
Jayde - 996
Kate - 272
Abbigail - 612
Sydnee - 626
Asher - 686
Nicolas - 132
Ashton - 318
Dante - 201
Asa - 793
Misael - 741
Jose - 33
Katy - 829
Angelique - 469
Josh - 877
Dallas - 756
Valentina - 835
Rashawn - 712
Andrea - 61
Deon - 615
Norman - 652
Kylie - 117
Seamus - 890
Lawrence - 277
Layne - 735
Paulina - 533
Amir - 442
Noel - 870
Raegan - 759
Issac - 476
Anahi - 515
Stephan - 600
Clyde - 925
Tobias - 593
Zechariah - 701
Duncan - 386
Keanu - 973
Marianna - 882
Arthur - 290
Ashlee - 267
Marisa - 213
Everett - 583
Adolfo - 604
Colleen - 344
Xavier - 131
Fabiola - 772
Carissa - 400
Fiona - 520
Marcelo - 845
Tanner - 82
Armando - 224
Micheal - 271
Andres - 157
Heaven - 359
Daryl - 693
Andrew - 9
Noe - 474
Chyna - 598
Diego - 186
Allan - 452
Darien - 572
Kellie - 541
Liam - 155
Ava - 350
Felicity - 818
Kenny - 478
Harrison - 174
Barry - 610
Jayla - 387
Jazmin - 207
Brandan - 757
Stefan - 530
Skyler - 296
Dennis - 238
Tavian - 862
Rhiannon - 465
Jalon - 918
Geoffrey - 546
Sydnie - 849
Myah - 787
Caleigh - 954
Shantel - 986
Abbie - 603
Halie - 665
Ramon - 281
Marvin - 325
Vicente - 566
Jordon - 429
Anita - 657
Alton - 887
Skyla - 843
Dale - 467
Cristian - 144
Zakary - 768
Stephen - 78
Lonnie - 789
Amber - 37
Blake - 85
Halle - 570
Christy - 614
Danny - 270
Kelley - 782
Zane - 268
Christa - 637
Caleb - 42
Ariel - 475
Jaden - 763
Omari - 850
Helena - 678
Gerardo - 217
Kellen - 798
Savannah - 44
Carolyn - 327
Cole - 77
Tevin - 585
Shianne - 905
Annabelle - 641
Amos - 987
Dana - 214
Dylan - 25
Mason - 83
Jordyn - 197
Dane - 482
Colt - 758
Rosemary - 617
Carrie - 420
Rhett - 637
Athena - 549
Nathalie - 444
Noemi - 561
Skylar - 358
Kiera - 443
Regina - 503
Lorena - 445
Sade - 911
Bobbi - 981
Ezekiel - 453
Colton - 105
Darian - 543
Jayme - 976
Carlton - 687
Jessie - 385
Nathanial - 544
Jarred - 426
Ebony - 432
Alicia - 98
Blair - 826
Abbey - 408
Eboni - 992
Devon - 505
Bobby - 324
Chloe - 87
Kasey - 628
Chelsey - 348
Stephon - 587
Kaylynn - 770
Dillon - 134
Quinn - 764
Dimitri - 673
Gloria - 334
Beverly - 936
Ellis - 817
Prince - 851
Stefanie - 709
Francesco - 989
Jarvis - 691
Chelsea - 94
Solomon - 500
Antoine - 553
Jeanette - 715
Brenna - 287
Alyssia - 952
Cora - 536
Raina - 997
Ellie - 437
Tariq - 444
Joe - 286
Mattie - 934
Javier - 149
Janessa - 699
Leah - 107
Esther - 323
Jon - 329
Melinda - 585
Tarik - 978
August - 598
Arnold - 713
Joy - 442
Marquise - 443
Gunner - 666
Thaddeus - 811
Derek - 110
Dominique - 479
Tyra - 320
Alayna - 568
Sam - 460
Cristal - 522
Paige - 63
Kiana - 226
Callie - 300
Auston - 879
Adrian - 862
Kiersten - 458
Brook - 675
Michele - 734
Lily - 169
Kathryn - 90
Victor - 97
Anika - 731
Maverick - 804
Sylvia - 470
Conrad - 613
Jovan - 646
Estevan - 684
Will - 578
Oscar - 129
Gordon - 640
Cori - 983
Sage - 611
Lukas - 392
Patrick - 57
Brenden - 245
Laura - 75
Cory - 164
Nora - 476
Lamar - 682
Lila - 929
Marisol - 385
Coleman - 528
Trenton - 183
Pedro - 200
Helen - 349
Abigayle - 899
Katherine - 33
Caitlin - 78
Keyon - 984
Claire - 91
Rickey - 905
Corina - 945
Makala - 781
Charlene - 855
Terrell - 320
Dawn - 807
Simon - 301
Darrin - 739
Zachery - 241
Talia - 393
Ignacio - 638
Alexandrea - 668
Yesenia - 261
Angel - 138
Parker - 141
Hector - 185
Chantel - 682
Vaughn - 870
Chase - 955
Brian - 41
Gunnar - 511
Alvin - 445
Tomas - 457
Sheldon - 518
Alfred - 538
Gillian - 330
Seth - 87
Deshaun - 807
Brenda - 149
Carina - 552
Infant - 945
Cristina - 315
Izaiah - 853
Julianna - 259
Eleanor - 386
Kelsi - 521
Shaina - 672
Julianne - 410
Conner - 192
Nichole - 427
Jewel - 516
Martina - 924
Kaylin - 441
Cristopher - 715
Nolan - 233
Jefferson - 722
Ben - 562
Kristine - 635
Arielle - 434
Kaylie - 405
Kristina - 192
Duane - 769
Tyshawn - 891
Isabelle - 196
Alina - 494
Davion - 569
Isabella - 84
Viviana - 478
Emma - 22
Heath - 651
Deshawn - 428
Nestor - 727
Deondre - 734
Tyriq - 776
Jacqueline - 95
Lisa - 230
Melina - 793
Kenneth - 86
Tatum - 397
Darren - 280
Owen - 179
Bennett - 485
Jocelyne - 885
Tyrik - 895
Jason - 40
Alexandria - 81
Evan - 63
Shawn - 113
Ladarius - 754
Brooks - 729
Taylor - 104
Johnny - 216
Darius - 162
Breana - 459
Leonel - 561
Hana - 738
Brooke - 46
Brennon - 896
Maricela - 918
Hans - 937
Tucker - 306
Melvin - 418
Phoebe - 607
Wade - 448
Malcolm - 366
Annette - 769
Sofia - 232
Stewart - 991
Joselyn - 776
Terrance - 374
Eliza - 449
Jaycee - 993
Breann - 953
Kenyon - 983
Nathaniel - 60
Henry - 136
Myra - 919
Kelsie - 351
Grant - 127
Kaylee - 86
Kobe - 263
Zachary - 16
Shaun - 370
Aleah - 677
Sandy - 640
Lacy - 913
Lillian - 174
Mariela - 564
Dominick - 264
Kayley - 555
Korey - 704
Koby - 592
Mitchel - 641
Kaylen - 985
Jaquan - 425
Katerina - 824
Isiah - 348
Aiden - 545
Juanita - 730
Jensen - 988
Araceli - 595
Haleigh - 430
Joanna - 239
Joanne - 892
Dexter - 618
Leon - 480
Lincoln - 883
Mohamed - 502
Conor - 333
Clint - 778
Mathew - 222
Lena - 527
Gretchen - 746
Freddie - 830
Santiago - 447
Aric - 837
Tamera - 821
Gabriela - 129
Sara - 48
Kody - 334
Erykah - 779
Chaim - 801
Rory - 608
Shemar - 930
Edwin - 197
Kelsey - 56
Rose - 297
Antonio - 79
Rosa - 278
Leilani - 739
Elena - 273
Dallin - 745
Marques - 831
Delilah - 878
Talon - 707
Kasandra - 697
Marquez - 663
Trent - 231
Lesly - 490
Ross - 341
Blaise - 899
Ivana - 975
Kelsea - 908
Kendal - 880
Harold - 514
Ashleigh - 288
Roman - 338
Konnor - 998
Cydney - 920
Reuben - 744
Peter - 111
Kaylah - 815
Rashad - 570
Kaylan - 967
Essence - 457
Aidan - 196
Collin - 130
Patience - 848
Chris - 406
Albert - 259
Heather - 99
Saul - 307
Alice - 439
Nicholas - 6
Walker - 427
Elise - 294
Elisa - 473
Kai - 549
Gianni - 560
Andy - 223
Antonia - 539
Gianna - 266
Adrianna - 190
Madalyn - 402
Dustin - 108
Philip - 214
Demetrius - 377
Connie - 867
Marquis - 357
Tyron - 865
Payton - 308
Kole - 748
Ezra - 492
Jamarcus - 854
Darion - 614
Tracy - 781
Anderson - 872
Destini - 594
Aron - 602
Trace - 437
Camille - 283
Yolanda - 755
Blaine - 498
Desirae - 615
Baylee - 316
Destiny - 34
Brielle - 676
Ralph - 584
Deangelo - 636
Elvis - 703
Serenity - 842
Yajaira - 966
Ivan - 154
Giselle - 242
Kaila - 464
Levi - 159
Lane - 294
Mariano - 1000
Lilian - 804
Tamara - 336
Ibrahim - 836
Russell - 299
Mariana - 340
Bernard - 616
Iliana - 888
Georgia - 429
Debra - 984
Miranda - 80
Marco - 181
Abraham - 211
Guadalupe - 708
Eduardo - 145
Carmen - 277
Kortney - 942
Tristan - 851
Humberto - 576
Lizeth - 969
Monique - 258
Lionel - 915
Dorothy - 710
Kaylyn - 562
Mitchell - 103
Daphne - 760
Alison - 188
Brynn - 721
Tatianna - 817
Precious - 380
Jaleel - 818
Nicolette - 580
Lexi - 407
Daniela - 195
Barbara - 463
Brennen - 534
Lloyd - 893
Desiree - 159
Antony - 832
Wesley - 152
Charlotte - 305
Isaac - 65
Eric - 39
Jakob - 190
Jesse - 792
Connor - 47
Elliot - 468
Tommy - 298
Erik - 140
Mario - 151
Trisha - 790
Chasity - 454
Erin - 57
Jackie - 779
Kori - 754
Lara - 825
Clay - 394
Kolton - 607
Kia - 972
Noelle - 404
Jeremiah - 114
Ryann - 980
William - 14
Amanda - 19
Beatrice - 935
Marie - 364
Stacy - 517
Santos - 724
Lindsey - 97
Lauryn - 421
Cheyanne - 329
Maria - 43
Brycen - 957
Katarina - 606
Kennedi - 995
Timothy - 49
Brennan - 274
Tristen - 276
Claudia - 179
Lamont - 732
Karlie - 601
Tayla - 987
Alissa - 250
Kennedy - 928
Aubree - 854
Aubrey - 827
Nathanael - 408
Phoenix - 907
Alexia - 229
Anne - 274
Salvatore - 609
Shamar - 700
Killian - 997
Anna - 31
Willie - 354
Gisselle - 632
Zoey - 530
Alexis - 148
Kristian - 404
Darryl - 509
Brandy - 284
Kory - 622
Tyrone - 398
Romeo - 603
Rolando - 497
Bruce - 383
Tabitha - 281
Cassidy - 113
Keagan - 948
Brandi - 256
Juan - 52
Elaine - 523
Lacey - 321
Elaina - 651
Lexie - 524
Raymundo - 816
Melissa - 59
Natasha - 205
Jasmyn - 859
Zoie - 928
Katelynn - 210
Cecilia - 285
Camryn - 366
Kaela - 726
Karen - 152
Kassidy - 367
Destiney - 559
Moses - 508
Steven - 46
Tina - 569
Cheyenne - 72
Destinee - 307
Annika - 472
Nikki - 482
Willow - 852
Lexis - 948
Lindsay - 161
Avery - 246
Cortney - 646
Shakira - 861
Tristin - 421
Pierre - 805
Tyquan - 846
Chad - 187
Hassan - 677
Joyce - 685
Mckenna - 212
Jesus - 76
Shauna - 871
Johan - 940
Karlee - 592
Kaitlynn - 355
Madelyn - 162
Chaz - 705
Alisha - 341
Kendra - 154
Karley - 712
Judy - 994
Ethan - 38
Melisa - 961
Babyboy - 977
Terrence - 459
Leticia - 474
Reilly - 908
Chance - 208
Cornelius - 702
Simeon - 840
Steve - 390
Tatiana - 215
Dillion - 843
Taj - 956
Catalina - 939
Corey - 115
Octavia - 876
Peyton - 221
Jayson - 360
Shannon - 649
Titus - 786
Octavio - 800
Angelica - 109
Alysa - 774
Lizbeth - 419
Chanel - 694
Nataly - 745
Ansley - 750
Keven - 814
Eugene - 462
Stevie - 903
Louis - 252
Danielle - 41
Sasha - 433
Bradley - 101
Elyssa - 803
Beau - 450
Maeve - 881
Elias - 261
Hayley - 151
Daniella - 395
Brandyn - 792
Nikolas - 284
Earl - 601
Madyson - 628
Emerald - 810
Justin - 20
Jeffrey - 91
Moshe - 654
Walter - 313
Haylee - 358
Jaxon - 692
Jacey - 872
Giancarlo - 913
Ahmed - 594
Destany - 950
Ricky - 292
Nigel - 537
Anissa - 669
Tea - 749
Ruben - 205
Roland - 678
Trey - 210
Isidro - 958
Griffin - 215
Bryce - 94
Jovany - 964
Jacques - 914
Cordell - 531
Anya - 845
Vincenzo - 960
Iris - 453
Jovani - 963
Janae - 481
Camron - 461
Kyree - 888
Mikayla - 82
Kassandra - 248
Trevon - 344
Violet - 907
Lauren - 14
Laurel - 509
Julius - 487
Emerson - 868
Malik - 139
Mike - 630
Malia - 653
Andreas - 898
Braxton - 323
Trevor - 58
Jameson - 698
Raheem - 738
Fidel - 892
Abby - 194
Raekwon - 683
Paul - 89
Shanice - 962
Glen - 740
Nicole - 24
Heidi - 342
Garret - 477
Javon - 420
Alanna - 507
Khalid - 808
Haylie - 828
Tahj - 771
Khalil - 399
Tia - 314
Kailyn - 652
Bo - 833
Fernanda - 963
Gerard - 838
Fernando - 166
Jacquez - 864
Eryn - 922
Josef - 756
Jackson - 100
Marilyn - 491
Cameron - 198
Miguel - 90
Brad - 581
Brittney - 143
Kalen - 859
Perry - 624
Tess - 572
Kaleb - 156
Ernest - 486
Madelynn - 631
Brant - 880
Kaley - 500
Markel - 904
Janet - 371
Bianca - 156
Monika - 930
Benjamin - 30
Abdullah - 897
Darrian - 934
Abel - 378
Branson - 931
Dequan - 772
Hamza - 943
Angelina - 268
Gregory - 109
Edward - 106
Asha - 853
Moriah - 545
Larry - 248
Jaclyn - 391
Antoinette - 757
Ingrid - 896
Cindy - 236
Alivia - 659
Rhianna - 904
Micah - 582
Breonna - 933
Brett - 133
Holden - 416
Baby - 900
Kianna - 654
Ciera - 508
Myron - 809
Ryan - 528
Casey - 170
Asia - 206
Aylin - 737
Maurice - 327
Ryder - 920
Kendall - 368
Alondra - 203
Trevin - 992
Serina - 959
Juliana - 289
Madisen - 698
Carlos - 69
Bret - 605
Zackery - 345
Makenna - 422
Josie - 360
Julio - 251
Macy - 337
Alonzo - 525
Pierce - 597
Janie - 971
George - 126
Kelvin - 367
Sammy - 685
Emely - 586
Gwendolyn - 702
Johnnie - 902
Kalie - 800
Jayden - 886
Berenice - 761
Samara - 990
Tessa - 225
Pablo - 310
Rocky - 985
Forrest - 619
Guy - 764
Spencer - 84
Clayton - 150
Troy - 184
Natalie - 40
Kaitlyn - 36
Natalia - 270
Leslie - 111
Jamison - 599
Dianna - 847
Maci - 914
Justice - 435
Katelin - 587
Preston - 176
Katlynn - 801
Corbin - 322
Ishmael - 952
Brittany - 25
Yasmin - 438
Candace - 479
Jarod - 275
Rodolfo - 411
Garett - 876
Jaron - 591
Brittani - 728
Tara - 189
Caitlynn - 735
Maggie - 249
Jimmy - 265
Hollie - 999
Alfredo - 296
Harley - 431
Julia - 32
Trever - 717
Julie - 168
Lorenzo - 295
Alycia - 921
Nehemiah - 828
Deonte - 539
Hope - 160
Paxton - 917
Graham - 407
Tre - 645
Maxwell - 135
Presley - 989
Brady - 163
Braeden - 635
Dorian - 506
Brooklynn - 542
Bria - 531
Samir - 869
Tate - 512
Katlin - 716
Audrey - 145
Ulises - 565
Moises - 371
Emilie - 518
Brent - 249
Emilia - 856
Elijah - 66
April - 182
Delia - 863
Monica - 105
Carlie - 468
Travon - 643
Rachael - 170
Emilio - 340
Madison - 752
Margarita - 609
Rebecca - 30
Rigoberto - 648
Ezequiel - 590
Simone - 450
Jessika - 960
Ireland - 819
Miguelangel - 965
Abdul - 970
Ruby - 257
Kayleigh - 363
Jaylon - 489
Hayden - 836
Dwayne - 510
Demarco - 787
Maia - 538
Lea - 636
Faith - 106
Kieran - 625
Lee - 402
Suzanne - 844
Felicia - 377
Kristin - 211
Eliana - 708
Kaelyn - 742
Valerie - 148
Bryson - 321
Leann - 622
Leo - 434
Easton - 670
Valeria - 290
Yadira - 691
Rocio - 673
Leroy - 644
Ariana - 137
Drake - 269
Houston - 725
Franklin - 389
Yvonne - 690
Esperanza - 700
Zackary - 235
Irvin - 642
Judah - 995
Ericka - 547
Carley - 389
Landon - 202
Marlene - 573
Emily - 1
Aurora - 504
Lillie - 875
Marlena - 944
Osvaldo - 515
Remington - 728
Rudy - 526
Byron - 422
Hunter - 304
Evelyn - 178
Gilberto - 451
Anton - 672
Emilee - 353
Alexa - 92
Kaycee - 812
Jazmine - 219
Rochelle - 873
Calista - 696
Devonte - 440
Logan - 292
Devonta - 926
Kayla - 12
Joseph - 11
Melody - 390
Carlee - 613
Charity - 529
Adrienne - 440
Edgar - 167
Adriana - 133
Sharon - 398
Aaron - 37
Katharine - 548
Camila - 814
Nasir - 884
Sarai - 616
Sarah - 5
Star - 973
Jenifer - 773
Josephine - 347
Graciela - 574
Mayra - 361
Kirsten - 201
Sophie - 255
Darrion - 842
Lia - 968
Joaquin - 557
Stella - 906
Martin - 165
Alana - 254
Olivia - 21
Taya - 638
Shania - 286
Bradly - 777
Kristen - 101
Hillary - 868
Sonny - 878
Caitlyn - 115
Zachariah - 373
Sophia - 73
Brannon - 909
Scott - 123
Jennifer - 20
Patricia - 180
Curtis - 226
Sheila - 661
Deontae - 972
Maranda - 642
Antwan - 720
Lesley - 394
Brionna - 947
Madisyn - 578
Kaden - 433
Jaylin - 588
Erica - 93
Ismael - 351
Martha - 374
Harry - 469
Erick - 206
Ty - 262
Keenan - 458
Fred - 746
Adonis - 790
Miles - 253
Markus - 631
Jerry - 228
Marcel - 661
Ernesto - 336
Randall - 382
Crystal - 110
Marc - 242
Darrell - 432
Sterling - 505
Clara - 375
Mara - 589
Mark - 64
Irene - 493
Clare - 499
Hanna - 165
Linda - 313
Kayli - 723
Jerod - 939
Sonia - 418
Isai - 962
Warren - 424
Yessenia - 785
Stanley - 471
Clark - 733
Reanna - 789
Mary - 45
Vincent - 121
Madeleine - 216
Herman - 938
Oliver - 356
Paola - 354
Kirstin - 893
Mollie - 557
Jean - 806
Alize - 713
Jeremy - 68
Fabian - 317
Josue - 256
Daquan - 517
Sandra - 228
Michelle - 55
Allyssa - 662
Jaylen - 349
Kalyn - 811
Deanna - 245
Gerald - 376
Tyrek - 694
Francis - 410
Regan - 431
Dejuan - 967
Tyree - 405
Dwight - 669
Cassie - 309
Roderick - 627
Axel - 794
Kenton - 974
Tiffani - 674
Jenna - 65
Fatima - 497
Kaitlin - 120
Clifford - 655
Wendy - 339
Dalia - 786
Roxanne - 838
Draven - 894
Tiffany - 67
Dashawn - 573
Ayanna - 447
Jenny - 368
Jill - 808
Darrien - 980
Lori - 718
Sonya - 783
Aimee - 475
Raphael - 668
Casandra - 599
Armani - 926
Bridgette - 670
Darnell - 555
Carol - 658
Amelia - 217
Jonathan - 21
Rodrigo - 446
Maura - 683
Kathleen - 171
Chaya - 970
Keyshawn - 799
Alena - 768
Kelly - 699
Braden - 250
Dan - 951
Kristofer - 815
Anastasia - 265
Nayeli - 796
Liana - 797
Marcos - 236
Katrina - 235
Kelli - 452
Shane - 117
Jaylan - 901
Grace - 53
Alisa - 579
Tristian - 671
Katlyn - 262
Rebekah - 155
Allyson - 186
Angie - 597
Erika - 124
Robert - 23
Maya - 123
Carly - 140
Kyla - 264
Meghan - 121
Larissa - 396
Nico - 889
Skye - 492
Kyle - 24
Autumn - 77
Nick - 829
Royce - 919
Marshall - 353
Derrick - 194
Rohan - 785
Kiley - 537
Declan - 710
Nikita - 645
Hadley - 964
Broderick - 971
Shyanne - 514
Isabel - 118
Raymond - 142
Princess - 794
Genaro - 982
Karissa - 428
Nautica - 949
Lydia - 153
Bailee - 414
Vivian - 326
Brice - 527
Augustus - 924
Gracie - 620
Isis - 625
Grady - 825
America - 912
Jace - 379
Gonzalo - 900
Jack - 61
Jaqueline - 695
Bailey - 153
Naomi - 191
Anthony - 19
Kierra - 373
Carlo - 994
Justine - 376
Tayler - 424
Carli - 649
Justina - 917
Luz - 501
Carla - 406
Lewis - 559
Turner - 820
Genesis - 260
Jerrod - 911
Ashlynn - 448
Shana - 839
Silvia - 799
Samantha - 3
Tyreek - 822
Carter - 189
Ellen - 426
Toby - 577
Terence - 775
Reina - 891
Phillip - 177
Kyra - 199
Bryant - 312
Harmony - 938
Hudson - 667
Deion - 810
Ruth - 346
Quinton - 337
Wayne - 438
Bryana - 809
Devin - 461
Jada - 119
Jade - 125
Kiara - 173
Christine - 176
Quincy - 574
Jazlyn - 688
Aspen - 590
Gabrielle - 47
Damaris - 704
Alyson - 409
Gabriella - 116
Niko - 950
Lilly - 584
Donnie - 812
Abigail - 18
Randy - 244
Neal - 766
Agustin - 634
Magdalena - 816
Kenya - 534
Jena - 879
Savion - 730
Ronald - 182
Lyndsey - 627
Randi - 655
Stephany - 679
Norma - 720
Israel - 243
Loren - 975
Todd - 365
Milton - 747
Shelbie - 777
Christina - 69
Brendan - 99
Ronnie - 436
Janelle - 411
Dulce - 692
Manuel - 147
Stone - 632
Julissa - 332
Tania - 446
Kallie - 722
Eddie - 339
Chandler - 588
Frances - 471
Aisha - 604
Daria - 741
Felipe - 455
Alyssa - 11
Makenzie - 269
Mallory - 204
Marcus - 96
Deven - 491
Jordi - 903
Darin - 780
Dario - 910
Alexander - 22
Nicklaus - 969
Jadon - 753
Landen - 839
Beatriz - 643
Jake - 102
Marley - 752
Shaylee - 813
Scarlett - 834
Reginald - 355
Nathen - 949
Dewayne - 866
Rick - 885
Jamal - 372
Genevieve - 535
Reece - 466
Jamar - 657
Diamond - 164
Nina - 231
Damien - 300
Muhammad - 726
Madeline - 50
Davon - 481
Devante - 571
Marlee - 943
Ashlie - 894
Brody - 350
Jonathon - 195
Frankie - 681
Jorge - 107
Devan - 409
Kareem - 595
Leonard - 473
Juliette - 671
Neil - 463
Eileen - 554
Rebeca - 707
Don - 765
Darrius - 633
Rico - 955
Victoria - 16
Donte - 470
Karina - 144
Arturo - 291
Aliyah - 335
Tyrell - 449
Deasia - 958
India - 498
Douglas - 227
Mikaela - 295
Daisy - 136
Gabriel - 827
Miriam - 310
Robin - 912
Malachi - 413
Dangelo - 623
Deandre - 287
Judith - 550
Jordy - 803
Max - 158
Gilbert - 507
Amari - 680
Alysha - 791
Sawyer - 503
Margaret - 114
Felix - 388
River - 499
Wyatt - 137
Jamel - 749
Cade - 335
Darby - 686
Colin - 122
James - 18
Alysia - 884
Allison - 38
Jana - 857
Jane - 415
Salma - 571
Rylan - 662
Kurt - 543
Brock - 279
Sally - 693
Damian - 207
Ashley - 4
Dakota - 247
Bernardo - 791
Frank - 178
Kordell - 844
Shae - 925
Mateo - 513
Tony - 255
Syed - 986
Chauncey - 947
Molly - 108
Freddy - 639
Alberto - 247
Salvador - 331
Tyler - 356
Davis - 375
Taryn - 436
Mekhi - 923
Aaliyah - 222
Christiana - 729
Arlene - 725
Cortez - 760
Alan - 161
Meagan - 263
Carolina - 299
Sidney - 536
Caroline - 74
Clinton - 589
Estrella - 664
Jaida - 874
Toni - 417
Davin - 835
Rogelio - 484
Herbert - 797
Breanna - 76
David - 13
Cedric - 419
Breanne - 788
Marlon - 494
Brayan - 688
Desmond - 352
Fredrick - 621
Krystal - 282
Britney - 451
Javonte - 813
Quentin - 273
Dayton - 558
Dillan - 596
Jamie - 403
Jonah - 219
Amani - 733
Tyrique - 755
Jamil - 953
Johnathon - 343
Jonas - 521
Elissa - 714
Tyrese - 612
Raquel - 325
Vanessa - 52
Donna - 567
Alvaro - 568
Wilson - 520
Lucas - 93
Kolby - 550
Heriberto - 848
Andre - 193
Whitney - 193
Maddison - 460
Shea - 703
Christian - 483
Paris - 774
Valentin - 979
Melanie - 135
Aldo - 653
Reagan - 929
Kailey - 279
Maximillian - 716
Winston - 762
Gina - 298
Reed - 439
Lucia - 630
Greyson - 796
Jazmyne - 916
Joshua - 4
Camden - 522
Alex - 771
Mia - 130
Thalia - 624
Arianna - 167
Catherine - 102
Kyleigh - 666
Imani - 253
Bridget - 237
Tori - 233
Alec - 112
Ian - 73
Matthew - 3
Julien - 782
Benito - 874
Brenton - 676
Juliet - 605
Dawson - 175
Ronaldo - 552
Addison - 548
Daija - 846
Emmanuel - 213
Macey - 608
Susana - 687
Tylor - 504
Colby - 220
Alonso - 736
Denzel - 620
Thomas - 31
Gino - 795
Cali - 895
Stacey - 560
Cale - 856
Megan - 13
Jasper - 611
Calvin - 203
Travis - 98
Odalis - 890
Rylie - 656
Mauricio - 472
Tanya - 602
Gregorio - 927
Gustavo - 311
Reid - 423
Omar - 146
Yvette - 621
Misty - 719
Priscilla - 240
Trystan - 857
Damon - 272
Hernan - 922
Clifton - 696
Destin - 802
Kameron - 951
Miracle - 633
Kendrick - 417
Sarina - 820
Alia - 931
Julian - 124
Carson - 732
Cassandra - 85
Terry - 303
Nancy - 208
Hazel - 940
Jasmine - 26
Susan - 382
Meaghan - 583
Kristopher - 266
Jessica - 8
Ramiro - 495
Jarrett - 282
Billy - 332
Macie - 701
Mckayla - 369
Marcella - 897
Janice - 711
Hannah - 2
Renee - 338
Davonte - 689
Hugh - 773
Maritza - 551
Reese - 547
Abril - 957
Hugo - 415
Rylee - 384
Kailee - 511
Sebastian - 198
Tierra - 425
Alma - 486
Kathy - 618
Jocelyn - 128
Ally - 416
Lucero - 869
Damion - 435
Elisha - 946
Katie - 88
Stephanie - 29
Jermaine - 430
Katia - 941
Ashlyn - 202
Leeann - 982
Frederick - 361
Rita - 865
Donovan - 209
Carl - 260
Esteban - 362
Katelyn - 58
Cara - 357
Reynaldo - 721
Leila - 736
Jabari - 916
Alexandre - 921
Jaime - 566
German - 759
Tiara - 328
Amira - 915
Alexandra - 27
Mercedes - 224
Nash - 770
Alexandro - 855
Nathan - 34
Hallie - 480
Candice - 593
Cruz - 659
Esmeralda - 134
Roger - 347
Celine - 456
Celina - 663
Domenic - 935
Mohammed - 524
Rene - 397
Kacey - 647
Quinten - 675
Jamari - 826
Audra - 974
Mikel - 860
Gage - 169
Josiah - 212
Clarissa - 302
Alejandro - 95
Odalys - 902
Janette - 965
Summer - 131
Jared - 51
Jacquelyn - 370
Kourtney - 576
Perla - 487
Jaren - 858
Markell - 906
Jaret - 556
Silas - 679
Christion - 988
Orion - 540
Delaney - 220
Alaina - 399
Adan - 533
Najee - 946
Yazmin - 956
Adam - 45
Roberto - 172
Zoe - 122
Deborah - 466
Alejandra - 157
Brianna - 17
Haven - 923
Brianne - 506
Efren - 824
Lance - 316
Kacie - 495
Robyn - 484
Donald - 180
Tiana - 291
Nadine - 798
Ayla - 909
Tasia - 802
Shawna - 556
Joelle - 837
Vanesa - 927
Grayson - 359
Rachel - 15
Ciara - 251
Quintin - 542
Sadie - 276
Mohammad - 488
Jailene - 544
Jairo - 737
Meredith - 280
Garrison - 650
Stuart - 664
Veronica - 127
Tianna - 477
Lucy - 392
Cesar - 168
Serena - 221
Abram - 942