
2002 ------------
Rafael - 232
Karly - 792
Akira - 920
Reyna - 585
Austin - 26
Ray - 582
Sienna - 664
Kira - 277
Sydni - 737
Mya - 145
Kirk - 975
Tyson - 307
Michael - 2
Charlie - 417
Waylon - 753
Triston - 465
Jaelyn - 537
Bryan - 64
Kaleigh - 434
Corinne - 657
Junior - 631
Cynthia - 176
Alden - 902
Cristobal - 985
Daniel - 10
Shayla - 314
Kevin - 33
Aden - 466
Efrain - 581
Justus - 646
Elmer - 775
Alexus - 316
Morgan - 373
Kade - 367
Tamia - 486
Jacoby - 766
Elliott - 534
Holly - 231
Lyric - 744
Jordan - 45
Kelton - 761
Ella - 89
Francesca - 407
Shayna - 708
Paula - 619
Ahmad - 404
Shayne - 861
Joan - 777
Gaven - 728
Keaton - 390
Celeste - 308
Kamryn - 345
Orlando - 374
Karli - 640
Mackenzie - 42
Jerome - 489
Anaya - 666
Karla - 175
Cooper - 195
Jeffery - 362
Eli - 197
Maribel - 732
Lexus - 768
Edith - 571
Rey - 924
Nikhil - 890
Jazmyn - 689
Abagail - 882
Sierra - 62
Jahiem - 741
Austen - 822
Samuel - 25
Bryanna - 312
Pamela - 515
Jaeden - 714
Korbin - 815
Iyanna - 958
Elle - 613
Denise - 321
Mariah - 130
Rodney - 371
Mariam - 671
Benny - 866
Keely - 641
Dean - 372
Keith - 248
Luis - 57
Shelby - 74
Unique - 926
Myles - 301
Savanna - 235
Juana - 995
Nickolas - 318
Darlene - 895
Michaela - 202
Teresa - 376
Brooklyn - 152
Ivy - 404
Derick - 657
Keira - 941
Aileen - 540
Madilyn - 567
Leanna - 679
Alexys - 909
Guillermo - 405
Riley - 99
Diana - 117
Leonardo - 230
Gary - 284
Rahul - 940
Dasia - 794
Kent - 949
Luke - 46
Alfonso - 494
Brandon - 20
Braydon - 516
Maegan - 903
Sergio - 186
Joel - 123
Vernon - 926
Gavin - 61
Joey - 509
Keon - 625
Piper - 448
Diane - 827
Jacob - 1
Raul - 240
Jasmin - 183
Yasmine - 461
John - 17
Arely - 698
Jillian - 124
Emmett - 698
Caden - 153
Kylan - 873
Howard - 687
Dandre - 719
Brayden - 138
Ainsley - 453
Shirley - 878
Keshawn - 642
Johanna - 465
Celia - 651
Jalen - 146
Nelson - 413
Montana - 684
Kiya - 961
Shyann - 721
Ronan - 823
Ulysses - 814
Kaia - 584
Marina - 383
Lizette - 804
Elizabeth - 11
Theodore - 300
Aja - 971
Selena - 247
Barrett - 920
Virginia - 369
Branden - 370
Kamron - 653
Zaria - 587
Cullen - 618
Zion - 333
Alexzander - 758
Kevon - 722
Kale - 904
Itzel - 441
Micaela - 750
Clarence - 691
Kali - 551
Mireya - 861
Richard - 77
Giovanny - 914
Annie - 315
Theresa - 513
Emanuel - 294
Rachelle - 918
Mustafa - 944
Citlali - 960
Dion - 829
Mckenzie - 143
Giovanni - 202
Cierra - 252
Krista - 473
Oswaldo - 885
Tatyana - 609
Giovanna - 692
Keegan - 253
Elsa - 821
Blaze - 794
Garrett - 91
Trista - 967
Ali - 320
Dylon - 907
Trinity - 70
Angelo - 278
Eden - 365
Angela - 83
Isaiah - 45
Kane - 639
Kyler - 277
Allie - 371
Elyse - 766
Cecelia - 742
Charles - 58
Alessandra - 638
Jayce - 541
Layla - 289
Ashly - 818
Amy - 109
Adeline - 688
Cayla - 656
Isaias - 551
Ayana - 682
Courtney - 88
Nadia - 216
Eva - 239
Makayla - 49
Eddy - 955
Ana - 134
Craig - 379
Eve - 557
Alessandro - 711
Deja - 422
Roy - 440
Jayda - 389
Drew - 217
Ann - 521
Coby - 500
Zack - 978
Justyn - 824
Dontae - 965
Cyrus - 470
Weston - 381
Hailey - 32
Kurtis - 838
Jorden - 792
Glenn - 617
Kenzie - 658
Christopher - 8
Dominic - 83
Ricardo - 143
Paloma - 930
Elisabeth - 364
Kylee - 161
Nia - 320
Dominik - 577
Noah - 31
Penelope - 715
Kimberly - 63
Jan - 915
Hailee - 373
Cody - 71
Johnathan - 170
Jay - 335
Aniya - 385
Kara - 223
Selina - 870
Donavan - 677
Blanca - 717
Marissa - 99
Savanah - 601
Emmalee - 833
Aniyah - 412
Kari - 976
Uriel - 451
Maximilian - 326
Francisco - 141
Liliana - 259
Karl - 609
Dalton - 117
Luciano - 921
Sabrina - 135
Austyn - 754
Kenia - 829
Colten - 561
Ashanti - 115
Meadow - 858
Devyn - 910
Briana - 102
Allen - 246
Brendon - 401
Matteo - 793
Jalynn - 914
Demarcus - 703
Frida - 757
Sean - 59
Ari - 712
Enrique - 250
Savana - 838
Bethany - 179
Sydney - 23
Jarrod - 732
Raven - 997
Haley - 35
Jayde - 898
Kate - 193
Abbigail - 484
Asher - 485
Sydnee - 660
Vance - 844
Nicolas - 137
Ashton - 378
Dante - 257
Asa - 670
Misael - 696
Jose - 30
Katy - 936
Angelique - 497
Josh - 673
Dallas - 341
Valentina - 603
Andrea - 56
Deon - 693
Norman - 810
Kylie - 61
Seamus - 800
Lawrence - 345
Layne - 689
Paulina - 363
Amir - 360
Noel - 450
Raegan - 523
Issac - 414
Anahi - 359
Stephan - 757
Tobias - 532
Yahir - 604
Hailie - 572
Zechariah - 655
Javion - 791
Duncan - 487
Keanu - 806
Marianna - 749
Arthur - 327
Ashlee - 353
Zain - 919
Marisa - 327
Adolfo - 566
Everett - 589
Colleen - 547
Xavier - 89
Fabiola - 807
Carissa - 420
Fiona - 347
Marcelo - 875
Tanner - 111
Armando - 243
Micheal - 348
Andres - 158
Heaven - 276
Daryl - 898
Andrew - 6
Noe - 464
Diego - 98
Allan - 478
Darien - 610
Kellie - 776
Ava - 82
Liam - 113
Felicity - 550
Kenny - 449
Harrison - 199
Barry - 859
Jayla - 210
Kenna - 811
Jazmin - 209
Stefan - 662
Sincere - 768
Skyler - 272
Dennis - 280
Gavyn - 860
Estefany - 957
Rhiannon - 535
Geoffrey - 733
Sydnie - 913
Annabella - 712
Myah - 720
Kaya - 549
Abbie - 532
Halie - 661
Ramon - 319
Marvin - 346
Vicente - 559
Jordon - 555
Anita - 863
Alton - 994
Taniya - 801
Skyla - 612
Dale - 495
Cristian - 145
Zakary - 683
Stephen - 114
Lonnie - 906
Amber - 65
Blake - 76
Halle - 313
Danna - 836
Christy - 820
Danny - 270
Kaliyah - 780
Zane - 222
Christa - 857
Caleb - 35
Jaden - 242
Ariel - 513
Omari - 707
Helena - 599
Gerardo - 234
Kellen - 681
Savannah - 39
Carolyn - 366
Cole - 69
Annabelle - 330
Dana - 337
Dylan - 890
Mason - 53
Jordyn - 155
Dane - 458
Colt - 856
Rosemary - 636
Tavion - 858
Rhett - 668
Carrie - 753
Athena - 503
Nathalie - 591
Noemi - 594
Adriel - 916
Skylar - 383
Adrien - 828
Kiera - 481
Regina - 628
Lorena - 508
Sade - 912
Ezekiel - 347
Colton - 128
Darian - 480
Carlton - 912
Jessie - 431
Nathanial - 635
Jarred - 682
Ebony - 678
Jimena - 548
Alicia - 121
Abbey - 470
Devon - 831
Bobby - 400
Chloe - 25
Kasey - 939
Chelsey - 604
Stephon - 911
Kaylynn - 787
Dillon - 201
Quinn - 725
Giovani - 987
Jalyn - 823
Dimitri - 787
Gloria - 381
Ellis - 908
Prince - 983
Litzy - 501
Jarvis - 961
Chelsea - 178
Solomon - 460
Antoine - 626
Jeanette - 991
Brenna - 328
Treyton - 826
Cora - 466
Raina - 825
Ellie - 200
Tariq - 738
Joe - 312
Mattie - 772
Javier - 157
Janessa - 647
Leah - 87
Dania - 950
Esther - 302
Jon - 366
Melinda - 934
August - 664
Arnold - 896
Joy - 478
Gunner - 636
Marquise - 661
Thaddeus - 746
Derek - 139
Dominique - 576
Alayna - 380
Tyra - 680
Abigale - 839
Sam - 443
Cristal - 626
Paige - 50
Kiana - 297
Callie - 335
Adrian - 73
Kiersten - 479
Lily - 79
Victor - 100
Kathryn - 108
Rowan - 818
Anika - 509
Maverick - 799
Sylvia - 518
Nya - 643
Conrad - 744
Jovan - 778
Estevan - 795
Will - 549
Oscar - 121
Gordon - 674
Sage - 575
Malakai - 897
Lukas - 317
Patrick - 79
Brenden - 259
Laura - 106
Cory - 275
Nora - 468
Lamar - 731
Lila - 618
Marisol - 398
Coleman - 556
Ximena - 605
Trenton - 180
Pedro - 225
Helen - 340
Abigayle - 746
Katherine - 36
Cadence - 959
Caitlin - 123
Keyon - 716
Claire - 95
Rickey - 932
Terrell - 474
Simon - 242
Darrin - 937
Zachery - 324
Talia - 367
Ignacio - 638
Alexandrea - 879
Yesenia - 271
Angel - 110
Parker - 765
Hector - 194
Vaughn - 934
Chase - 82
Brian - 51
Gunnar - 557
Lina - 982
Alvin - 463
Tomas - 462
Sheldon - 686
Alfred - 656
Gillian - 388
Seth - 72
Deshaun - 851
Brenda - 213
Carina - 654
Amya - 632
Emiliano - 459
Cristina - 343
Izaiah - 564
Julianna - 185
Eleanor - 319
Kelsi - 911
Julianne - 575
Conner - 196
Nichole - 650
Omarion - 535
Jewel - 683
Jaquez - 957
Kaylin - 477
Cristopher - 633
Nolan - 172
Jefferson - 705
Ben - 547
Kristine - 996
Arielle - 578
Kaylie - 375
Kristina - 273
Duane - 913
Tyshawn - 887
Isabelle - 111
Alina - 433
Davion - 435
Isabella - 14
Viviana - 447
Emma - 4
Heath - 672
Deshawn - 563
Nestor - 850
Jaidyn - 841
Jacqueline - 81
Lisa - 362
Melina - 554
Kenneth - 104
Tatum - 392
Darren - 302
Owen - 94
Bennett - 445
Jason - 42
Alexandria - 105
Evan - 56
Shawn - 152
Brooks - 737
Taylor - 190
Johnny - 236
Darius - 237
Jagger - 651
Breana - 616
Leonel - 542
Hana - 621
Makena - 774
Brooke - 52
Pranav - 894
Greta - 755
Tucker - 296
Melvin - 316
Phoebe - 437
Wade - 538
Malcolm - 426
Annette - 598
Sofia - 112
Chana - 966
Joselyn - 541
Terrance - 442
Eliza - 361
Jaycee - 824
Santino - 905
Kenyon - 706
Nathaniel - 63
Henry - 115
Myra - 916
Kelsie - 534
Grant - 127
Kaylee - 57
Kobe - 244
Zachary - 19
Shaun - 402
Aleah - 729
Sandy - 760
Lillian - 96
Mariela - 676
Dominick - 224
Kayley - 733
Korey - 736
Koby - 579
Mitchel - 923
Jaquan - 484
Katerina - 998
Isiah - 358
Aiden - 135
Sky - 893
Araceli - 487
Haleigh - 421
Joanna - 240
Dexter - 816
Leon - 492
Lincoln - 608
Libby - 977
Aracely - 655
Mohamed - 503
Conor - 388
Mathew - 273
Lena - 545
Shaniya - 736
Gretchen - 812
Freddie - 979
Sheridan - 985
Santiago - 321
Aria - 735
Gabriela - 116
Sara - 59
Kody - 392
Estefani - 986
Dayana - 764
Chaim - 888
Rory - 700
Zavier - 927
Shemar - 970
Edwin - 179
Kelsey - 118
Rose - 331
Antonio - 85
Rosa - 341
Leilani - 442
Elena - 232
Delilah - 709
Dallin - 739
Bruno - 781
Talon - 648
Kasandra - 739
Marquez - 922
Trent - 231
Lesly - 405
Ross - 530
Blaise - 801
Arjun - 960
Kendal - 798
Harold - 586
Ashleigh - 274
Roman - 286
Reuben - 797
Peter - 134
Kaylah - 847
Rashad - 596
Essence - 845
Jakayla - 902
Aidan - 60
Collin - 148
Patience - 868
Chris - 382
Monserrat - 686
Albert - 298
Lilliana - 788
Heather - 159
Saul - 289
Alice - 444
Nicholas - 9
Walker - 407
Elise - 238
Elisa - 496
Jakobe - 848
Kai - 276
Gianni - 710
Andy - 208
Antonia - 637
Gianna - 163
Adrianna - 222
Madalyn - 356
Dustin - 189
Yousef - 998
Philip - 263
Demetrius - 422
Marquis - 501
Payton - 255
Kole - 611
Ezra - 441
Darion - 713
Tracy - 826
Anderson - 663
Destini - 782
Aron - 643
Trace - 519
Teagan - 624
Camille - 267
Yolanda - 974
Blaine - 434
Desirae - 699
Baylee - 406
Destiny - 34
Brielle - 711
Ralph - 629
Noelia - 883
Elvis - 627
Deangelo - 820
Serenity - 290
Ivan - 136
Giselle - 217
Kaila - 552
Levi - 167
Lane - 299
Mariano - 996
Lana - 668
Lilian - 586
Tamara - 374
Ibrahim - 658
Russell - 328
Mariana - 257
Bernard - 756
Iliana - 796
Georgia - 379
Miranda - 147
Marco - 187
Abraham - 204
Guadalupe - 771
Eduardo - 133
Carmen - 305
Tristan - 869
Humberto - 593
Aubrie - 981
Luisa - 952
Lizeth - 690
Monique - 409
Dorothy - 872
Kaylyn - 600
Mitchell - 176
Daphne - 569
Alison - 230
Brynn - 582
Precious - 423
Nicolette - 758
Lexi - 403
Daniela - 113
Barbara - 559
Brennen - 583
Lloyd - 991
Desiree - 214
Antony - 780
Wesley - 183
Jailyn - 880
Charlotte - 204
Isaac - 48
Eric - 52
Jakob - 203
Jesse - 90
Connor - 47
Elliot - 436
Tommy - 342
Erik - 156
Mario - 171
Chasity - 568
Erin - 72
Zaire - 895
Melany - 685
Lara - 634
Clay - 418
Kolton - 568
Noelle - 401
Jeremiah - 86
Ryann - 943
William - 11
Amanda - 46
Marie - 429
Stacy - 662
Santos - 725
Lindsey - 122
Lauryn - 307
Cheyanne - 428
Maria - 40
Brycen - 734
Kennedi - 705
Katarina - 727
Timothy - 70
Brennan - 274
Tristen - 315
Claudia - 224
Miah - 834
Lamont - 881
Karlie - 704
Alissa - 301
Kennedy - 849
Aubree - 707
Aubrey - 941
Nathanael - 455
Phoenix - 616
Alexia - 128
Anne - 326
Salvatore - 595
Shamar - 649
Anna - 20
Kayden - 502
Willie - 437
Gisselle - 449
Zoey - 268
Alexis - 161
Kristian - 457
Darryl - 603
Brandy - 498
Kory - 972
Tyrone - 507
Romeo - 569
Rolando - 536
Bruce - 467
Tabitha - 390
Cassidy - 131
Keagan - 723
Brandi - 527
Juan - 54
Elaine - 639
Isaak - 804
Lacey - 471
Elaina - 528
Lexie - 555
Raymundo - 910
Jude - 529
Melissa - 80
Natasha - 304
Jaiden - 507
Jasmyn - 837
Zoie - 590
Katelynn - 251
Jaylene - 947
Cecilia - 269
Mandy - 942
Camryn - 250
Kaela - 933
Karen - 150
Kassidy - 339
Destiney - 719
Moses - 473
Steven - 68
Tina - 669
Cheyenne - 127
Destinee - 489
Annika - 346
Nikki - 740
Willow - 504
Lindsay - 255
Avery - 245
Aryanna - 815
Shakira - 536
Tristin - 488
Pierre - 948
Jolie - 617
Chad - 309
Hassan - 765
Joyce - 703
Mckenna - 177
Jesus - 66
Johan - 510
Karlee - 663
Kaitlynn - 399
Madelyn - 120
Chaz - 811
Alisha - 408
Kendra - 227
Karley - 956
Ethan - 5
Terrence - 558
Amarion - 718
Leticia - 646
Reilly - 821
Chance - 233
Cornelius - 862
Steve - 454
Jaheim - 357
Tatiana - 287
Nyah - 615
Catalina - 795
Corey - 181
Peyton - 205
Jayson - 332
Shannon - 742
Titus - 599
Rayna - 813
Octavio - 690
Angelica - 146
Alysa - 808
Gia - 743
Lizbeth - 133
Nataly - 558
Priscila - 881
Kaiya - 652
Ansley - 677
Keven - 837
Eugene - 548
Louis - 272
Danielle - 71
Sasha - 368
Bradley - 149
Elyssa - 887
Beau - 506
Maeve - 710
Elias - 218
Hayley - 192
Daniella - 334
Elian - 817
Nikolas - 359
Madyson - 443
Earl - 834
Emerald - 1000
Gaige - 928
Justin - 22
Jeffrey - 132
Moshe - 632
Haylee - 248
Jaxon - 310
Walter - 331
Giancarlo - 764
Jacey - 802
Ethen - 909
Ahmed - 508
Shreya - 885
Anjali - 938
Ricky - 344
Nigel - 666
Anissa - 778
Ruben - 219
Jaheem - 889
Roland - 735
Trey - 213
Griffin - 228
Maleah - 884
Bryce - 97
Jovany - 962
Bilal - 954
Nevaeh - 190
Cordell - 869
Anya - 485
Iris - 382
Jovani - 796
Janae - 520
Milo - 807
Camron - 349
Estefania - 697
Kyree - 958
Mikayla - 125
Kassandra - 270
Trevon - 394
Violet - 611
Lauren - 13
Rocco - 763
Laurel - 673
Julius - 403
Emerson - 832
Malik - 211
Evelin - 763
Mike - 597
Malia - 426
Braxton - 330
Trevor - 81
Jameson - 620
Jackeline - 993
Fidel - 899
Yosef - 836
Abby - 165
Mina - 948
Paul - 118
Bella - 427
Glen - 892
Nicole - 37
Heidi - 322
Garret - 570
Javon - 406
Alanna - 492
Khalid - 779
Haylie - 583
Khalil - 423
Tia - 438
Kailyn - 589
Bo - 984
Fernanda - 456
Fernando - 159
Roxana - 862
Xzavier - 747
Nyla - 452
Izabella - 413
Josef - 853
Jackson - 50
Marilyn - 542
Cameron - 256
Miguel - 88
Brad - 748
Brittney - 317
Perry - 762
Kya - 892
Rianna - 860
Tess - 614
Kaleb - 112
Ernest - 590
Madelynn - 519
Kaley - 505
Janet - 457
Bianca - 168
Benjamin - 27
Aditya - 865
Abdullah - 752
Yuliana - 900
Abel - 354
Hamza - 760
Angelina - 75
Gregory - 169
Edward - 120
Moriah - 852
Larry - 306
Xander - 545
Jaclyn - 529
Ingrid - 722
Cindy - 258
Alivia - 430
Micah - 642
Breonna - 940
Brett - 198
Holden - 412
Baby - 944
Jaylyn - 969
Kianna - 694
Ciera - 713
Ryan - 530
Casey - 300
Asia - 266
Aylin - 939
Maurice - 378
Ryder - 724
Kendall - 461
Alondra - 162
Kaiden - 526
Trevin - 977
Juliana - 171
Madisen - 843
Carlos - 65
Bret - 868
Zackery - 409
Belen - 803
Makenna - 241
Josie - 281
Macy - 221
Julio - 256
Alonzo - 523
Pierce - 520
Janie - 945
George - 131
Kelvin - 396
Sammy - 832
Emely - 393
Gwendolyn - 576
Jayden - 296
Berenice - 842
Samara - 925
Tessa - 294
Pablo - 295
Forrest - 852
Guy - 929
Gannon - 956
Spencer - 110
Clayton - 178
Troy - 249
Natalie - 30
Sullivan - 990
Kaitlyn - 31
Natalia - 173
Leslie - 91
Jamison - 644
Dianna - 968
Gideon - 784
Journey - 935
Maci - 728
Justice - 402
Katelin - 748
Preston - 155
Corbin - 292
Brittany - 170
Yasmin - 352
Candace - 738
Jarod - 553
Camren - 730
Rodolfo - 504
Garett - 980
Jaron - 585
Tara - 295
Caitlynn - 999
Maggie - 189
Jimmy - 267
Semaj - 751
Saige - 905
Alfredo - 303
Harley - 433
Julia - 33
Trever - 877
Julie - 218
Lorenzo - 297
Alycia - 972
Nehemiah - 652
Deonte - 790
Hope - 160
Paxton - 843
Graham - 410
Tre - 798
Maxwell - 129
Presley - 695
Brady - 147
Braeden - 361
Dorian - 420
Cayden - 376
Brooklynn - 462
Bria - 700
Samir - 839
Tate - 456
Audrey - 100
Ulises - 543
Moises - 336
Emilie - 458
Denisse - 835
Brent - 363
Emilia - 543
Elijah - 41
April - 254
Monica - 180
Carlie - 562
Travon - 769
Rachael - 298
Emilio - 338
Madison - 2
Margarita - 734
Finn - 802
Rebecca - 54
Rigoberto - 688
Ezequiel - 560
Brisa - 696
Darwin - 903
Simone - 546
Ireland - 964
Jevon - 946
Ruby - 208
Kayleigh - 324
Jaylon - 399
Miya - 949
Hayden - 610
Dwayne - 614
Maia - 533
Lea - 665
Faith - 48
Kieran - 554
Lee - 517
Felicia - 579
Kristin - 358
Eliana - 394
Kaelyn - 649
Valerie - 157
Bryson - 229
Leo - 340
Easton - 540
Valeria - 197
Yadira - 644
Rocio - 805
Bradyn - 963
Leroy - 812
Ariana - 93
Drake - 266
Houston - 879
Franklin - 471
Yvonne - 937
Esperanza - 606
Trevion - 825
Zackary - 254
Irvin - 645
Judah - 647
Ericka - 822
Carley - 488
Landon - 142
Marlene - 538
Emily - 1
Aurora - 435
Lillie - 653
Osvaldo - 419
Remington - 883
Rudy - 565
Byron - 486
Hunter - 561
Evelyn - 98
Gilberto - 522
Anton - 650
Emilee - 332
Alexa - 69
Jazmine - 229
Calista - 777
Devonte - 630
Logan - 329
Kayla - 19
Joseph - 7
Melody - 299
Carlee - 645
Charity - 506
Adrienne - 573
Immanuel - 988
Edgar - 175
Adriana - 142
Sharon - 512
Aaron - 44
Katharine - 810
Nasir - 429
Camila - 454
Sarai - 517
Sarah - 8
Jenifer - 706
Josephine - 264
Graciela - 928
Mayra - 502
Sophie - 149
Kirsten - 278
Taliyah - 687
Darrion - 942
Lia - 714
Joaquin - 496
Maliyah - 904
Stella - 500
Martin - 192
Zayne - 967
Alana - 225
Olivia - 10
Taya - 931
Shania - 469
Kristen - 186
Sonny - 813
Lola - 754
Caitlyn - 148
Zachariah - 397
Sophia - 27
Scott - 185
Jennifer - 28
Patricia - 279
Curtis - 291
Sheila - 726
Antwan - 935
Lesley - 563
Brionna - 980
Madisyn - 418
Kaden - 173
Jaylin - 790
Erica - 144
Ismael - 339
Martha - 424
Harry - 521
Erick - 182
Ty - 214
Keenan - 587
Fred - 878
Adonis - 867
Miles - 239
Iyana - 751
Markus - 654
Jerry - 287
Marcel - 854
Ernesto - 323
Randall - 514
Crystal - 154
Aliya - 741
Marc - 282
Darrell - 546
Sterling - 588
Clara - 306
Nyasia - 978
Mara - 608
Mark - 93
Irene - 516
Clare - 595
Hanna - 194
Linda - 387
Kayli - 783
Sonia - 531
Isai - 726
Warren - 527
Yessenia - 919
Stanley - 490
Clark - 805
Reanna - 907
Alijah - 684
Mary - 51
Vincent - 122
Madeleine - 292
Aliza - 817
Oliver - 268
Paola - 310
Mollie - 659
Jean - 694
Alize - 745
Jeremy - 95
Fabian - 271
Josue - 220
Jaliyah - 816
Daquan - 667
Sandra - 275
Michelle - 58
Allyssa - 962
Jaylen - 215
Kalyn - 929
Deanna - 349
Gerald - 446
Regan - 396
Francis - 497
Tyree - 573
Samira - 908
Annalise - 731
Dwight - 971
Cassie - 539
Kadin - 619
Roderick - 637
Axel - 313
Jenna - 47
Fatima - 246
Kaitlin - 219
Clifford - 841
Wendy - 261
Dalia - 894
Draven - 720
Tiffany - 141
Dashawn - 606
Ayanna - 472
Jenny - 354
Sonya - 906
Aimee - 566
Raphael - 680
Casandra - 723
Armani - 901
Darnell - 692
Carol - 854
Amelia - 139
Jonathan - 21
Rodrigo - 393
Maura - 784
Kathleen - 260
Lisbeth - 623
Chaya - 701
Keyshawn - 675
Alena - 730
Kelly - 884
Braden - 168
Kristofer - 982
Anastasia - 265
Nayeli - 263
Liana - 771
Marcos - 247
Jeff - 981
Katrina - 280
Irving - 880
Jovanni - 992
Kelli - 681
Shane - 130
Jaylan - 699
Grace - 15
Alisa - 631
Tristian - 785
Katlyn - 417
Rebekah - 211
Allyson - 234
Angie - 384
Erika - 166
Maximus - 314
Robert - 34
Maya - 90
Carly - 206
Kyla - 187
Meghan - 174
Larissa - 510
Nico - 717
Skye - 446
Kyle - 40
Autumn - 73
Keyla - 856
Nick - 831
Marshall - 368
Derrick - 235
Rohan - 518
Kiley - 400
Declan - 439
Zander - 533
Hadley - 875
Shyanne - 580
Isabel - 85
Johana - 994
Raymond - 177
Princess - 859
Karissa - 460
Lydia - 137
Bailee - 526
Vivian - 249
Brice - 605
Augustus - 840
Karson - 678
Gracie - 153
Isis - 564
Grady - 613
America - 410
Jace - 281
Porter - 685
Gonzalo - 729
Luc - 930
Jack - 43
Jaqueline - 436
Bailey - 325
Naomi - 169
Jaylynn - 867
Anthony - 12
Kierra - 494
Aiyana - 785
Carlo - 964
Justine - 577
Tayler - 691
Carli - 871
Lawson - 842
Luz - 593
Carla - 386
Lewis - 594
Turner - 925
Genesis - 228
Ashlynn - 348
Sabastian - 951
Samantha - 9
Janiya - 596
Carter - 107
Ellen - 476
Toby - 476
Phillip - 226
Kyra - 226
Bryant - 304
Jaxson - 580
Harmony - 670
Hudson - 481
Ruth - 338
Quinton - 411
Wayne - 539
Bryana - 844
Devin - 770
Jada - 78
Jade - 86
Kiara - 156
Christine - 303
Quincy - 430
Jazlyn - 622
Aspen - 556
Gabrielle - 66
Damaris - 724
Alyson - 445
Gabriella - 77
Niko - 993
Lilly - 333
Abigail - 7
Randy - 293
Neal - 950
Agustin - 598
Magdalena - 984
Kenya - 553
Jena - 970
Savion - 572
Haden - 918
Ronald - 227
Lyndsey - 891
Stephany - 672
Norma - 923
Israel - 251
Loren - 983
Todd - 469
Milton - 695
Christina - 97
Brendan - 124
Ronnie - 552
Latrell - 882
Janelle - 482
Dulce - 493
Manuel - 164
Stone - 827
Julissa - 372
Tania - 411
Maryam - 988
Kallie - 886
Eddie - 384
Amaya - 282
Chandler - 989
Frances - 620
Aisha - 629
Felipe - 452
Alyssa - 12
Makenzie - 198
Mallory - 253
Marcus - 106
Deven - 512
Darin - 782
Dario - 845
Alexander - 15
Jadon - 416
Landen - 477
Beatriz - 866
Jake - 102
Marley - 630
Shaylee - 781
Scarlett - 806
Reginald - 427
Nathen - 855
Jamal - 364
Jair - 623
Genevieve - 397
Reece - 351
Jamar - 615
Diamond - 207
Nina - 243
Damien - 212
Muhammad - 659
Maximo - 931
Madeline - 55
Davon - 592
Devante - 973
Marlee - 915
Maxim - 959
Brody - 279
Ashtyn - 889
Jonathon - 269
Osbaldo - 976
Frankie - 745
Jorge - 109
Devan - 515
Kareem - 624
Leonard - 562
Juliette - 592
Neil - 574
Eileen - 667
Rebeca - 877
Don - 999
Darrius - 786
Victoria - 21
Donte - 600
Karina - 167
Arturo - 288
Aliyah - 203
Tyrell - 537
Deasia - 954
India - 311
Galilea - 932
Douglas - 305
Mikaela - 490
Jett - 602
Daisy - 138
Brodie - 701
Gabriel - 32
Miriam - 284
Robin - 848
Malachi - 210
Dangelo - 740
Deandre - 365
Judith - 588
Amara - 791
Jordy - 809
Max - 165
Gilbert - 591
Amari - 472
Alysha - 963
Sawyer - 498
Margaret - 129
Felix - 395
River - 612
Wyatt - 119
Jamel - 788
Cade - 207
Darby - 951
Colin - 116
James - 18
Allison - 44
Jana - 896
Jane - 416
Salma - 759
Rylan - 475
Kurt - 669
Brock - 264
Sally - 874
Damian - 163
Ashley - 6
Dakota - 323
Bernardo - 847
Frank - 216
Mateo - 355
Jaquelin - 973
Tony - 283
Jadyn - 872
Syed - 952
Makaila - 851
Molly - 107
Freddy - 641
Alberto - 262
Salvador - 343
Giana - 865
Tyler - 524
Davis - 391
Taryn - 467
Mekhi - 544
Aaliyah - 64
Christiana - 846
Arlene - 762
Cortez - 969
Alan - 150
Carolina - 291
Meagan - 451
Sidney - 676
Annabel - 814
Caroline - 67
Estrella - 702
Clinton - 727
Jaida - 627
Keeley - 987
Toni - 648
Davin - 634
Rogelio - 479
Herbert - 974
Breanna - 104
Laila - 370
David - 13
Cedric - 482
Cael - 774
Marlon - 511
Brayan - 356
Desmond - 425
Fredrick - 830
Krystal - 395
Britney - 236
Jase - 966
Quentin - 352
Dayton - 499
Dillan - 697
Jamie - 528
Jonah - 166
Amani - 674
Jamil - 938
Johnathon - 415
Jonas - 438
Elissa - 789
Tyrese - 453
Jamir - 945
Raquel - 391
Vanessa - 68
Donna - 675
Alvaro - 578
Wilson - 468
Lucas - 75
Kolby - 385
Heriberto - 803
Andre - 209
Sarahi - 876
Whitney - 350
Maddison - 499
Shea - 800
Christian - 773
Paris - 464
Melanie - 94
Kian - 857
Aldo - 408
Joana - 873
Reagan - 772
Kailey - 283
Maximillian - 709
Winston - 789
Gina - 414
Reed - 493
Lucia - 525
Greyson - 704
Jazmyne - 990
Joshua - 3
Camden - 285
Alex - 975
Mia - 43
Thalia - 607
Arianna - 114
Catherine - 101
Kyleigh - 439
Imani - 318
Bridget - 288
Tori - 286
Alec - 206
Ian - 67
Matthew - 4
London - 874
Julien - 607
Brenton - 833
Juliet - 602
Dawson - 193
Ronaldo - 767
Addison - 550
Emmanuel - 184
Macey - 574
Susana - 756
Tylor - 835
Colby - 125
Alonso - 621
Denzel - 708
Samson - 891
Thomas - 36
Gino - 917
Cali - 819
Stacey - 769
Cale - 743
Megan - 22
Layton - 893
Jasper - 483
Calvin - 221
Travis - 144
Rylie - 440
Mauricio - 353
Tanya - 570
Gustavo - 265
Reid - 447
Omar - 151
Joslyn - 797
Yvette - 718
Lisandro - 901
Priscilla - 285
Trystan - 953
Madalynn - 899
Amiya - 997
Damon - 290
Isabela - 635
Javen - 900
Destin - 808
Clifton - 968
Kameron - 260
Ryleigh - 495
Miracle - 522
Isabell - 921
Kendrick - 491
Sarina - 888
Alia - 853
Julian - 78
Carson - 799
Cassandra - 126
Terry - 380
Nancy - 233
Liberty - 483
Hazel - 767
Jasmine - 26
Susan - 475
Meaghan - 922
Kristopher - 329
Jessica - 16
Ramiro - 505
Jarrett - 377
Billy - 424
Macie - 474
Mckayla - 455
Marcella - 965
Janice - 747
Ryley - 989
Hannah - 3
Renee - 419
Hugh - 864
Maritza - 565
Reese - 463
Abril - 979
Hugo - 369
Rylee - 933
Kailee - 511
Fletcher - 1000
Sebastian - 80
Tierra - 716
Alma - 544
Gael - 721
Kathy - 693
Jocelyn - 92
Ally - 581
Damion - 432
Elisha - 601
Katie - 103
Stephanie - 41
Jermaine - 448
Ashlyn - 158
Braiden - 749
Frederick - 428
Rita - 924
Donovan - 191
Carl - 350
Esteban - 337
Katelyn - 53
Cara - 480
Ean - 995
Reynaldo - 671
Leila - 450
Jamya - 809
Braedon - 819
Jabari - 702
Jaime - 855
German - 759
Tiara - 514
Amira - 761
Alexandra - 38
Mercedes - 293
Nash - 876
Alexandro - 715
Nathan - 28
Hallie - 355
Candice - 927
Cruz - 640
Esmeralda - 205
Caiden - 679
Roger - 387
Celine - 779
Celina - 828
Domenic - 863
Mohammed - 571
Rene - 421
Quinten - 750
Jamari - 567
Yareli - 992
Mikel - 947
Gage - 140
Ayden - 322
Josiah - 154
Eliseo - 943
Clarissa - 342
Alejandro - 92
Odalys - 953
Summer - 151
Cason - 936
Jared - 84
Jacquelyn - 459
Kourtney - 850
Perla - 415
Jaren - 776
Silas - 431
Orion - 584
Delaney - 181
Alaina - 309
Adan - 444
Yazmin - 752
Adam - 55
Roberto - 188
Zoe - 60
Deborah - 560
Laney - 625
Alejandra - 191
Riya - 955
Aryan - 871
Brianna - 17
Haven - 633
Brianne - 864
Efren - 886
Lance - 261
Kacie - 786
Robyn - 830
Donald - 252
Tiana - 377
Ayla - 793
Jaydon - 525
Shawna - 897
Joelle - 917
Amina - 946
Vanesa - 849
Grayson - 308
Luca - 524
Rachel - 24
Ciara - 336
Quintin - 628
Sadie - 212
Mohammad - 531
Jairo - 622
Meredith - 357
Garrison - 660
Stuart - 870
Eliezer - 986
Veronica - 172
Tianna - 597
Lucy - 262
Cesar - 162
Serena - 244
Abram - 846