
2004 ------------
Rafael - 224
Karly - 763
Reyna - 628
Austin - 35
Ray - 576
Sienna - 609
Kira - 275
Sydni - 971
Mya - 115
Tyson - 284
Michael - 2
Charlie - 351
Waylon - 687
Triston - 497
Jaelyn - 506
Bryan - 65
Kaleigh - 463
Corinne - 747
Junior - 647
Cynthia - 223
Alden - 733
Daniel - 7
Shayla - 347
Kevin - 34
Aden - 306
Kimora - 806
Efrain - 584
Justus - 732
Angeles - 972
Elmer - 865
Alexus - 427
Morgan - 309
Kade - 388
Tamia - 374
Jacoby - 821
Elliott - 458
Holly - 293
Lyric - 715
Jordan - 70
Kelton - 822
Ella - 29
Deacon - 898
Francesca - 425
Shayna - 800
Paula - 663
Ahmad - 486
Shayne - 939
Gaven - 718
Keaton - 354
Celeste - 204
Kamryn - 299
Orlando - 361
Karli - 693
Mackenzie - 45
Anaya - 512
Jerome - 552
Cooper - 133
Karla - 195
Ada - 852
Kaci - 979
Treasure - 892
Jeffery - 419
Eli - 160
Maribel - 764
Lexus - 969
Rex - 931
Edith - 687
Rey - 983
Nikhil - 861
Jazmyn - 651
Abagail - 934
Sierra - 92
Samuel - 23
Bryanna - 393
Pamela - 529
Jaeden - 685
Korbin - 706
Iyanna - 867
Luka - 847
Elle - 490
Denise - 354
Mariah - 113
Rodney - 432
Mariam - 681
Campbell - 796
Benny - 941
Keely - 771
Dean - 373
Keith - 253
Luis - 57
Shelby - 112
Myles - 296
Savanna - 273
Nickolas - 299
Darlene - 996
Kamari - 807
Michaela - 284
Teresa - 409
Brooklyn - 101
Ivy - 387
Keira - 257
Derick - 704
Aileen - 511
Madilyn - 502
Bronson - 1000
Leanna - 767
Guillermo - 407
Riley - 106
Diana - 90
Leonardo - 195
Gary - 326
Rahul - 995
Dasia - 974
Luke - 41
Alfonso - 522
Brandon - 22
Braydon - 415
Sergio - 199
Joel - 124
Gavin - 52
Joey - 491
Keon - 709
Arnav - 889
Piper - 266
Diane - 904
Jacob - 1
Raul - 242
Jasmin - 182
Yasmine - 507
John - 18
Arely - 582
Jillian - 152
Emmett - 621
Caden - 104
Kylan - 791
Howard - 776
Dandre - 810
Brayden - 107
Ainsley - 398
Shirley - 987
Keshawn - 636
Johanna - 501
Celia - 675
Jalen - 190
Roselyn - 612
Nelson - 457
Montana - 994
Ronan - 643
Shyann - 789
Kaia - 697
Marina - 356
Lizette - 779
Elizabeth - 10
Theodore - 313
Luna - 723
Selena - 261
Barrett - 773
Virginia - 439
Branden - 420
Kamron - 667
Zaria - 671
Cullen - 707
Zion - 312
Alexzander - 642
Kevon - 946
Kale - 796
Itzel - 359
Micaela - 810
Clarence - 745
Kali - 543
Mireya - 948
Richard - 92
Giovanny - 834
Annie - 385
Theresa - 668
Emanuel - 278
Citlali - 957
Dion - 844
Mckenzie - 151
Giovanni - 189
Cierra - 349
Krista - 542
Oswaldo - 713
Tatyana - 709
Giovanna - 684
Keegan - 257
Elsa - 815
Blaze - 816
Garrett - 114
Areli - 856
Trista - 530
Ali - 865
Dylon - 831
Trinity - 48
Angelo - 269
Eden - 340
Angela - 105
Isaiah - 45
Kane - 696
Kyler - 274
Allie - 294
Elyse - 725
Cecelia - 699
Charles - 56
Alessandra - 504
Jayce - 521
Layla - 167
Ashly - 839
Amy - 106
Adeline - 586
Cayla - 781
Cristofer - 992
Isaias - 502
Ayana - 730
Courtney - 121
Eva - 198
Nadia - 215
Makayla - 47
Eddy - 916
Ana - 139
Craig - 479
Eve - 610
Alessandro - 675
Deja - 594
Roy - 469
Jayda - 329
Drew - 986
Ann - 686
Coby - 702
Zack - 920
Cyrus - 515
Weston - 380
Hailey - 24
Jorden - 794
Glenn - 682
Kenzie - 646
Christopher - 10
Dominic - 91
Ricardo - 143
Paloma - 851
Elisabeth - 435
Kylee - 141
Nia - 357
Dominik - 639
Noah - 29
Penelope - 647
Kimberly - 61
Jan - 770
Hailee - 394
Cody - 85
Johnathan - 183
Aniya - 262
Jay - 350
Kara - 249
Selina - 992
Donavan - 734
Blanca - 863
Marissa - 78
Emmalee - 644
Savanah - 702
Aniyah - 296
Uriel - 446
Maximilian - 341
Francisco - 149
Liliana - 224
Karl - 697
Dayanara - 426
Dalton - 167
Luciano - 757
Sabrina - 149
Ryland - 904
Kenia - 918
Colten - 575
Ashanti - 533
Meadow - 765
Devyn - 899
Briana - 120
Allen - 256
Brendon - 460
Matteo - 700
Ryker - 784
Kerry - 971
Jalynn - 990
Frida - 729
Demarcus - 775
Sean - 64
Ari - 678
Enrique - 255
Savana - 902
Bethany - 208
Sydney - 27
Raven - 263
Haley - 44
Kate - 147
Abbigail - 518
Tamya - 962
Asher - 334
Sydnee - 678
Vance - 788
Ashton - 669
Nicolas - 138
Diya - 871
Dante - 271
Asa - 672
Misael - 649
Jose - 28
Katy - 991
Angelique - 604
Josh - 660
Dallas - 359
Valentina - 481
Andrea - 57
Deon - 817
Norman - 848
Kylie - 49
Seamus - 780
Lawrence - 363
Layne - 645
Paulina - 414
Amir - 340
Noel - 454
Raegan - 488
Issac - 397
Anahi - 380
Stephan - 862
Tobias - 500
Yahir - 323
Zechariah - 664
Javion - 705
Hailie - 720
Duncan - 566
Keanu - 872
Marianna - 692
Arthur - 357
Ashlee - 282
Zain - 829
Marisa - 335
Zaid - 964
Everett - 535
Adolfo - 543
Kanye - 487
Colleen - 700
Xavier - 89
Fabiola - 866
Carissa - 473
Fiona - 327
Marcelo - 924
Tanner - 125
Armando - 241
Micheal - 392
Andres - 169
Heaven - 269
Andrew - 6
Noe - 441
Diego - 73
Allan - 444
Darien - 742
Ava - 25
Liam - 112
Felicity - 711
Kenny - 482
Harrison - 209
Barry - 961
Jayla - 216
Kenna - 799
Jazmin - 184
Stefan - 792
Cannon - 830
Sincere - 735
Skyler - 310
Dennis - 310
Gavyn - 747
Braylon - 703
Rhiannon - 624
Yaritza - 983
Geoffrey - 851
Sydnie - 953
Annabella - 726
Myah - 786
Kaya - 539
Abbie - 570
Norah - 589
Halie - 825
Ramon - 345
Marvin - 355
Vicente - 564
Jordon - 607
Anita - 906
Taniya - 698
Skyla - 587
Maddox - 378
Dale - 603
Cristian - 139
Nathaly - 933
Zakary - 843
Stephen - 140
Amber - 88
Blake - 95
Halle - 386
Danna - 638
Danny - 304
Kaliyah - 732
Kaydence - 377
Zane - 231
Christa - 982
Caleb - 33
Jaden - 250
Ariel - 551
Omari - 569
Helena - 557
Gerardo - 235
Kellen - 512
Savannah - 41
Carolyn - 418
Cole - 75
Annabelle - 300
Dana - 428
Dylan - 475
Mason - 51
Jordyn - 928
Dane - 468
Rosemary - 717
Rhett - 715
Carrie - 811
Athena - 486
Noemi - 603
Nathalie - 622
Adriel - 801
Skylar - 472
Adrien - 769
Kiera - 378
Regina - 653
Lorena - 599
Ezekiel - 315
Colton - 135
Darian - 547
Jessie - 484
Nathanial - 686
Ebony - 818
Jimena - 464
Alicia - 130
Abbey - 565
Devon - 843
Bobby - 453
Chloe - 23
Saniyah - 894
Kasey - 710
Chelsey - 739
Stephon - 909
Kaylynn - 654
Dillon - 197
Quinn - 685
Jalyn - 816
Dimitri - 968
Gloria - 422
Ellis - 837
Prince - 797
Litzy - 525
Jarvis - 980
Chelsea - 194
Solomon - 477
Antoine - 630
Brenna - 330
Cora - 437
Raina - 802
Ellie - 189
Tariq - 871
Joe - 348
Mattie - 794
Javier - 158
Janessa - 524
Leah - 64
Dania - 977
Esther - 298
Lilia - 937
Jon - 410
August - 673
Arnold - 900
Joy - 482
Gunner - 595
Marquise - 726
Thaddeus - 906
Derek - 156
Alayna - 302
Dominique - 654
Tyra - 705
Abigale - 881
Sam - 439
Cristal - 562
Paige - 51
Callie - 346
Kiana - 363
Adrian - 72
Kiersten - 455
Lily - 53
Victor - 102
Kathryn - 122
Rowan - 710
Anika - 477
Maverick - 765
Sylvia - 560
Conrad - 740
Nya - 741
Jovan - 748
Estevan - 760
Will - 529
Oscar - 123
Gordon - 750
Sage - 658
Malakai - 771
Lukas - 294
Patrick - 100
Brenden - 277
Laura - 129
Cory - 349
Nora - 306
Lamar - 727
Lila - 489
Marisol - 396
Haiden - 960
Ximena - 397
Coleman - 634
Trenton - 186
Pedro - 226
Helen - 364
Abigayle - 768
Katherine - 35
Cadence - 218
Caitlin - 161
Keyon - 805
Claire - 98
Terrell - 488
Simon - 254
Darrin - 986
Talia - 334
Zachery - 423
Ignacio - 668
Alexandrea - 1000
Yesenia - 338
Angel - 128
Parker - 657
Hector - 192
Vaughn - 785
Chase - 81
Brian - 59
Gunnar - 574
Lina - 888
Alvin - 514
Tomas - 483
Sheldon - 759
Alfred - 716
Gillian - 554
Seth - 80
Deshaun - 934
Brenda - 201
Carina - 731
Amya - 423
Emiliano - 364
Cristina - 441
Fisher - 994
Izaiah - 538
Julianna - 200
Eleanor - 301
Julianne - 636
Conner - 134
Nichole - 773
Omarion - 448
Jewel - 770
Kaylin - 436
Cristopher - 582
Nolan - 161
Jefferson - 657
Ben - 528
Arielle - 641
Kaylie - 308
Kristina - 328
Tyshawn - 932
Isabelle - 107
Alina - 392
Davion - 437
Isabella - 7
Viviana - 430
Emma - 2
Heath - 689
Deshawn - 546
Nestor - 879
Jaidyn - 814
Jacqueline - 108
Lisa - 431
Melina - 627
Kenneth - 121
Tatum - 383
Darren - 337
Owen - 66
Bennett - 403
Jason - 47
Alexandria - 125
Evan - 39
Laci - 499
Shawn - 171
Brooks - 633
Taylor - 216
Johnny - 252
Darius - 286
Charlize - 623
Jagger - 997
Breana - 719
Leonel - 471
Hana - 691
Makena - 829
Brooke - 46
Pranav - 767
Greta - 706
Tucker - 288
Phoebe - 406
Melvin - 433
Wade - 520
Malcolm - 534
Annette - 695
Sofia - 69
Gracelyn - 921
Chana - 931
Joselyn - 413
Terrance - 473
Eliza - 319
Jaycee - 896
Santino - 761
Kenyon - 857
Nathaniel - 68
Henry - 109
Kelsie - 640
Grant - 141
Kaylee - 50
Kobe - 417
Zachary - 26
Shaun - 399
Aleah - 696
Sandy - 798
Lacy - 897
Lillian - 65
Mariela - 583
Dominick - 217
Kayley - 666
Korey - 952
Koby - 883
Jaquan - 495
Isiah - 385
Aiden - 60
Araceli - 547
Haleigh - 492
Joanna - 253
Dexter - 799
Leon - 519
Lincoln - 553
Libby - 827
Aracely - 716
Mohamed - 505
Conor - 451
Koda - 943
Mathew - 291
Lena - 522
Shaniya - 597
Gretchen - 885
Santiago - 292
Aria - 683
Gabriela - 110
Sara - 68
Kody - 409
Dayana - 626
Chaim - 833
Rory - 721
Zavier - 940
Edwin - 173
Kelsey - 148
Rose - 355
Antonio - 93
Leilani - 341
Rosa - 416
Elena - 214
Delilah - 596
Bruno - 786
Marques - 789
Dallin - 911
Talon - 763
Kasandra - 907
Marquez - 953
Trent - 258
Lesly - 407
Ross - 612
Arjun - 741
Blaise - 890
Kendal - 513
Harold - 610
Ashleigh - 417
Roman - 239
Konnor - 839
Reuben - 853
Peter - 142
Kaylah - 878
Rashad - 719
Essence - 817
Jakayla - 759
Aidan - 40
Collin - 130
Patience - 842
Chris - 396
Monserrat - 701
Albert - 338
Lilliana - 656
Heather - 244
Saul - 289
Alice - 404
Nicholas - 13
Walker - 382
Davian - 811
Elise - 225
Elisa - 494
Jakobe - 846
Kai - 247
Gianni - 626
Truman - 958
Andy - 205
Antonia - 782
Gianna - 124
Adrianna - 212
Madalyn - 401
Dustin - 223
Philip - 307
Demetrius - 438
Marquis - 447
Payton - 238
Kole - 628
Ezra - 381
Jamarcus - 998
Darion - 860
Tracy - 949
Anderson - 594
Destini - 926
Aron - 640
Teagan - 905
Trace - 531
Camille - 252
Blaine - 565
Desirae - 840
Baylee - 498
Destiny - 39
Camilla - 912
Kamren - 945
Brielle - 487
Ralph - 711
Noelia - 901
Elvis - 693
Deangelo - 878
Serenity - 191
Jayleen - 951
Elvin - 956
Maren - 944
Ivan - 117
Giselle - 181
Astrid - 939
Kaila - 633
Tayshaun - 962
Levi - 154
Lane - 298
Lana - 465
Lilian - 526
Tamara - 569
Ibrahim - 587
Russell - 366
Mariana - 171
Bernard - 764
Iliana - 804
Georgia - 366
Miranda - 127
Marco - 191
Abraham - 193
Guadalupe - 882
Eduardo - 126
Carmen - 239
Tristan - 115
Humberto - 680
Aubrie - 857
Lizeth - 625
Monique - 462
Dorothy - 858
Kaylyn - 689
Mitchell - 213
Daphne - 590
Alison - 229
Brynn - 358
Precious - 559
Jaleel - 944
Nicolette - 854
Lexi - 320
Daniela - 118
Yoselin - 805
Barbara - 674
Brennen - 629
Desiree - 234
Antony - 762
Amaris - 823
Wesley - 184
Jailyn - 936
Charlotte - 170
Isaac - 46
Eric - 61
Jakob - 236
Jesse - 94
Marin - 835
Connor - 38
Elliot - 398
Tommy - 395
Erik - 172
Mario - 178
Carmelo - 910
Chasity - 728
Erin - 95
Zaire - 965
Melany - 584
Lara - 734
Clay - 583
Kolton - 637
Noelle - 445
Jeremiah - 77
Ryann - 718
William - 8
Amanda - 67
Marie - 493
Stacy - 629
Santos - 768
Lindsey - 146
Lauryn - 389
Cheyanne - 566
Maria - 42
Brycen - 659
Kennedi - 634
Katarina - 853
Timothy - 79
Brennan - 300
Tristen - 331
Claudia - 270
Lamont - 930
Miah - 946
Karlie - 615
Alissa - 336
Kennedy - 929
Aubree - 727
Aubrey - 190
Nathanael - 443
Phoenix - 879
Alexia - 132
Anne - 399
Salvatore - 663
Shamar - 876
Anna - 20
Kayden - 743
Willie - 496
Gisselle - 593
Zoey - 209
Alexis - 103
Kristian - 485
Darryl - 698
Brandy - 659
Tyrone - 562
Romeo - 600
Rolando - 526
Bruce - 478
Tabitha - 447
Cassidy - 168
Keagan - 691
Brandi - 664
Juan - 54
Elaine - 660
Isaak - 903
Lacey - 424
Elaina - 457
Lexie - 534
Raymundo - 972
Jude - 369
Melissa - 99
Natasha - 304
Jaiden - 429
Jasmyn - 841
Zoie - 552
Katelynn - 255
Jaylene - 769
Boston - 908
Cecilia - 277
Mandy - 845
Camryn - 222
Karen - 155
Kassidy - 402
Destiney - 834
Moses - 506
Steven - 78
Tina - 749
Cheyenne - 153
Destinee - 521
Annika - 326
Nikki - 870
Willow - 551
Lindsay - 241
Avery - 225
Aryanna - 778
Tristin - 570
Jolie - 621
Zariah - 968
Chad - 344
Hassan - 803
Joyce - 760
Mckenna - 202
Jesus - 70
Johan - 573
Lacie - 876
Karlee - 585
Kaitlynn - 453
Madelyn - 111
Chaz - 914
Alisha - 448
Kendra - 272
Karley - 864
Ethan - 5
Melisa - 952
Amarion - 490
Terrence - 604
Leticia - 744
Reilly - 985
Chance - 250
Cornelius - 967
Simeon - 854
Jeramiah - 975
Steve - 503
Jaheim - 743
Tatiana - 290
Catalina - 761
Corey - 212
Peyton - 162
Jayson - 319
Shannon - 873
Titus - 572
Rayna - 780
Octavio - 653
Angelica - 176
Alysa - 822
Gia - 753
Lizbeth - 230
Chanel - 922
Karis - 914
Nataly - 461
Ansley - 661
Kaiya - 868
Keven - 935
Eugene - 585
Konner - 744
Louis - 302
Danielle - 91
Sasha - 368
Bradley - 176
Elyssa - 890
Beau - 402
Maeve - 708
Elias - 207
Hayley - 245
Daniella - 325
Elian - 855
Nikolas - 301
Madyson - 454
Earl - 951
Justin - 30
Jeffrey - 150
Moshe - 614
Haylee - 237
Jaxon - 266
Walter - 365
Giancarlo - 677
Jacey - 801
Ethen - 881
Ahmed - 525
Xiomara - 833
Shreya - 855
Aryana - 882
Ricky - 358
Nigel - 772
Anissa - 903
Ruben - 218
Roland - 778
Trey - 237
Griffin - 240
Maleah - 917
Bryce - 108
Jovany - 868
Nevaeh - 104
Cordell - 991
Anya - 468
Vincenzo - 936
Iris - 376
Jovani - 755
Aleena - 889
Janae - 578
Milo - 766
Camron - 339
Estefania - 997
Mikayla - 156
Kassandra - 344
Trevon - 452
Violet - 588
Lauren - 16
Rocco - 537
Laurel - 740
Julius - 383
Emerson - 900
Malik - 243
Evelin - 772
Mike - 623
Malia - 449
Andreas - 966
Braxton - 220
Trevor - 110
Jameson - 516
Jackeline - 940
Yosef - 859
Abby - 166
Mina - 886
Paul - 128
Bella - 260
Nicole - 43
Heidi - 342
Soren - 849
Matthias - 815
Garret - 671
Javon - 406
Alanna - 471
Haylie - 541
Khalil - 422
Tia - 509
Kailyn - 531
Bo - 864
Harper - 887
Fernanda - 496
Fernando - 155
Roxana - 976
Xzavier - 714
Nyla - 408
Izabella - 395
Josef - 923
Jackson - 48
Marilyn - 572
Cameron - 251
Miguel - 97
Brad - 832
Brittney - 491
Jaydin - 895
Kya - 707
Perry - 808
Tess - 642
Kaleb - 119
Ernest - 597
Madelynn - 546
Kaley - 519
Janet - 452
Bianca - 172
Heidy - 998
Addyson - 895
Benjamin - 25
Aditya - 749
Abdullah - 897
Yuliana - 877
Natalee - 915
Abel - 356
Branson - 949
Hamza - 730
Angelina - 60
Gregory - 194
Edward - 129
Mira - 909
Moriah - 848
Xander - 259
Larry - 333
Jaclyn - 672
Ingrid - 618
Cindy - 305
Alivia - 331
Micah - 757
Brett - 222
Holden - 372
Baby - 793
Jaylyn - 913
Kianna - 784
Ciera - 828
Ryan - 433
Casey - 382
Asia - 247
Aylin - 916
Ryder - 342
Maurice - 386
Kendall - 507
Alondra - 150
Kaiden - 311
Trevin - 990
Juliana - 163
Madisen - 873
Carlos - 71
Zackery - 501
Belen - 883
Makenna - 227
Josie - 324
Macy - 233
Julio - 268
Alonzo - 548
Pierce - 513
George - 146
Kelvin - 412
Sammy - 825
Emely - 315
Gwendolyn - 591
Jayden - 235
Samara - 365
Tessa - 278
Pablo - 303
Guy - 987
Gannon - 866
Spencer - 151
Clayton - 198
Troy - 227
Livia - 947
Natalie - 19
Sullivan - 948
Kaitlyn - 33
Natalia - 142
Leslie - 93
Jamison - 577
Dianna - 978
Gideon - 692
Journey - 942
Maci - 555
Justice - 497
Katelin - 875
Preston - 152
Corbin - 270
Brittany - 240
Yasmin - 337
Candace - 820
Jarod - 988
Camren - 613
Rodolfo - 499
Rhea - 910
Jaron - 656
Landyn - 842
Tara - 322
Maggie - 206
Jimmy - 280
Semaj - 737
Saige - 736
Alfredo - 327
Harley - 462
Julia - 32
Trever - 974
Julie - 259
Lorenzo - 295
Nehemiah - 581
Hope - 179
Paxton - 884
Laisha - 788
Graham - 421
Tre - 977
Maxwell - 136
Presley - 564
Brady - 122
Braeden - 324
Dorian - 435
Cayden - 264
Brooklynn - 345
Samir - 806
Bria - 950
Tate - 387
Audrey - 80
Enzo - 795
Ulises - 591
Franco - 891
Moises - 360
Emilie - 458
Malaki - 926
Brent - 404
Emilia - 470
Elijah - 31
April - 279
Delia - 966
Monica - 226
Carlie - 503
Travon - 913
Rachael - 370
Emilio - 297
Madison - 858
Margarita - 929
Finn - 568
Rebecca - 71
Rigoberto - 688
Ezequiel - 563
Rubi - 613
Brisa - 750
Darwin - 819
Simone - 479
Ruby - 158
Kayleigh - 283
Jaylon - 425
Miya - 999
Hayden - 581
Dwayne - 684
Maia - 563
Lea - 617
Matias - 888
Faith - 52
Kieran - 545
Lee - 556
Felicia - 880
Kristin - 517
Eliana - 314
Kaelyn - 567
Valerie - 180
Bryson - 201
Leo - 265
Easton - 418
Valeria - 174
Yadira - 561
Bradyn - 790
Rocio - 860
Leroy - 818
Ariana - 79
Drake - 262
Houston - 824
Franklin - 489
Esperanza - 751
Trevion - 984
Zackary - 287
Irvin - 662
Judah - 558
Ericka - 975
Carley - 510
Landon - 86
Marlene - 483
Emily - 1
Aurora - 321
Lillie - 575
Kyan - 588
Osvaldo - 411
Remington - 809
Rudy - 559
Byron - 509
Hunter - 742
Evelyn - 83
Gilberto - 536
Anton - 751
Emilee - 313
Alexa - 72
Jazmine - 246
Calista - 874
Devonte - 782
Logan - 352
Kayla - 18
Joseph - 9
Melody - 312
Carlee - 631
Charity - 571
Adrienne - 724
Immanuel - 979
Edgar - 170
Rishi - 976
Adriana - 119
Sharon - 556
Aaron - 53
Katharine - 787
Camila - 287
Nasir - 481
Sarai - 472
Sarah - 12
Jenifer - 812
Josephine - 242
Graciela - 859
Mayra - 601
Sophie - 135
Kirsten - 297
Taliyah - 682
Lia - 616
Joaquin - 384
Maliyah - 928
Stella - 291
Martin - 203
Alana - 178
Olivia - 4
Taya - 967
Shania - 384
Kristen - 264
Hillary - 809
Sonny - 835
Lola - 520
Caitlyn - 164
Zachariah - 424
Sophia - 15
Scott - 214
Jennifer - 38
Patricia - 316
Curtis - 322
Sheila - 803
Antwan - 919
Lesley - 611
Gwyneth - 958
Madisyn - 405
Kaden - 105
Jaylin - 665
Erica - 183
Ismael - 332
Martha - 505
Harry - 530
Erick - 180
Ty - 181
Keenan - 586
Adonis - 781
Miles - 221
Iyana - 893
Markus - 638
Jerry - 293
Marcel - 840
Ernesto - 347
Randall - 571
Crystal - 165
Amiyah - 814
Aliya - 766
Marc - 335
Darrell - 557
Sterling - 674
Clara - 285
Nyasia - 938
Mara - 637
Mark - 113
Irene - 536
Clare - 649
Hanna - 231
Linda - 421
Kayli - 775
Sonia - 553
Isai - 699
Warren - 527
Yessenia - 988
Stanley - 555
Clark - 724
Alijah - 632
Mary - 62
Vincent - 120
Madeleine - 332
Aliza - 777
Oliver - 229
Paola - 343
Mollie - 776
Jean - 681
Alize - 920
Jeremy - 111
Fabian - 267
Josue - 208
Jaliyah - 790
Daquan - 826
Sandra - 280
Michelle - 66
Jaylen - 959
Kalyn - 980
Deanna - 451
Gerald - 463
Taniyah - 808
Regan - 419
Francis - 524
Tyree - 615
Samira - 995
Annalise - 746
Dwight - 886
Cassie - 662
Jaylee - 925
Kadin - 498
Roderick - 720
Axel - 325
Jenna - 56
Fatima - 271
Kaitlin - 295
Clifford - 823
Wendy - 307
Dalia - 824
Draven - 683
Tiffany - 175
Dashawn - 652
Ayanna - 467
Jenny - 444
Aimee - 658
Raphael - 670
Armani - 728
Jovanny - 912
Darnell - 708
Carol - 847
Amelia - 96
Jonathan - 21
Amelie - 838
Rodrigo - 389
Maura - 738
Kathleen - 318
Sanaa - 677
Chaya - 752
Keyshawn - 756
Alena - 679
Kelly - 138
Braden - 153
Kamden - 918
Anabel - 965
Anastasia - 288
Nayeli - 391
Liana - 722
Marcos - 244
Katrina - 281
Jovanni - 892
Irving - 922
Kelli - 932
Shane - 165
Jaylan - 695
Grace - 13
Alisa - 704
Tristian - 787
Katlyn - 549
Rebekah - 236
Allyson - 238
Angie - 379
Erika - 192
Maximus - 427
Robert - 36
Maya - 84
Bryn - 911
Carly - 177
Kyla - 162
Meghan - 217
Larissa - 446
Nico - 694
Skye - 400
Kyle - 55
Autumn - 82
Keyla - 908
Nick - 852
Marshall - 377
Derrick - 249
Rohan - 480
Kiley - 372
Declan - 431
Zander - 279
Hadley - 690
Broderick - 982
Shyanne - 694
Isabel - 87
Raymond - 188
Princess - 745
Karissa - 545
Lydia - 126
Bailee - 619
Vivian - 232
Brice - 646
Augustus - 841
Karson - 602
Kadence - 388
Gracie - 114
Isis - 537
Grady - 544
Rhys - 938
America - 480
Jace - 228
Porter - 625
Gonzalo - 856
Jack - 42
Jaqueline - 516
Bailey - 434
Jamarion - 539
Naomi - 145
Jaylynn - 758
Anthony - 11
Kierra - 532
Aiyana - 688
Carlo - 950
Justine - 673
Tayler - 791
Carli - 989
Lawson - 725
Luz - 602
Carla - 469
Lewis - 631
Turner - 907
Genesis - 185
Ashlynn - 286
Samantha - 9
Janiya - 369
Carter - 88
Ellen - 495
Kason - 981
Toby - 428
Reina - 837
Phillip - 248
Kyra - 219
Braulio - 850
Bryant - 317
Jaxson - 464
Harmony - 576
Hudson - 329
Ruth - 351
Quinton - 476
Wayne - 598
Jada - 81
Devin - 762
Jade - 109
Kiara - 188
Christine - 373
Quincy - 470
Jayvon - 970
Jazlyn - 650
Aspen - 548
Gabrielle - 73
Damaris - 714
Alyson - 456
Gabriella - 76
Niko - 957
Lilly - 211
Abigail - 6
Randy - 316
Agustin - 651
Magdalena - 807
Kenya - 632
Haden - 894
Savion - 901
Ronald - 232
Lyndsey - 927
Stephany - 748
Israel - 215
Todd - 540
Milton - 754
Christina - 123
Brendan - 148
Ronnie - 541
Janelle - 544
Dulce - 460
Manuel - 168
Stone - 925
Julissa - 311
Tania - 466
Yusuf - 963
Lainey - 793
Maryam - 945
Kallie - 943
Eddie - 362
Amaya - 207
Chandler - 282
Frances - 639
Aisha - 655
Felipe - 440
Alyssa - 14
Makenzie - 213
Mallory - 186
Marcus - 116
Deven - 511
Darin - 978
Dario - 845
Alexander - 15
Jadon - 430
Landen - 281
Beatriz - 930
Jake - 98
Marley - 515
Scarlett - 527
Shaylee - 774
Reginald - 492
Nathen - 777
Jamal - 445
Cohen - 650
Jair - 605
Genevieve - 403
Reece - 391
Jamar - 635
Diamond - 268
Nina - 243
Damien - 196
Muhammad - 679
Maximo - 899
Madeline - 63
Davon - 620
Marlee - 821
Maxim - 893
Brody - 210
Ashtyn - 954
Jonathon - 328
Frankie - 746
Jorge - 118
Devan - 504
Lucille - 869
Kareem - 619
Leonard - 580
Juliette - 676
Neil - 624
Rebeca - 735
Eileen - 737
Trenten - 973
Darrius - 927
Victoria - 28
Donte - 648
Karina - 197
Arturo - 308
Aliyah - 221
Tyrell - 601
India - 478
Galilea - 831
Douglas - 353
Mikaela - 558
Jett - 606
Daisy - 143
Brodie - 616
Gabriel - 32
Miriam - 274
Robin - 956
Malachi - 179
Dangelo - 753
Deandre - 416
Judith - 538
Amara - 606
Jordy - 867
Max - 164
Gilbert - 560
Amari - 440
Sawyer - 436
Margaret - 133
Felix - 393
River - 549
Wyatt - 90
Jamel - 942
Cade - 251
Colin - 84
James - 17
Allison - 40
Jana - 960
Jane - 459
Salma - 813
Rylan - 374
Kurt - 783
Brock - 245
Sally - 919
Damian - 159
Ashley - 8
Dakota - 276
Bernardo - 877
Frank - 230
Mateo - 321
Tony - 320
Jadyn - 800
Makaila - 993
Molly - 97
Freddy - 641
Alberto - 283
Salvador - 343
Giana - 850
Tyler - 577
Davis - 376
Taryn - 420
Mekhi - 346
Janiyah - 568
Aaliyah - 94
Christiana - 923
Cortez - 915
Arlene - 985
Alan - 131
Carolina - 254
Meagan - 595
Sidney - 722
Annabel - 849
Caroline - 74
Estrella - 607
Clinton - 731
Jaida - 598
Toni - 755
Davin - 592
Rogelio - 474
Breanna - 117
Laila - 248
David - 14
Cedric - 579
Cael - 955
Marlon - 523
Brayan - 336
Desmond - 467
Fredrick - 802
Atticus - 933
Krystal - 432
Britney - 350
Averie - 981
Jase - 618
Quentin - 330
Dayton - 508
Dillan - 666
Jamie - 533
Jonah - 177
Amani - 600
Jonas - 456
Johnathon - 510
Elissa - 884
Tyrese - 593
Jamir - 917
Raquel - 443
Vanessa - 75
Donna - 783
Alvaro - 590
Wilson - 465
Lucas - 67
Kolby - 494
Heriberto - 887
Andre - 200
Sarahi - 891
Whitney - 450
Maddison - 514
Shea - 896
Christian - 819
Paris - 157
Melanie - 89
Kian - 723
Aldo - 608
Joana - 844
Reagan - 596
Kailey - 228
Maximillian - 813
Andon - 863
Winston - 836
Reed - 484
Gina - 574
Lucia - 411
Greyson - 655
Jazmyne - 961
Joshua - 3
Camden - 233
Alex - 984
Mia - 30
Thalia - 573
Arianna - 86
Catherine - 103
Kyleigh - 381
Imani - 390
Bridget - 309
Tori - 371
Alec - 246
Ian - 69
Matthew - 4
London - 869
Julien - 627
Brenton - 875
Juliet - 648
Dawson - 206
Ronaldo - 758
Addison - 542
Emmanuel - 174
Macey - 605
Susana - 846
Tylor - 999
Colby - 185
Alonso - 676
Denzel - 752
Saniya - 614
Damarion - 690
Samson - 954
Thomas - 37
Gino - 902
Cali - 756
Stacey - 832
Cale - 774
Megan - 36
Layton - 947
Jasper - 578
Calvin - 219
Travis - 166
Yair - 739
Rylie - 317
Kaeden - 838
Mauricio - 368
Tanya - 635
Gustavo - 290
Reid - 442
Omar - 147
Joslyn - 792
Yvette - 795
Priscilla - 348
Madalynn - 826
Amiya - 733
Damon - 314
Isabela - 442
Javen - 937
Destin - 996
Kameron - 276
Ryleigh - 410
Miracle - 485
Isabell - 861
Kendrick - 518
Alia - 830
Sherlyn - 579
Julian - 74
Carson - 101
Cassandra - 173
Terry - 401
Nancy - 289
Liberty - 412
Hazel - 680
Jasmine - 26
Susan - 550
Kristopher - 375
Jessica - 21
Ramiro - 532
Billy - 459
Macie - 474
Jarrett - 517
Mckayla - 535
Janice - 862
Hannah - 5
Renee - 476
Hugh - 921
Maritza - 415
Reese - 390
Abril - 836
Hugo - 367
Rylee - 779
Kailee - 528
Fletcher - 959
Aydin - 885
Sebastian - 96
Gael - 371
Alma - 608
Kathy - 872
Jocelyn - 85
Lorelei - 963
Ally - 592
Damion - 466
Elisha - 599
Katie - 102
Stephanie - 55
Jermaine - 461
Ashlyn - 131
Braiden - 669
Frederick - 449
Donovan - 187
Carl - 370
Janiah - 955
Esteban - 352
Katelyn - 59
Cara - 508
Ean - 812
Reynaldo - 701
Leila - 353
Jamya - 645
Braedon - 712
Jabari - 617
Jaime - 941
German - 827
Tiara - 630
Amira - 652
Alexandra - 37
Mercedes - 339
Cash - 798
Nash - 989
Alexandro - 729
Nathan - 20
Hallie - 438
Cruz - 561
Esmeralda - 210
Caiden - 400
Roger - 414
Celine - 797
Domenic - 880
Mohammed - 611
Mathias - 738
Rene - 450
Quinten - 828
Jamari - 426
Yareli - 754
Mikel - 870
Gage - 145
Ayden - 182
Josiah - 144
Clarissa - 367
Alejandro - 99
Summer - 140
Cason - 804
Jared - 127
Jacquelyn - 620
Kourtney - 973
Perla - 360
Jaren - 874
Silas - 429
Orion - 550
Delaney - 169
Alaina - 267
Adan - 285
Yazmin - 703
Adam - 58
Roberto - 202
Zoe - 54
Laney - 540
Deborah - 643
Alejandra - 205
Riya - 964
Aryan - 644
Brianna - 17
Haven - 670
Brianne - 924
Efren - 969
Lance - 275
Robyn - 970
Donald - 263
Tiana - 434
Ayla - 713
Jaydon - 493
Amina - 898
Joelle - 935
Grayson - 272
Luca - 394
Rachel - 34
Ciara - 323
Quintin - 567
Sadie - 196
Mohammad - 622
Jairo - 609
Meredith - 333
Garrison - 736
Eliezer - 993
Aydan - 665
Veronica - 193
Tianna - 712
Demarion - 820
Lucy - 203
Cesar - 157
Serena - 303
Abram - 589