
1996 ------------
Rafael - 215
Karly - 596
Lynn - 933
Reyna - 594
Austin - 9
Ray - 484
Sienna - 817
Alecia - 866
Kira - 372
Sydni - 849
Kirk - 594
Tyson - 445
Michael - 1
Charlie - 476
Waylon - 989
Triston - 341
Montel - 994
Keion - 870
Bryan - 66
Kaleigh - 482
Corinne - 587
Junior - 734
Cynthia - 101
Alden - 914
Cristobal - 950
Arron - 772
Daniel - 11
Shayla - 276
Kevin - 26
Efrain - 527
Justus - 665
Elmer - 723
Alexus - 178
Daisha - 698
Morgan - 244
Kade - 554
Tamia - 497
Jacoby - 867
Elliott - 501
Holly - 130
Lyric - 548
Mikala - 730
Jordan - 49
Kelton - 799
Ella - 600
Tyesha - 970
Francesca - 353
Shayna - 432
Paula - 454
Ahmad - 520
Shayne - 607
Keaton - 429
Celeste - 243
Orlando - 367
Leland - 913
Karli - 614
Mackenzie - 469
Jerome - 393
Hakeem - 680
Karla - 204
Cooper - 362
Kaci - 790
Jeffery - 255
Eli - 309
Lexus - 449
Maribel - 502
Rex - 938
Edith - 569
Akeem - 902
Jodi - 750
Jazmyn - 920
Sierra - 62
Austen - 423
Samuel - 30
Pamela - 341
Bryanna - 363
Jody - 979
Viridiana - 944
Denise - 230
Mariah - 63
Rodney - 266
Mariam - 821
Benny - 801
Keely - 518
Shelbi - 684
Dean - 312
Keith - 159
Luis - 57
Shelby - 590
Unique - 788
Myles - 366
Myranda - 754
Savanna - 250
Juana - 895
Nickolas - 263
Darlene - 744
Michaela - 102
Teresa - 270
Brooklyn - 286
Ivy - 405
Derick - 563
Kimberley - 997
Aileen - 704
Leanne - 798
Bronson - 847
Leanna - 525
Guillermo - 353
Devontae - 928
Jimmie - 741
Riley - 248
Diana - 107
Gary - 202
Leonardo - 402
Dasia - 765
Kimberlee - 1000
Kent - 651
Luke - 75
Alfonso - 442
Brandon - 8
Maegan - 725
Braydon - 892
Sergio - 167
Joel - 124
Vernon - 670
Gavin - 192
Joey - 461
Keon - 714
Jonatan - 918
Diane - 584
Jacob - 3
Raul - 207
Jasmin - 189
Yasmine - 428
John - 15
Jillian - 199
Emmett - 863
Caden - 633
Keri - 696
Howard - 589
Yasmeen - 785
Dandre - 537
Brayden - 388
Shirley - 654
Billie - 952
Floyd - 961
Keshawn - 705
Johanna - 433
Celia - 662
Jalen - 221
Nelson - 377
Montana - 777
Shyann - 776
Ulysses - 816
Marina - 268
Lizette - 778
Elizabeth - 10
Theodore - 294
Dina - 931
Aja - 822
Selena - 142
Barrett - 909
Virginia - 293
Branden - 288
Zaria - 727
Cullen - 518
Kristy - 494
Kala - 853
Kevon - 805
Micaela - 450
Itzel - 701
Clarence - 528
Kali - 332
Constance - 843
Kristi - 574
Mireya - 747
Richard - 45
Annie - 292
Theresa - 317
Denver - 903
Emanuel - 352
Rachelle - 534
Dion - 560
Mckenzie - 158
Cierra - 187
Giovanni - 237
Krista - 221
Tatyana - 357
Giovanna - 964
Menachem - 944
Keegan - 330
Elsa - 871
Garrett - 85
Trista - 861
Ali - 676
Dylon - 810
Trinity - 672
Angelo - 333
Eden - 639
Angela - 90
Isaiah - 71
Kane - 658
Kyler - 311
Jacklyn - 601
Ashli - 768
Allie - 438
Elyse - 907
Cecelia - 743
Charles - 43
Keisha - 626
Alessandra - 786
Jayce - 934
Layla - 916
Ashly - 756
Rasheed - 800
Amy - 88
Brandie - 842
Cayla - 535
Isaias - 612
Ayana - 819
Courtney - 657
Eva - 348
Nadia - 356
Makayla - 129
Eddy - 939
Ana - 141
Craig - 247
Deja - 182
Roy - 346
Drew - 732
Ann - 397
Coby - 731
Chynna - 833
Dontae - 719
Justyn - 792
Juwan - 489
Cyrus - 733
Weston - 379
Hailey - 93
Kurtis - 541
Jorden - 869
Glenn - 455
Kenzie - 826
Demi - 645
Tammy - 874
Christopher - 4
Dominic - 135
Ricardo - 128
Paloma - 959
Elisabeth - 367
Kylee - 281
Nia - 447
Dominik - 985
Noah - 50
Tanisha - 555
Kimberly - 41
Hailee - 478
Lazaro - 980
Dakotah - 835
Cody - 31
Johnathan - 138
Jay - 287
Bradford - 727
Kara - 165
Selina - 609
Donavan - 763
Blanca - 519
Marissa - 59
Savanah - 563
Kari - 464
Uriel - 515
Maximilian - 497
Francisco - 132
Liliana - 343
Karl - 448
Dalton - 99
Luciano - 905
Chelsie - 474
Sabrina - 58
Austyn - 629
Kenia - 921
Colten - 500
Kahlil - 735
Ashanti - 691
Bonnie - 590
Devyn - 804
Mindy - 813
Briana - 72
Allen - 212
Brendon - 349
Kerry - 797
Demarcus - 511
Sean - 46
Ari - 791
Enrique - 228
Bethany - 117
Dejah - 982
Sydney - 988
Jarrod - 531
Kerri - 692
Raven - 184
Kinsey - 910
Haley - 30
Kate - 344
Abbigail - 760
Gladys - 766
Sydnee - 742
Asher - 776
Vance - 858
Nicolas - 151
Ashton - 327
Dante - 283
Asa - 846
Misael - 770
Jose - 32
Katy - 771
Angelique - 455
Josh - 849
Kirby - 970
Dallas - 536
Valentina - 949
Rashawn - 771
Andrea - 61
Deon - 513
Norman - 648
Kylie - 111
Seamus - 876
Pauline - 986
Lawrence - 256
Layne - 708
Paulina - 512
Amir - 536
Noel - 832
Issac - 522
Stephan - 532
Clyde - 959
Shaquan - 951
Tobias - 747
Zechariah - 691
Duncan - 444
Keanu - 619
Marianna - 869
Arthur - 276
Ashlee - 202
Cinthia - 942
Marisa - 169
Everett - 618
Adolfo - 644
Colleen - 272
Xavier - 141
Fabiola - 683
Carissa - 373
Fiona - 608
Marcelo - 875
Tanner - 90
Armando - 222
Micheal - 262
Andres - 161
Heaven - 586
Daryl - 609
Andrew - 10
Noe - 485
Chyna - 953
Diego - 218
Allan - 481
Darien - 548
Kellie - 387
Liam - 184
Ava - 739
Kenny - 408
Harrison - 209
Daja - 830
Barry - 552
Jayla - 553
Jazmin - 216
Brandan - 701
Stefan - 480
Skyler - 469
Dennis - 203
Estefany - 954
Rhiannon - 713
Yaritza - 987
Geoffrey - 503
Sydnie - 850
Cecil - 884
Shantel - 578
Abbie - 642
Halie - 527
Ramon - 280
Marvin - 307
Vicente - 579
Jordon - 433
Anita - 582
Alton - 948
Jim - 874
Dale - 412
Cristian - 130
Zakary - 783
Stephen - 60
Lonnie - 672
Amber - 27
Blake - 991
Halle - 607
Christy - 460
Danny - 245
Kelley - 640
Zane - 291
Christa - 504
Caleb - 48
Ariel - 463
Jaden - 999
Helena - 646
Gerardo - 205
Yamilex - 707
Kellen - 739
Savannah - 43
Carolyn - 233
Cole - 106
Tevin - 434
Shianne - 873
Annabelle - 924
Amos - 982
Dana - 861
Dylan - 33
Mason - 104
Jordyn - 254
Dane - 435
Colt - 669
Rosemary - 557
Carrie - 319
Rhett - 610
Athena - 688
Noemi - 588
Nathalie - 598
Skylar - 373
Romello - 923
Kiera - 496
Regina - 414
Lorena - 347
Sade - 751
Bobbi - 835
Ezekiel - 521
Colton - 105
Darian - 498
Jayme - 787
Carlton - 616
Jessie - 300
Nathanial - 628
Jarred - 468
Ebony - 346
Alicia - 91
Blair - 665
Abbey - 452
Eboni - 962
Devon - 404
Bobby - 289
Chloe - 112
Kasey - 559
Chelsey - 224
Stephon - 546
Mickey - 864
Kaylynn - 810
Dillon - 121
Quinn - 981
Dimitri - 766
Gloria - 308
Beverly - 782
Ellis - 780
Codie - 886
Stefanie - 602
Francesco - 969
Jarvis - 593
Chelsea - 55
Jeanette - 521
Solomon - 538
Antoine - 558
Brenna - 247
Alyssia - 950
Cora - 675
Ellie - 610
Tariq - 807
Joe - 267
Mattie - 881
Javier - 153
Janessa - 700
Leah - 98
Dania - 764
Esther - 320
Jon - 315
Tonya - 893
Melinda - 466
Tarik - 855
Arnold - 681
August - 709
Joy - 436
Marquise - 418
Thaddeus - 722
Gunner - 812
Derek - 101
Dominique - 345
Tyra - 421
Alayna - 631
Sam - 430
Cristal - 463
Paige - 65
Kiana - 190
Callie - 318
Auston - 894
Adrian - 912
Kiersten - 424
Brook - 694
Michele - 579
Lily - 260
Kathryn - 87
Victor - 100
Anika - 811
Maverick - 845
Sylvia - 457
Conrad - 673
Estevan - 685
Jovan - 764
Will - 622
Oscar - 125
Gordon - 549
Cori - 867
Tavon - 778
Codey - 788
Sage - 661
Lukas - 382
Patrick - 44
Brenden - 293
Laura - 66
Cory - 143
Nora - 451
Lamar - 605
Marisol - 234
Daron - 984
Coleman - 547
Trenton - 187
Pedro - 198
Helen - 313
Katherine - 31
Caitlin - 84
Claire - 116
Rickey - 726
Corina - 761
Charlene - 728
Terrell - 361
Dawn - 792
Simon - 342
Darrin - 671
Zachery - 220
Talia - 456
Ignacio - 659
Alexandrea - 545
Yesenia - 194
Angel - 162
Parker - 179
Hector - 173
Chantel - 506
Vaughn - 931
Chase - 884
Ervin - 904
Brian - 36
Coty - 784
Gunnar - 553
Alvin - 451
Tomas - 439
Sheldon - 475
Alfred - 496
Gillian - 603
Seth - 103
Deshaun - 803
Brenda - 132
Carina - 417
Infant - 979
Cristina - 246
Julianna - 334
Kelsi - 473
Eleanor - 492
Shaina - 507
Julianne - 537
Conner - 199
Nichole - 355
Martina - 887
Kaylin - 483
Cristopher - 751
Nolan - 257
Jefferson - 693
Ben - 580
Kristine - 500
Arielle - 419
Kaylie - 493
Kristina - 148
Duane - 692
Hali - 872
Tyshawn - 866
Isabelle - 370
Alina - 559
Davion - 687
Isabella - 152
Viviana - 484
Emma - 53
Heath - 642
Deshawn - 453
Nestor - 689
Deondre - 802
Jacqueline - 68
Lisa - 168
Melina - 734
Kenneth - 77
Tatum - 948
Darren - 253
Owen - 278
Bennett - 565
Jocelyne - 515
Jason - 41
Alexandria - 76
Evan - 65
Shawn - 111
Ladarius - 704
Brooks - 662
Taylor - 82
Johnny - 193
Darius - 182
Breana - 381
Jaycie - 963
Leonel - 562
Hana - 891
Brooke - 45
Dionte - 933
Brennon - 924
Maricela - 818
Tucker - 326
Melvin - 400
Phoebe - 542
Wade - 398
Malcolm - 314
Annette - 717
Sofia - 361
Stewart - 833
Joselyn - 685
Terrance - 340
Eliza - 465
Breann - 709
Nathaniel - 69
Henry - 139
Myra - 846
Kelsie - 283
Grant - 119
Kaylee - 110
Zachary - 14
Shaun - 371
Aleah - 708
Stormy - 917
Sandy - 573
Lacy - 767
Lillian - 251
Mariela - 719
Dominick - 290
Kayley - 803
Korey - 604
Mitchel - 568
Jaquan - 449
Katerina - 940
Isiah - 365
Juanita - 690
Aiden - 824
Dyllan - 986
Araceli - 595
Haleigh - 388
Joanna - 209
Joanne - 789
Dexter - 585
Leon - 458
Lincoln - 897
Mohamed - 615
Conor - 318
Clint - 611
Mathew - 204
Lena - 562
Gretchen - 721
Freddie - 756
Sheridan - 956
Santiago - 508
Aric - 821
Tamera - 738
Gabriela - 131
Domonique - 901
Sara - 50
Kody - 270
Spenser - 946
Chaim - 860
Rory - 678
Anfernee - 597
Shemar - 906
Edwin - 196
Kelsey - 929
Rose - 379
Antonio - 80
Rosa - 291
Leilani - 932
Elena - 301
Marques - 690
Dallin - 779
Bruno - 999
Talon - 718
Kasandra - 677
Marquez - 703
Trent - 252
Lesly - 670
Ross - 271
Blaise - 977
Anjelica - 951
Kelsea - 652
Kendal - 992
Harold - 440
Ashleigh - 238
Roman - 363
Ivette - 955
Cydney - 926
Reuben - 729
Peter - 96
Kaylah - 922
Rashad - 502
Essence - 544
Aidan - 258
Collin - 115
Patience - 805
Chris - 414
Albert - 231
Heather - 71
Saul - 304
Bobbie - 753
Alice - 430
Nicholas - 6
Walker - 446
Chantal - 824
Elise - 305
Elisa - 442
Kai - 599
Jalisa - 936
Andy - 235
Antonia - 395
Gianna - 401
Adrianna - 277
Madalyn - 532
Dustin - 78
Philip - 185
Demetrius - 338
Connie - 800
Marquis - 295
Tyron - 798
Payton - 406
Kole - 882
Ezra - 556
Jamarcus - 814
Darion - 617
Rikki - 960
Tracy - 700
Anderson - 808
Destini - 658
Aron - 575
Trace - 748
Camille - 300
Yolanda - 606
Blaine - 506
Desirae - 524
Baylee - 331
Destiny - 56
Alesha - 961
Brielle - 615
Ralph - 504
Deangelo - 490
Elvis - 781
Yajaira - 930
Ivan - 166
Giselle - 624
Astrid - 974
Kaila - 427
Levi - 165
Lane - 261
Tamara - 287
Ibrahim - 743
Russell - 260
Mariana - 413
Bernard - 566
Georgia - 583
Debra - 870
Tracey - 969
Miranda - 77
Marco - 174
Abraham - 227
Guadalupe - 631
Eduardo - 123
Carmen - 321
Kortney - 831
Tristan - 591
Humberto - 543
Luisa - 993
Monique - 196
Lionel - 972
Dorothy - 638
Kaylyn - 556
Brittni - 914
Mitchell - 88
Daphne - 834
Justen - 955
Alison - 166
Tatianna - 859
Precious - 378
Jaleel - 744
Nicolette - 423
Lexi - 570
Daniela - 253
Barbara - 402
Brennen - 655
Lloyd - 728
Desiree - 144
Antony - 775
Bryon - 968
Wesley - 137
Charlotte - 302
Isaac - 86
Eric - 35
Jakob - 381
Jesse - 722
Connor - 53
Elliot - 477
Jessi - 988
Tommy - 306
Erik - 122
Mario - 147
Trisha - 668
Chasity - 459
Erin - 916
Jackie - 785
Kori - 720
Jessy - 896
Lara - 777
Clay - 370
Kolton - 555
Kia - 875
Noelle - 412
Jeremiah - 164
William - 18
Amanda - 13
Beatrice - 913
Marie - 345
Stacy - 420
Santos - 712
Lindsey - 86
Lauryn - 660
Cheyanne - 307
Maria - 37
Katarina - 618
Timothy - 40
Tristen - 723
Brennan - 297
Claudia - 173
Lamont - 711
Karlie - 619
Alissa - 267
Kennedy - 839
Aubree - 918
Aubrey - 742
Nathanael - 473
China - 992
Alexia - 266
Anne - 219
Salvatore - 602
Shamar - 865
Killian - 911
Anna - 33
Willie - 329
Zoey - 657
Alexis - 180
Kristian - 758
Darryl - 431
Brandy - 215
Kory - 557
Tyrone - 355
Romeo - 973
Rolando - 523
Bruce - 364
Tabitha - 231
Cassidy - 109
Keagan - 991
Brandi - 161
Juan - 52
Elaine - 470
Lacey - 274
Elaina - 635
Lexie - 634
Teddy - 976
Raymundo - 706
Jude - 935
Melissa - 42
Natasha - 170
Jasmyn - 977
Katelynn - 223
Cecilia - 269
Mandy - 791
Kaela - 650
Karen - 134
Kassidy - 435
Destiney - 616
Moses - 533
Steven - 38
Tina - 441
Cheyenne - 69
Destinee - 312
Nikki - 385
Annika - 667
Lexis - 966
Lindsay - 133
Avery - 486
Cortney - 509
Christin - 978
Shakira - 647
Tristin - 374
Tyquan - 820
Pierre - 853
Christie - 903
Chad - 160
Hassan - 737
Joyce - 651
Mckenna - 229
Jesus - 74
Shauna - 637
Lacie - 967
Karlee - 617
Kaitlynn - 365
Moesha - 549
Madelyn - 322
Chaz - 601
Alisha - 240
Kendra - 136
Karley - 741
Judy - 845
Pete - 995
Ethan - 62
Melisa - 990
Terrence - 376
Leticia - 458
Reilly - 919
Chance - 154
Cornelius - 675
Simeon - 900
Steve - 369
Tatiana - 220
Dillion - 817
Catalina - 858
Corey - 94
Octavia - 840
Peyton - 336
Jayson - 454
Shannon - 577
Titus - 877
Rayna - 994
Octavio - 645
Angelica - 97
Alysa - 839
Lizbeth - 523
Chanel - 560
Nataly - 781
Keven - 871
Ansley - 957
Eugene - 450
Christen - 793
Stevie - 857
Louis - 234
Danielle - 29
Sasha - 380
Bradley - 83
Elyssa - 862
Beau - 425
Elias - 292
Hayley - 120
Daniella - 434
Brandyn - 757
Nikolas - 394
Earl - 571
Emerald - 844
Madyson - 958
Justin - 20
Jeffrey - 72
Moshe - 634
Walter - 272
Haylee - 358
Jacey - 965
Giancarlo - 990
Ahmed - 572
Shelly - 906
Ricky - 248
Nigel - 524
Anissa - 711
Ruben - 190
Ted - 956
Roland - 578
Trey - 238
Griffin - 281
Bryce - 120
Kristyn - 797
Jacques - 941
Cordell - 595
Iris - 520
Dusty - 760
Janae - 505
Estefania - 592
Camron - 786
Mikayla - 143
Kassandra - 203
Trevon - 360
Lauren - 16
Laurel - 611
Shelton - 971
Julius - 510
Emerson - 987
Janay - 985
Malik - 97
Mike - 534
Malia - 780
Andreas - 908
Braxton - 397
Trevor - 63
Raheem - 625
Jameson - 710
Fidel - 818
Abby - 208
Raekwon - 483
Paul - 79
Shanice - 686
Glen - 649
Nicole - 22
Heidi - 290
Garret - 479
Javon - 417
Alanna - 462
Khalid - 829
Haylie - 838
Khalil - 348
Tia - 271
Kailyn - 715
Bo - 769
Fernanda - 983
Gerard - 761
Fernando - 178
Roxana - 806
Eryn - 973
Josef - 823
Jackson - 136
Marilyn - 416
Cameron - 517
Miguel - 91
Brad - 499
Brittney - 115
Perry - 583
Tess - 567
Kaleb - 186
Ernest - 438
Brant - 957
Kaley - 480
Markel - 937
Janet - 338
Bianca - 123
Monika - 801
Benjamin - 29
Abdullah - 974
Darrian - 895
Abel - 387
Branson - 998
Dequan - 682
Angelina - 310
Gregory - 98
Edward - 95
Khadijah - 795
Asha - 890
Moriah - 488
Larry - 219
Jaclyn - 303
Antoinette - 644
Ingrid - 802
Cindy - 195
Alivia - 995
Micah - 628
Breonna - 773
Brett - 110
Holden - 567
Baby - 898
Kianna - 621
Ciera - 467
Myron - 851
Ryan - 599
Casey - 142
Asia - 200
Maurice - 324
Kendall - 359
Alondra - 157
Juliana - 339
Madisen - 904
Carlos - 67
Bret - 545
Zackery - 316
Makenna - 531
Josie - 340
Julio - 213
Macy - 366
Alonzo - 509
Pierce - 584
Janie - 860
George - 118
Kelvin - 358
Sammy - 793
Emely - 633
Johnnie - 749
Gwendolyn - 749
Shanna - 736
Kalie - 854
Jayden - 606
Berenice - 752
Tessa - 226
Pablo - 331
Rocky - 922
Forrest - 492
Guy - 767
Spencer - 109
Clayton - 149
Troy - 155
Tom - 997
Natalie - 46
Kaitlyn - 40
Natalia - 337
Leslie - 819
Jamison - 716
Dianna - 820
Justice - 324
Katelin - 546
Preston - 189
Katlynn - 908
Jamaal - 954
Corbin - 419
Ishmael - 927
Brittany - 14
Candace - 362
Yasmin - 444
Jarod - 721
Rodolfo - 415
Garett - 850
Brittani - 538
Jaron - 640
Tara - 167
Caitlynn - 975
Maggie - 256
Jimmy - 223
Deonta - 1000
Betty - 919
Hollie - 815
Alfredo - 273
Harley - 390
Julia - 48
Trever - 707
Julie - 150
Lorenzo - 274
Alycia - 755
Deonte - 491
Hope - 186
Graham - 404
Tre - 630
Maxwell - 177
Brady - 176
Braeden - 827
Belinda - 971
Dorian - 517
Brooklynn - 769
Bria - 389
Tate - 587
Katlin - 656
Audrey - 164
Ulises - 643
Moises - 403
Emilie - 475
Xena - 759
Denisse - 935
Brent - 226
Emilia - 880
Elijah - 81
April - 177
Monica - 81
Carlie - 491
Travon - 621
Rachael - 128
Emilio - 337
Madison - 638
Margarita - 511
Dayna - 878
Rebecca - 24
Rigoberto - 654
Ezequiel - 561
Simone - 443
Jessika - 886
Abdul - 947
Ruby - 295
Kayleigh - 411
Jaylon - 603
Hayden - 168
Dwayne - 459
Demarco - 862
Maia - 823
Lea - 568
Faith - 149
Kieran - 624
Lee - 343
Suzanne - 666
Felicia - 265
Edmund - 978
Kristin - 147
Kaelyn - 712
Eliana - 885
Valerie - 154
Bryson - 351
Leann - 998
Leo - 482
Easton - 842
Valeria - 330
Yadira - 641
Rocio - 673
Leroy - 598
Ariana - 156
Drake - 305
Houston - 635
Franklin - 350
Yvonne - 529
Esperanza - 729
Zackary - 241
Irvin - 608
Beth - 837
Ericka - 540
Carley - 376
Landon - 216
Marlene - 476
Emily - 1
Aurora - 632
Marlena - 927
Trayvon - 966
Osvaldo - 498
Remington - 854
Rudy - 478
Byron - 410
Hunter - 354
Evelyn - 188
Gilberto - 460
Anton - 720
Emilee - 350
Alexa - 100
Kaycee - 909
Jazmine - 228
Rochelle - 681
Devonte - 356
Logan - 257
Devonta - 702
Kayla - 11
Joseph - 12
Melody - 399
Carlee - 674
Charity - 487
Adrienne - 439
Edgar - 148
Adriana - 153
Sharon - 326
Aaron - 34
Katharine - 541
Cedrick - 920
Nasir - 965
Sarai - 589
Sarah - 4
Jenifer - 829
Josephine - 371
Graciela - 770
Mayra - 316
Kirsten - 176
Sophie - 329
Darrion - 758
Joaquin - 591
Martin - 152
Alana - 242
Olivia - 34
Shania - 171
Bradly - 841
Kristen - 70
Hillary - 693
Sonny - 888
Ryne - 891
Caitlyn - 138
Zachariah - 347
Sophia - 126
Scott - 108
Jennifer - 19
Patricia - 159
Curtis - 191
Sheila - 605
Maranda - 550
Antwan - 730
Lesley - 431
Brionna - 740
Chadwick - 983
Kaden - 530
Jaylin - 664
Erica - 79
Ismael - 335
Martha - 323
Erich - 856
Harry - 456
Erick - 188
Ty - 242
Keenan - 396
Fred - 652
Adonis - 830
Miles - 317
Cheryl - 809
Markus - 588
Jerry - 194
Marcel - 626
Randall - 321
Ernesto - 334
Jennie - 827
Crystal - 92
Marc - 232
Darrell - 383
Sterling - 462
Clara - 400
Mara - 585
Mark - 55
Irene - 418
Clare - 526
Hanna - 206
Galen - 917
Linda - 294
Kayli - 794
Sonia - 409
Isai - 899
Warren - 428
Yessenia - 689
Stanley - 426
Clark - 641
Mary - 44
Vincent - 116
Madeleine - 263
Herman - 796
Oliver - 385
Paola - 377
Kirstin - 702
Mollie - 551
Jean - 683
Alize - 748
Jeremy - 56
Fabian - 328
Josue - 254
Annamarie - 889
Daquan - 441
Sandra - 181
Michelle - 47
Allyssa - 731
Jaylen - 495
Kalyn - 775
Deanna - 210
Gerald - 322
Francis - 386
Regan - 489
Dejuan - 925
Tyree - 474
Dwight - 636
Cassie - 403
Roderick - 535
Axel - 859
Kenton - 936
Tiffani - 440
Jenna - 83
Fatima - 552
Kaitlin - 103
Clifford - 539
Wendy - 297
Dalia - 687
Roxanne - 671
Draven - 852
Tiffany - 52
Dashawn - 574
Ayanna - 659
Jenny - 285
Jill - 649
Lori - 648
Sonya - 726
Aimee - 390
Raphael - 656
Casandra - 572
Bridgette - 577
Armani - 738
Darnell - 507
Carol - 565
Amelia - 222
Jonathan - 21
Rodrigo - 378
Maura - 699
Kathleen - 151
Chaya - 925
Keyshawn - 782
Alena - 799
Dakoda - 932
Kelly - 551
Braden - 277
Dan - 828
Kristofer - 717
Anastasia - 327
Krysta - 928
Nayeli - 876
Liana - 941
Marcos - 224
Jeff - 881
Katrina - 191
Irving - 889
Kelli - 349
Armand - 949
Shane - 112
Jaylan - 963
Grace - 95
Alisa - 561
Tristian - 592
Katlyn - 236
Rebekah - 146
Allyson - 232
Angie - 643
Erika - 106
Robert - 23
Maya - 201
Carly - 124
Kyla - 288
Meghan - 113
Larissa - 408
Nico - 872
Skye - 581
Kyle - 25
Autumn - 104
Nick - 837
Royce - 806
Marshall - 310
Derrick - 169
Rohan - 880
Kiley - 575
Olga - 968
Maureen - 848
Broderick - 822
Shyanne - 510
Isabel - 197
Raymond - 133
Princess - 923
Karissa - 422
Tabatha - 883
Lydia - 175
Bailee - 479
Vivian - 314
Brice - 600
Augustus - 942
Grady - 831
Isis - 902
Rodrick - 996
Jace - 466
Gonzalo - 790
Jack - 89
Jaqueline - 580
Bailey - 200
Dalvin - 975
Naomi - 213
Anthony - 19
Kierra - 352
Carlo - 885
Justine - 259
Tayler - 898
Carli - 622
Justina - 733
Luz - 679
Carla - 360
Lewis - 494
Turner - 834
Genesis - 282
Jerrod - 815
Ashlynn - 513
Shana - 653
Storm - 952
Silvia - 718
Samantha - 5
Carter - 243
Ellen - 245
Toby - 550
Terence - 668
Reina - 900
Phillip - 150
Kyra - 262
Bryant - 308
Hudson - 650
Deion - 411
Ruth - 351
Quinton - 302
Wayne - 392
Bryana - 796
Devin - 393
Jada - 225
Jade - 836
Kiara - 211
Christine - 135
Quincy - 487
Jazlyn - 946
Aspen - 629
Gabrielle - 54
Damaris - 877
Alyson - 396
Gabriella - 139
Niko - 901
Lilly - 855
Donnie - 804
Abigail - 32
Randy - 206
Neal - 639
Agustin - 613
Magdalena - 814
Kenya - 425
Jena - 705
Ronald - 156
Randi - 501
Lyndsey - 593
Stephany - 533
Norma - 669
Israel - 264
Loren - 890
Todd - 298
Milton - 620
Shelbie - 664
Christina - 57
Brendan - 131
Ronnie - 391
Janelle - 386
Dulce - 682
Manuel - 145
Stone - 699
Julissa - 784
Lester - 844
Tania - 426
Kallie - 896
Eddie - 319
Chandler - 485
Randolph - 981
Frances - 461
Susanna - 897
Aisha - 564
Felipe - 447
Alyssa - 23
Makenzie - 306
Mallory - 183
Marcus - 87
Deven - 540
Darin - 686
Dario - 960
Alexander - 22
Beatriz - 597
Jake - 114
Scarlett - 816
Marley - 856
Reginald - 323
Jess - 912
Rick - 724
Dewayne - 873
Jamal - 282
Jair - 887
Genevieve - 514
Reece - 653
Jamar - 663
Maxine - 984
Diamond - 179
Nina - 241
Damien - 313
Muhammad - 774
Madeline - 67
Davon - 464
Devante - 357
Marlee - 938
Ashlie - 678
Brody - 395
Jonathon - 171
Frankie - 627
Jorge - 113
Devan - 807
Jami - 937
Kareem - 596
Leonard - 416
Juliette - 892
Neil - 405
Eileen - 613
Rebeca - 716
Don - 694
Darrius - 646
Rico - 945
Victoria - 18
Donte - 436
Karina - 108
Arturo - 265
Aliyah - 391
Tyrell - 413
India - 394
Douglas - 181
Mikaela - 280
Terri - 865
Daisy - 125
Gabriel - 868
Miriam - 289
Robin - 809
Dangelo - 389
Malachi - 505
Terra - 943
Deandre - 269
Judith - 508
Max - 208
Gilbert - 465
Amari - 888
Alysha - 627
Sawyer - 525
Margaret - 105
Felix - 380
River - 632
Raquan - 879
Wyatt - 134
Jamel - 667
Cade - 493
Darby - 543
Colin - 126
James - 17
Alysia - 746
Allison - 38
Jana - 851
Jane - 407
Kurt - 457
Brock - 299
Sally - 623
Damian - 214
Ashley - 3
Dakota - 273
Bernardo - 725
Frank - 162
Kordell - 993
Mateo - 698
Tony - 229
Syed - 964
Molly - 99
Freddy - 569
Alberto - 236
Salvador - 303
Tyler - 333
Davis - 409
Taryn - 392
Aaliyah - 335
Christiana - 695
Arlene - 706
Cortez - 732
Alan - 144
Meagan - 193
Carolina - 275
Sidney - 529
Caroline - 78
Clinton - 516
Toni - 342
Davin - 893
Rogelio - 471
Herbert - 745
Breanna - 74
David - 13
Cedric - 399
Breanne - 571
Marlon - 470
Brayan - 843
Desmond - 375
Fredrick - 586
Krystal - 217
Iesha - 757
Britney - 382
Javonte - 773
Donnell - 848
Quentin - 284
Dayton - 623
Shaquille - 661
Dillan - 688
Jamie - 354
Jonah - 197
Amani - 828
Jamil - 868
Johnathon - 301
Jonas - 570
Elissa - 779
Raquel - 279
Vanessa - 60
Donna - 554
Alvaro - 576
Wilson - 526
Lucas - 93
Kolby - 674
Heriberto - 762
Andre - 172
Sarahi - 929
Whitney - 140
Maddison - 530
Shea - 883
Christian - 374
Paris - 746
Valentin - 907
Melanie - 119
Aldo - 713
Reagan - 930
Kailey - 369
Maximillian - 832
Winston - 666
Gina - 235
Reed - 422
Lucia - 576
Greyson - 811
Joshua - 5
Camden - 684
Alex - 636
Mia - 180
Thalia - 490
Arianna - 214
Catherine - 94
Kyleigh - 947
Alek - 953
Imani - 239
Bridget - 192
Tasha - 663
Tori - 185
Alec - 117
Ian - 70
Matthew - 2
Julien - 754
Benito - 755
Brenton - 573
Cain - 958
Juliet - 825
Dawson - 759
Addison - 547
Daija - 808
Emmanuel - 211
Macey - 745
Susana - 558
Tylor - 467
Colby - 225
Alonso - 765
Denzel - 472
Thomas - 28
Gino - 753
Stacey - 437
Cale - 915
Megan - 12
Jasper - 660
Calvin - 183
Travis - 73
Odalis - 911
Tanya - 445
Mauricio - 488
Gregorio - 857
Gustavo - 296
Reid - 443
Omar - 140
Joslyn - 980
Stacie - 882
Leigh - 899
Edgardo - 940
Yvette - 503
Misty - 620
Priscilla - 261
Trystan - 795
Damon - 279
Hernan - 813
Clifton - 695
Destin - 794
Kameron - 344
Miracle - 735
Daijah - 976
Kendrick - 407
Sarina - 714
Alia - 934
Julian - 129
Carson - 812
Cassandra - 89
Terry - 259
Nancy - 172
Marisela - 905
Jasmine - 28
Susan - 299
Meaghan - 522
Kristopher - 239
Jessica - 2
Ramiro - 452
Billy - 286
Jarrett - 372
Macie - 763
Mckayla - 453
Janice - 655
Hannah - 7
Renee - 298
Davonte - 679
Hugh - 768
Maritza - 472
Reese - 736
Hugo - 432
Harvey - 962
Rylee - 604
Kailee - 625
Sebastian - 195
Tierra - 364
Alma - 448
Kathy - 528
Jocelyn - 127
Lucero - 762
Damion - 486
Elisha - 879
Katie - 82
Gene - 838
Stephanie - 20
Jermaine - 427
Katia - 772
Ashlyn - 227
Leeann - 989
Frederick - 325
Rita - 703
Donovan - 246
Carl - 250
Esteban - 339
Katelyn - 64
Cara - 325
Racheal - 836
Reynaldo - 677
Jabari - 825
Alexandre - 967
Jaime - 481
German - 647
Tiara - 249
Alexandra - 26
Mercedes - 212
Alexandro - 826
Nathan - 37
Candice - 415
Hallie - 499
Cruz - 715
Esmeralda - 359
Roger - 285
Celine - 774
Celina - 630
Domenic - 926
Mohammed - 582
Rene - 368
Quinten - 676
Kacey - 710
Audra - 894
Mikel - 840
Gage - 201
Josiah - 240
Eliseo - 910
Clarissa - 244
Alejandro - 107
Odalys - 680
Janette - 863
Summer - 137
Jared - 64
Jacquelyn - 311
Kourtney - 429
Perla - 495
Silas - 740
Orion - 787
Delaney - 264
Alaina - 384
Adan - 512
Najee - 921
Yazmin - 972
Adam - 39
Roberto - 175
Zoe - 155
Deborah - 410
Alejandra - 160
Brianna - 17
Haven - 939
Brianne - 398
Efren - 789
Lance - 268
Kacie - 566
Robyn - 477
Donald - 158
Tiana - 304
Nadine - 864
Ayla - 847
Shawna - 468
Joelle - 852
Vanesa - 841
Grayson - 401
Rachel - 9
Ciara - 205
Quintin - 542
Sadie - 278
Mohammad - 514
Jairo - 696
Jailene - 945
Meredith - 237
Garrison - 752
Griselda - 996
Stuart - 564
Eliezer - 943
Veronica - 114
Tianna - 471
Lucy - 406
Cesar - 170
Serena - 309
Abram - 878