
1990 ------------
Rafael - 202
Karly - 889
Lynn - 580
Reyna - 726
Austin - 55
Ray - 328
Jedidiah - 971
Alecia - 678
Kira - 527
Kirk - 347
Tyson - 407
Michael - 750
Charlie - 422
Waylon - 995
Bryan - 57
Corinne - 406
Kaleigh - 531
Junior - 831
Mariel - 963
Cynthia - 88
Alden - 949
Alphonso - 806
Cristobal - 923
Arron - 673
Marty - 781
Daniel - 5
Shayla - 337
Domingo - 823
Chester - 676
Kevin - 23
Dereck - 778
Ira - 835
Efrain - 539
Holli - 895
Elmer - 698
Rusty - 607
Kacy - 957
Morgan - 277
Jacoby - 908
Elliott - 358
Holly - 89
Jordan - 59
Ella - 869
Tyesha - 834
Francesca - 465
Shayna - 412
Paula - 296
Shayne - 484
Ahmad - 562
Joan - 763
Keaton - 592
Orlando - 314
Celeste - 398
Leland - 609
Karli - 926
Mackenzie - 524
Jerome - 264
Hakeem - 612
Karla - 279
Kaci - 621
Cooper - 706
Earnest - 850
Jeffery - 136
Eli - 363
Maribel - 393
Rex - 663
Akeem - 405
Edith - 560
Jodi - 473
Sierra - 141
Austen - 705
Laurence - 936
Jeromy - 983
Samuel - 45
Pamela - 237
Bryanna - 633
Jody - 986
Denise - 152
Rodney - 180
Mariah - 259
Benny - 714
Keely - 767
Shelbi - 883
Marian - 935
Dean - 286
Keith - 80
Deirdre - 990
Luis - 66
Shelby - 525
Myles - 428
Debbie - 744
Angelia - 501
Jodie - 871
Savanna - 599
Juana - 812
Nickolas - 268
Darlene - 484
Michaela - 311
Teresa - 180
Brooklyn - 911
Ivy - 770
Derick - 412
Kimberley - 666
Aileen - 851
Leanne - 534
Bronson - 687
Leanna - 389
Guillermo - 396
Jimmie - 554
Riley - 827
Diana - 99
Gary - 114
Leonardo - 416
Danica - 639
Kimberlee - 710
Kent - 488
Luke - 118
Alfonso - 423
Brandon - 19
Maegan - 576
Sergio - 161
Lynsey - 987
Joel - 95
Vernon - 489
Kwame - 582
Gavin - 294
Torey - 991
Joey - 352
Keon - 820
Lourdes - 910
Diane - 363
Jacob - 20
Raul - 210
Jasmin - 231
John - 12
Jillian - 122
Emmett - 965
Keri - 388
Howard - 404
Dandre - 747
Shirley - 510
Floyd - 641
Billie - 830
Johanna - 374
Celia - 589
Nelson - 281
Rashaad - 918
Ulysses - 753
Marina - 324
Lizette - 625
Elizabeth - 9
Theodore - 233
Dina - 755
Aja - 940
Selena - 780
Barrett - 696
Virginia - 215
Branden - 300
Cullen - 788
Charmaine - 819
Kristy - 248
Kala - 543
Kevon - 878
Micaela - 811
Clarence - 373
Kali - 445
Constance - 506
Kristi - 269
Richard - 35
Theresa - 196
Annie - 334
Emanuel - 372
Rachelle - 332
Dion - 526
Mckenzie - 490
Cierra - 268
Giovanni - 329
Krista - 145
Keegan - 500
Elsa - 817
Garrett - 99
Trista - 745
Ali - 687
Angelo - 335
Eden - 697
Angela - 52
Isaiah - 206
Kathrine - 781
Kyler - 623
Tracie - 927
Jacklyn - 541
Ashli - 722
Elyse - 526
Allie - 579
Cecelia - 847
Charles - 38
Keisha - 396
Marjorie - 887
Alessandra - 829
Malcom - 873
Ashly - 535
Rasheed - 933
Amy - 38
Brandie - 551
Cayla - 550
Ron - 738
Isaias - 811
Courtney - 356
Eva - 344
Nadia - 395
Makayla - 804
Greggory - 864
Eddy - 925
Craig - 116
Ana - 124
Deja - 747
Roy - 236
Drew - 160
Ann - 251
Coby - 986
Dontae - 735
Cyrus - 829
Weston - 398
Hailey - 293
Kurtis - 410
Jorden - 866
Glenn - 296
Kenisha - 879
Tammy - 450
Jarrell - 981
Christopher - 982
Dominic - 189
Ricardo - 121
Elisabeth - 348
Kylee - 422
Nia - 864
Noah - 228
Tanisha - 385
Kimberly - 31
Jan - 915
Lazaro - 990
Cody - 858
Johnathan - 108
Jay - 217
Bradford - 579
Kara - 110
Selina - 765
Donavan - 803
Blanca - 397
Marissa - 87
Kari - 256
Uriel - 690
Maximilian - 684
Francisco - 115
Karl - 295
Liliana - 369
Dalton - 193
Chelsie - 273
Sabrina - 118
Colten - 619
Bonnie - 380
Mindy - 423
Briana - 109
Allen - 141
Brendon - 451
Kerry - 483
Dena - 966
Demarcus - 442
Sean - 37
Ari - 862
Enrique - 263
Bethany - 107
Sydney - 150
Jarrod - 318
Kerri - 438
Raven - 166
Haley - 108
Kate - 270
Gladys - 530
Fallon - 918
Kati - 878
Vance - 646
Nicolas - 187
Ashton - 365
Dante - 366
Asa - 799
Jory - 998
Misael - 999
Jose - 41
Tremaine - 954
Katy - 514
Angelique - 631
Josh - 700
Kirby - 784
Dallas - 391
Rashawn - 724
Andrea - 40
Deon - 549
Norman - 470
Kylie - 179
Pauline - 756
Lawrence - 174
Tanesha - 809
Paulina - 571
Amir - 608
Noel - 790
Issac - 606
Tommie - 892
Stephan - 406
Clyde - 638
Tobias - 725
Amie - 698
Marianne - 980
Jeanne - 961
Zechariah - 816
Deron - 863
Duncan - 737
Deana - 884
Arthur - 196
Ashlee - 154
Marisa - 255
Everett - 556
Adolfo - 649
Colleen - 160
Xavier - 186
Fabiola - 854
Edna - 950
Carissa - 257
Fiona - 941
Marcelo - 974
Tanner - 220
Tricia - 496
Micheal - 175
Armando - 229
Andres - 203
Heaven - 855
Tarah - 995
Daryl - 440
Andrew - 7
Noe - 541
Diego - 308
Allan - 382
Darien - 841
Kellie - 264
Liam - 605
Ava - 953
Kenny - 432
Harrison - 279
Isamar - 533
Barry - 348
Jazmin - 304
Brandan - 746
Stefan - 367
Catrina - 908
Skyler - 738
Dennis - 129
Derrek - 956
Rhiannon - 672
Geoffrey - 249
Cecil - 664
Andria - 870
Shantel - 499
Abbie - 685
Georgina - 976
Garry - 769
Marvin - 237
Ramon - 250
Vicente - 587
Jordon - 349
Anita - 405
Alton - 704
Jim - 688
Dale - 285
Cristian - 417
Zakary - 884
Marion - 883
Stephen - 39
Lonnie - 508
Amber - 15
Blake - 937
Christy - 284
Jeremey - 982
Danny - 162
Kelley - 308
Zane - 434
Christa - 372
Jarret - 882
Caleb - 88
Ariel - 482
Helena - 948
Gerardo - 254
Luther - 767
Kellen - 658
Annemarie - 996
Carolyn - 169
Savannah - 204
Cole - 248
Tevin - 381
Amos - 739
Dana - 532
Dylan - 83
Laquita - 826
Mason - 208
Dane - 336
Jordyn - 480
Colt - 768
Rosemary - 509
Carrie - 170
Rhett - 842
Athena - 731
Derik - 732
Noemi - 592
Nathalie - 662
Skylar - 563
Kiera - 566
Regina - 281
Lorena - 383
Sade - 569
Bobbi - 766
Ezekiel - 625
Colton - 139
Arsenio - 742
Latonya - 798
Darian - 631
Jayme - 595
Carlton - 425
Jessie - 254
Nathanial - 650
Jarred - 411
Ebony - 187
Keshia - 593
Alicia - 53
Blair - 580
Abbey - 482
Eboni - 794
Devon - 277
Bobby - 185
Chloe - 212
Kasey - 457
Chelsi - 762
Chelsey - 128
Stephon - 591
Mickey - 836
Dillon - 184
Quinn - 517
Ronny - 976
Gloria - 241
Beverly - 521
Ellis - 758
Codie - 930
Prince - 917
Stefanie - 289
Francesco - 834
Jarvis - 435
Chelsea - 24
Jeanette - 280
Antoine - 361
Solomon - 689
Brenna - 418
Marquita - 789
Cora - 852
Joe - 212
Javier - 157
Janessa - 674
Leah - 82
Esther - 286
Jon - 216
Tonya - 365
Melinda - 207
Dara - 882
Arnold - 559
August - 846
Joy - 375
Marquise - 555
Thaddeus - 581
Derek - 54
Dominique - 207
Sam - 395
Lakeisha - 587
Cristal - 518
Paige - 79
Sylvester - 713
Callie - 297
Kiana - 758
Adrian - 603
Jeannette - 772
Kiersten - 620
Hilary - 232
Patrice - 471
Brook - 868
Michele - 244
Lily - 585
Kathryn - 57
Victor - 82
Sylvia - 333
Virgil - 810
Conrad - 621
Jovan - 622
Estevan - 720
Will - 589
Oscar - 135
Gordon - 471
Cori - 705
Tavon - 985
Codey - 800
Chanelle - 925
Lukas - 528
Patrick - 36
Brenden - 518
Laura - 29
Cory - 970
Lamar - 350
Nora - 431
Marisol - 400
Daron - 849
Cornell - 962
Coleman - 787
Pedro - 197
Trenton - 266
Danika - 886
Helen - 320
Dominque - 912
Katherine - 26
Caitlin - 50
Claire - 159
Rickey - 503
Corina - 646
Charlene - 394
Terrell - 282
Dawn - 359
Simon - 379
Darrin - 509
Zachery - 234
Talia - 607
Tameka - 842
Ignacio - 599
Alexandrea - 653
Yesenia - 156
Angel - 174
Parker - 342
Hector - 156
Dave - 924
Chantel - 362
Vaughn - 754
Chase - 110
Ervin - 840
Brian - 27
Coty - 447
Alvin - 331
Tomas - 491
Sheldon - 441
Alfred - 364
Gillian - 825
Antwon - 668
Seth - 102
Brenda - 123
Infant - 434
Carina - 544
Garrick - 636
Cristina - 165
Eunice - 928
Federico - 945
Jaleesa - 655
Kelsi - 495
Eleanor - 598
Julianna - 658
Shaina - 408
Julianne - 444
Conner - 628
Nichole - 151
Martina - 832
Kaylin - 718
Cristopher - 743
Nolan - 302
Jefferson - 710
Ben - 514
Kristine - 238
Arielle - 186
Kaylie - 806
Kristina - 77
Duane - 521
Hali - 994
Alina - 664
Viviana - 667
Kassie - 748
Isabella - 892
Emma - 130
Heath - 461
Deshawn - 481
Nestor - 626
Jerrell - 691
Lisa - 64
Jacqueline - 67
Melina - 833
Kenneth - 52
Darrel - 772
Darren - 200
Jesenia - 962
Owen - 453
Bennett - 674
Jason - 47
Alexandria - 95
Evan - 71
Laci - 784
Shawn - 69
Ladarius - 750
Brooks - 681
Taylor - 64
Johnny - 130
Darius - 152
Breana - 546
Trina - 917
Leonel - 617
Martell - 975
Brooke - 70
Dionte - 970
Carey - 858
Maricela - 583
Hans - 745
Melvin - 278
Tucker - 475
Phoebe - 872
Wade - 323
Malcolm - 241
Laken - 954
Annette - 513
Sofia - 645
Stewart - 593
Terrance - 235
Eliza - 558
Jaimie - 507
Breann - 775
Lisette - 944
Nathaniel - 86
Henry - 138
Myra - 701
Kelsie - 321
Grant - 183
Kaylee - 234
Zachary - 22
Shaun - 224
Kanesha - 951
Sandy - 379
Lacy - 355
Lillian - 366
Mariela - 821
Dominick - 393
Korey - 436
Mitchel - 572
Jaquan - 755
Isiah - 433
Juanita - 529
Jesica - 930
Araceli - 556
Haleigh - 960
Joanna - 138
Joanne - 561
Dexter - 376
Leon - 390
Lincoln - 855
Mohamed - 740
Conor - 459
Clint - 375
Mathew - 148
Lena - 528
Gretchen - 626
Freddie - 574
Santiago - 563
Aric - 693
Gabriela - 182
Domonique - 699
Sara - 34
Kody - 304
Spenser - 686
Chaim - 893
Rory - 513
Edwin - 170
Kelsey - 729
Rose - 307
Antonio - 77
Rosa - 242
Elena - 353
Marques - 813
Bruno - 993
Talon - 929
Kasandra - 670
Jaimee - 874
Marquez - 874
Trent - 253
Ross - 190
Ivana - 849
Anjelica - 923
Kelsea - 779
Kendal - 887
Harold - 324
Ashleigh - 178
Roman - 374
Ivette - 859
Whitley - 549
Mykel - 869
Reuben - 583
Peter - 74
Rashad - 355
Khiry - 648
Martika - 757
Aidan - 889
Collin - 239
Chris - 449
Albert - 167
Liza - 890
Heather - 19
Saul - 409
Bobbie - 638
Shanell - 920
Alice - 347
Torrey - 977
Nicholas - 14
Chantal - 552
Walker - 845
Elise - 265
Elisa - 421
Jalisa - 446
Kai - 928
Vicky - 945
Andy - 275
Antonia - 661
Gianna - 863
Adrianna - 325
Dustin - 50
Adrianne - 783
Philip - 111
Demetrius - 290
Connie - 483
Marquis - 258
Tyron - 716
Payton - 895
Felisha - 774
Ezra - 763
Jamarcus - 812
Rikki - 824
Darion - 859
Tracy - 516
Anderson - 881
Aron - 600
Trace - 978
Peggy - 1000
Camille - 243
Yolanda - 391
Blaine - 400
Desirae - 481
Traci - 475
Destiny - 202
Alesha - 695
Ralph - 385
Deangelo - 454
Elvis - 718
Elvin - 935
Unknown - 741
Ivan - 178
Giselle - 706
Symone - 822
Brittny - 591
Kaila - 435
Levi - 182
Lane - 558
Lana - 808
Monte - 901
Tamara - 209
Ibrahim - 877
Russell - 142
Mariana - 508
Ken - 857
Britton - 938
Bernard - 430
Iliana - 740
Georgia - 717
Debra - 453
Tracey - 492
Miranda - 112
Marco - 226
Abraham - 246
Guadalupe - 611
Eduardo - 149
Carmen - 217
Kortney - 676
Tristan - 330
Humberto - 512
Luisa - 968
Lizeth - 967
Monique - 132
Maira - 800
Lionel - 665
Lynette - 820
Dorothy - 426
Brittni - 357
Kaylyn - 677
Mitchell - 93
Justen - 726
Daphne - 764
Alison - 133
Marsha - 964
Precious - 452
Nicolette - 511
Daniela - 381
Barbara - 210
Kimber - 985
Brennen - 899
Lloyd - 490
Desiree - 125
Antony - 832
Bryon - 708
Wesley - 107
Charlotte - 287
Isaac - 132
Eric - 24
Jakob - 578
Jesse - 648
Connor - 221
Elliot - 369
Jessi - 916
Tommy - 270
Erik - 96
Mario - 119
Trisha - 305
Chasity - 373
Erin - 654
Jackie - 629
Kori - 793
Jessy - 760
Lara - 538
Staci - 439
Clay - 444
Kia - 860
Noelle - 463
Jeremiah - 154
William - 16
Amanda - 4
Beatrice - 720
Kim - 788
Marie - 213
Stacy - 822
Santos - 748
Lindsey - 51
Lauryn - 700
Maria - 47
Timothy - 30
Brennan - 383
Claudia - 199
Lamont - 571
Alissa - 276
Aubrey - 711
Michel - 894
Nathanael - 523
Latasha - 360
Alexia - 557
Anne - 155
Salvatore - 567
Anna - 45
Willie - 222
Alexis - 334
Latoya - 253
Darryl - 255
Kristian - 628
Brandy - 137
Kory - 386
Tyrone - 260
Rolando - 497
Bruce - 240
Tabitha - 164
Cassidy - 922
Samatha - 880
Willis - 815
Brandi - 103
Juan - 61
Elaine - 409
Bernadette - 735
Lacey - 148
Elaina - 814
Teddy - 794
Raymundo - 826
Melissa - 20
Natasha - 105
Katelynn - 378
Cecilia - 326
Mandy - 467
Rakeem - 942
Nikko - 904
Kaela - 807
Karen - 120
Moses - 588
Steven - 25
Tina - 240
Cheyenne - 330
Destinee - 845
Nikki - 282
Lindsay - 69
Cortney - 931
Avery - 797
Christin - 615
Shakira - 888
Pierre - 495
Christie - 436
Shantell - 991
Chad - 85
Hassan - 733
Joyce - 479
Jesus - 90
Shauna - 364
Mandi - 876
Lacie - 642
Kaitlynn - 654
Marla - 805
Madelyn - 733
Chaz - 448
Alisha - 135
Kendra - 117
Judy - 575
Pete - 782
Ethan - 58
Melisa - 777
Terrence - 256
Leticia - 340
Chance - 316
Cornelius - 487
Steve - 267
Tatiana - 283
Edwardo - 987
Catalina - 956
Corey - 671
Octavia - 618
Peyton - 947
Jayson - 499
Shannon - 429
Titus - 879
Octavio - 695
Angelica - 119
Alysa - 900
Roosevelt - 856
Lizbeth - 629
Chanel - 419
Alyse - 816
Nataly - 913
Louie - 844
Wallace - 905
Keven - 984
Eugene - 312
Christen - 650
Stevie - 802
Louis - 168
Danielle - 18
Sasha - 198
Bradley - 65
Elyssa - 983
Beau - 337
Elias - 360
Hayley - 267
Daniella - 500
Brandyn - 807
Nikolas - 472
Earl - 403
Justin - 9
Jeffrey - 43
Moshe - 702
Walter - 191
Giancarlo - 911
Ahmed - 721
Shelly - 565
Katheryn - 906
Demetria - 885
Cecily - 574
Ricky - 176
Nigel - 573
Ruben - 177
Ted - 642
Roland - 505
Trey - 345
Isidro - 913
Griffin - 601
Bryce - 169
Linsey - 993
Kristyn - 520
Jacques - 797
Cordell - 749
Iris - 417
Dusty - 643
Sherri - 921
Janae - 502
Camron - 762
Kassandra - 312
Sherry - 581
Mikayla - 711
Trevon - 843
Lauren - 10
Rocco - 870
Laurel - 532
Shelton - 814
Julius - 402
Emerson - 906
Janay - 719
Malik - 557
Mike - 507
Bill - 992
Dora - 975
Andreas - 897
Braxton - 715
Trevor - 76
Laron - 868
Jameson - 661
Raheem - 771
Fidel - 804
Abby - 222
Paul - 49
Shanice - 727
Glen - 464
Nicole - 13
Heidi - 200
Garret - 506
Javon - 535
Alanna - 474
Khalil - 852
Tia - 303
Bo - 602
Latifah - 702
Gerard - 527
Fernando - 179
Roxana - 686
Eryn - 972
Josef - 786
Jackson - 319
Marilyn - 432
Cameron - 675
Miguel - 101
Brad - 362
Brittney - 44
Perry - 455
Tess - 573
Jerad - 851
Bridgett - 839
Ernest - 283
Kaleb - 305
Janel - 965
Brant - 775
Kaley - 601
Janet - 223
Bianca - 84
Monika - 785
Tera - 891
Benjamin - 33
Demario - 667
Teri - 838
Laurie - 649
Cherie - 865
Abel - 384
Jerica - 729
Irma - 683
Angelina - 261
Gregory - 51
Edward - 68
Westley - 734
Asha - 997
Moriah - 801
Larry - 144
Jaclyn - 143
Antoinette - 354
Shante - 612
Ingrid - 737
Cindy - 185
Micah - 907
Brett - 84
Holden - 756
Baby - 861
Brittnee - 713
Ciera - 443
Myron - 679
Ryan - 525
Casey - 106
Asia - 299
Maurice - 205
Kendall - 404
Juliana - 427
Carlos - 75
Darrick - 818
Bret - 418
Zackery - 419
Josie - 619
Julio - 195
Alonzo - 476
Macy - 641
Bree - 938
Pierce - 891
Janie - 668
George - 79
Kelvin - 288
Sammy - 586
Jered - 926
Johnnie - 561
Gwendolyn - 679
Shanna - 430
Jerel - 860
Kalie - 931
Tessa - 290
Pablo - 357
Rocky - 657
Forrest - 420
Guy - 565
Spencer - 105
Clayton - 153
Troy - 128
Tom - 692
Natalie - 63
Kaitlyn - 78
Natalia - 478
Leslie - 585
Dianna - 594
Jamison - 662
Katelin - 567
Preston - 198
Jamaal - 670
Betsy - 739
Corbin - 426
Brittany - 996
Candace - 142
Yasmin - 680
Jarod - 634
Rodolfo - 401
Shaniqua - 327
Garett - 912
Brittani - 230
Jaron - 496
Tara - 85
Maggie - 288
Jimmy - 171
Deidra - 840
Deidre - 971
Betty - 577
Hollie - 609
Brittnie - 843
Alfredo - 272
Harley - 590
Julia - 83
Trever - 752
Julie - 93
Lorenzo - 309
Alycia - 524
Deonte - 615
Hope - 266
Graham - 397
Maxwell - 188
Brady - 315
Belinda - 624
Dorian - 520
Samir - 948
Derrell - 900
Tate - 1000
Kristoffer - 989
Katlin - 627
Audrey - 161
Ulises - 798
Moises - 467
Emilie - 616
Janna - 836
Brent - 127
Emilia - 984
April - 73
Elijah - 243
Delia - 810
Monica - 76
Tiffanie - 691
Carlie - 924
Travon - 853
Rachael - 111
Emilio - 438
Madison - 847
Margarita - 459
Sheena - 470
Dayna - 640
Rebecca - 21
Otis - 697
Rigoberto - 640
Rubi - 734
Ezequiel - 765
Latisha - 493
Darwin - 910
Simone - 346
Jessika - 600
Abdul - 934
Sherman - 793
Ruby - 291
Kayleigh - 414
Phylicia - 787
Hayden - 378
Dwayne - 307
Demarco - 801
Lea - 516
Faith - 295
Stefani - 741
Lee - 955
Suzanne - 370
Felicia - 121
Edmund - 819
Kristin - 65
Valerie - 129
Bryson - 550
Leann - 693
Leo - 477
Wilfredo - 759
Yadira - 635
Valeria - 681
Rocio - 548
Leroy - 443
Ariana - 227
Drake - 538
Houston - 728
Franklin - 298
Yvonne - 371
Zackary - 333
Kristie - 376
Beth - 392
Irvin - 613
Male - 701
Ericka - 356
Carley - 761
Kraig - 973
Landon - 326
Marlene - 390
Emily - 12
Aurora - 716
Marlena - 969
Osvaldo - 639
Remington - 927
Rudy - 388
Becky - 862
Byron - 265
Hunter - 219
Evelyn - 220
Gilberto - 431
Anton - 603
Emilee - 588
Alexa - 146
Kaycee - 846
Jazmine - 301
Rochelle - 377
Logan - 610
Kayla - 14
Keenen - 988
Joseph - 10
Melody - 314
Jamila - 835
Charity - 458
Adrienne - 233
Edgar - 143
Geneva - 848
Adriana - 144
Sharon - 274
Marcia - 901
Aaron - 34
Katharine - 401
Cedrick - 828
Jessenia - 909
Sarai - 881
Sarah - 6
Jenifer - 623
Kelby - 932
Josephine - 437
Graciela - 977
Mayra - 195
Kirsten - 157
Sophie - 606
Kanisha - 714
Lia - 952
Joaquin - 598
Martin - 113
Alana - 368
Olivia - 72
Leandra - 803
Bradly - 635
Kristen - 42
Hillary - 192
Sonny - 651
Ryne - 624
Caitlyn - 183
Zachariah - 327
Sophia - 250
Kiefer - 854
Scott - 53
Cassondra - 724
Jennifer - 8
Patricia - 97
Curtis - 120
Sheila - 413
Deontae - 979
Shanae - 690
Antwan - 534
Maranda - 596
Lesley - 539
Chadwick - 594
Erica - 36
Ismael - 413
Martha - 229
Erich - 719
Harry - 370
Erick - 223
Ty - 437
Keenan - 392
Fred - 498
Jerrica - 608
Latrice - 749
Miles - 269
Wanda - 981
Cheryl - 415
Markus - 501
Jerry - 147
Marcel - 560
Randall - 192
Ernesto - 310
Jennie - 584
Crystal - 39
Marc - 163
Darrell - 245
Sterling - 463
Clara - 522
Mara - 540
Mark - 46
Irene - 387
Clare - 657
Hanna - 342
Galen - 766
Linda - 175
Jerod - 780
Sonia - 315
Mari - 933
Warren - 340
Yessenia - 663
Stanley - 313
Clark - 537
Scotty - 727
Martez - 785
Mary - 35
Vincent - 78
Madeleine - 578
Herman - 637
Oliver - 371
Kirstin - 564
Paola - 665
Jeffry - 946
Kristan - 958
Mollie - 462
Jean - 771
Sonja - 828
Kirstie - 457
Jeremy - 40
Fabian - 325
Kristal - 692
Josue - 292
Daquan - 709
Sandra - 134
Michelle - 22
Shari - 943
Allyssa - 709
Kalyn - 850
Deanna - 158
Gregg - 914
Gerald - 211
Tyrel - 961
Francis - 284
Dejuan - 790
Tyree - 564
Dwight - 446
Cassie - 228
Shelley - 703
Tamika - 572
Roderick - 387
Kalvin - 940
Kenton - 867
Axel - 898
Tiffani - 456
Jenna - 81
Fatima - 622
Kaitlin - 101
Roxanna - 899
Clifford - 346
Wendy - 205
Roxanne - 336
Tiffany - 23
Dashawn - 731
Lora - 768
Jenny - 214
Jill - 329
Lori - 323
Sonya - 512
Aimee - 272
Jolene - 795
Raphael - 465
Casandra - 407
Bridgette - 440
Darnell - 353
Carol - 350
Amelia - 194
Jonathan - 17
Rodrigo - 511
Maura - 644
Kathleen - 92
Reggie - 943
Chaya - 894
Kelly - 351
Braden - 485
Dan - 660
Kristofer - 543
Anabel - 746
Anastasia - 382
Krysta - 707
Liana - 799
Marcos - 273
Jeff - 644
Katrina - 127
Irving - 685
Shanika - 728
Kelli - 181
Shane - 73
Britni - 611
Grace - 140
Alisa - 460
Katlyn - 343
Rebekah - 149
Allyson - 236
Angie - 586
Erika - 74
Robert - 13
Maya - 399
Candy - 949
Carly - 163
Kyla - 428
Meghan - 91
Larissa - 403
Nico - 620
Skye - 689
Kyle - 823
Autumn - 177
Nick - 671
Royce - 703
Marshall - 280
Portia - 844
Derrick - 106
Kiley - 753
Britny - 723
Olga - 786
Nikita - 660
Maureen - 497
Broderick - 890
Isabel - 339
Raymond - 92
Princess - 760
Genaro - 994
Karissa - 313
Tabatha - 416
Lydia - 206
Jerald - 809
Vivian - 448
Brice - 529
Grady - 774
Rodrick - 827
Jace - 552
Gonzalo - 770
Jack - 166
Jaqueline - 791
Bailey - 226
Naomi - 300
Anthony - 15
Kierra - 433
Carlo - 838
Justine - 972
Tayler - 708
Ashely - 632
Justina - 536
Luz - 604
Carla - 263
Lewis - 399
Genesis - 590
Jerrod - 568
Kendell - 909
Shana - 349
Silvia - 613
Lashonda - 893
Samantha - 5
Mikhail - 967
Carter - 551
Ellen - 208
Toby - 577
Terence - 452
Alannah - 936
Phillip - 81
Kyra - 570
Bryant - 204
Rhonda - 605
Ruth - 306
Wayne - 242
Quinton - 297
Cherish - 992
Devin - 316
Jada - 998
Jade - 830
Richelle - 898
Kiara - 171
Christine - 62
Maryann - 902
Quincy - 502
Chantelle - 721
Gabrielle - 98
Alyson - 358
Gabriella - 292
Niko - 777
Donnie - 545
Kandace - 751
Abigail - 90
Marlin - 966
Randy - 131
Neal - 460
Agustin - 627
Magdalena - 919
Kenya - 614
Jena - 562
Ronald - 97
Randi - 338
Lyndsey - 384
Stephany - 442
Norma - 494
Israel - 317
Loren - 630
Todd - 158
Milton - 566
Christina - 25
Brendan - 155
Ronnie - 262
Janelle - 258
Dulce - 903
Manuel - 134
Julissa - 776
Lester - 632
Tania - 489
Kallie - 942
Eddie - 232
Cathy - 914
Chandler - 486
Randolph - 672
Frances - 351
Susanna - 857
Janell - 866
Aisha - 568
Felipe - 427
Alyssa - 27
Mallory - 162
Marcus - 72
Deven - 730
Corrine - 877
Darin - 530
Dario - 783
Danae - 974
Alexander - 873
Beatriz - 472
Jake - 140
Elton - 964
Reginald - 230
Jess - 694
Rick - 510
Dewayne - 647
Jamal - 247
Tosha - 979
Genevieve - 485
Reece - 791
Jamar - 421
Diamond - 429
Nina - 260
Damien - 332
Madeline - 197
Davon - 479
Timmy - 871
Ashlie - 476
Brody - 796
Jonathon - 124
Frankie - 494
Jorge - 117
Devan - 669
Jami - 519
Kareem - 575
Leonard - 291
Brittanie - 553
Neil - 261
Eileen - 464
Rebeca - 725
Mychal - 825
Don - 553
Donta - 903
Darrius - 569
Rico - 584
Annmarie - 973
Victoria - 33
Donte - 424
Karina - 189
Arturo - 259
Nikole - 837
Tyrell - 450
India - 488
Daren - 886
Douglas - 103
Mai - 796
Mikaela - 773
Terri - 554
Daisy - 193
Gabriel - 904
Robin - 595
Miriam - 285
Dangelo - 839
Malachi - 959
Terra - 630
Deandre - 276
Judith - 454
Max - 172
Krysten - 841
Darcy - 782
Gilbert - 341
Shay - 960
Alysha - 410
Margaret - 102
Felix - 368
Janine - 659
Wyatt - 408
Jamel - 519
Cade - 885
Colin - 122
James - 8
Alysia - 643
Allison - 48
Jana - 545
Renae - 988
Jane - 345
Rudolph - 848
Kurt - 274
Brock - 257
Vince - 888
Sally - 449
Damian - 322
Magen - 875
Ashley - 656
Dakota - 597
Bernardo - 764
Frank - 109
Tony - 146
Brittaney - 688
Chauncey - 952
Molly - 80
Freddy - 542
Alberto - 225
Salvador - 293
Tyler - 537
Davis - 597
Britany - 491
Lissette - 897
Taryn - 335
Morris - 761
Christiana - 831
Cortez - 533
Arlene - 682
Alan - 125
Meagan - 126
Carolina - 302
Sidney - 922
Caroline - 116
Clinton - 201
Toni - 275
Davin - 969
Rogelio - 439
Herbert - 531
Breanna - 113
David - 6
Cedric - 377
Breanne - 498
Marlon - 458
Desmond - 287
Fredrick - 468
Krystal - 104
Iesha - 732
Britney - 136
Donnell - 652
Quentin - 338
Dayton - 876
Jamie - 227
Wendell - 680
Jonah - 653
Jamil - 744
Donny - 980
Johnathon - 251
Jonas - 776
Elissa - 743
Raquel - 239
Vanessa - 56
Donna - 317
Alvaro - 576
Wilson - 480
Lucas - 112
Heriberto - 682
Kolby - 821
Andre - 137
Whitney - 60
Shea - 856
Christian - 319
Lyndsay - 715
Paris - 659
Valentin - 902
Melanie - 86
Tory - 666
Aldo - 792
Joana - 905
Kailey - 602
Danyelle - 946
Winston - 596
Gina - 139
Reed - 655
Lucia - 582
Channing - 951
Joann - 684
Joshua - 4
Camden - 955
Alex - 802
Mia - 341
Arianna - 411
Catherine - 71
Lorraine - 656
Lakeshia - 896
Imani - 929
Bridget - 191
Tasha - 246
Tori - 466
Alec - 271
Chastity - 915
Ian - 70
Matthew - 3
Benito - 795
Julien - 953
Brenton - 469
Roberta - 939
Addison - 645
Randal - 722
Emmanuel - 218
Susana - 555
Tiera - 769
Tylor - 546
Colby - 244
Alonso - 805
Denzel - 445
Samson - 919
Thomas - 26
Gino - 789
Stacey - 875
Cale - 921
Kandice - 752
Megan - 11
Jasper - 614
Calvin - 173
Travis - 42
Tanya - 252
Mauricio - 547
Gregorio - 808
Gustavo - 343
Reid - 544
Omar - 159
Stacie - 420
Leigh - 469
Edgardo - 779
Yvette - 361
Misty - 278
Priscilla - 167
Damon - 321
Hernan - 939
Clifton - 473
Kameron - 462
Kendrick - 339
Krystle - 461
Julian - 123
Carson - 456
Krystin - 932
Cassandra - 49
Terry - 164
Nancy - 131
Greg - 712
Marisela - 617
Jasmine - 28
Susan - 172
Meaghan - 367
Kristopher - 165
Jessica - 865
Shameka - 989
Kadeem - 540
Ramiro - 478
Billy - 214
Jarrett - 380
Marcella - 759
Janice - 477
Hannah - 30
Renee - 184
Hugh - 736
Maritza - 486
Reese - 896
Hugo - 415
Harvey - 707
Sebastian - 320
Tierra - 352
Alma - 386
Kathy - 503
Van - 880
Jocelyn - 219
Chrystal - 696
Lucero - 867
Elisha - 957
Damion - 675
Robbie - 751
Katie - 55
Gene - 618
Stephanie - 7
Jermaine - 306
Antione - 937
Ashlyn - 559
Leeann - 813
Frederick - 252
Rita - 547
Donovan - 299
Geraldine - 947
Carl - 145
Cari - 959
Esteban - 414
Katelyn - 75
Cara - 235
Loretta - 934
Racheal - 637
Reynaldo - 536
Leila - 999
Jabari - 907
Alexandre - 950
Jaime - 310
German - 616
Kegan - 916
Tiara - 245
Alexandra - 37
Mercedes - 176
Porsha - 736
Alexandro - 837
Nathan - 44
Candice - 147
Hallie - 778
Cruz - 717
Esmeralda - 425
Cary - 817
Laquan - 824
Roger - 209
Doris - 853
Celina - 704
Mohammed - 678
Rene - 303
Kacey - 651
Quinten - 861
Audra - 673
Mikel - 757
Gage - 359
Josiah - 354
Eliseo - 963
Clarissa - 322
Alejandro - 126
Janette - 634
Summer - 271
Jared - 63
Jacquelyn - 221
Kourtney - 402
Chandra - 742
Perla - 636
Silas - 968
Alaina - 441
Adan - 548
Najee - 941
Adam - 32
Roberto - 150
Deborah - 262
Zoe - 504
Alejandra - 211
Brianna - 61
Lyle - 633
Brianne - 318
Efren - 773
Lance - 181
Kacie - 517
Krystina - 754
Claude - 833
Robyn - 309
Donald - 87
Tiana - 424
Nadine - 694
Ayla - 818
Shawna - 249
Joelle - 792
Shamika - 978
Grayson - 669
Bennie - 872
Rachel - 16
Ciara - 294
Quintin - 504
Sadie - 455
Mohammad - 604
Jairo - 677
Meredith - 190
Griselda - 730
Garrison - 958
Stuart - 344
Eliezer - 997
Wilbert - 944
Veronica - 96
Tianna - 712
Lucy - 451
Cesar - 199
Serena - 505
Valencia - 815
Abram - 920